running egg_info
creating ../../build/bfmc_hardware/bfmc_hardware.egg-info
writing ../../build/bfmc_hardware/bfmc_hardware.egg-info/PKG-INFO
writing dependency_links to ../../build/bfmc_hardware/bfmc_hardware.egg-info/dependency_links.txt
writing entry points to ../../build/bfmc_hardware/bfmc_hardware.egg-info/entry_points.txt
writing requirements to ../../build/bfmc_hardware/bfmc_hardware.egg-info/requires.txt
writing top-level names to ../../build/bfmc_hardware/bfmc_hardware.egg-info/top_level.txt
writing manifest file '../../build/bfmc_hardware/bfmc_hardware.egg-info/SOURCES.txt'
reading manifest file '../../build/bfmc_hardware/bfmc_hardware.egg-info/SOURCES.txt'
writing manifest file '../../build/bfmc_hardware/bfmc_hardware.egg-info/SOURCES.txt'
running build
running build_py
creating /home/kyrgios/Documents/bfmc_ws/build/bfmc_hardware/build
creating /home/kyrgios/Documents/bfmc_ws/build/bfmc_hardware/build/lib
creating /home/kyrgios/Documents/bfmc_ws/build/bfmc_hardware/build/lib/bfmc_hardware
copying bfmc_hardware/serial_node.py -> /home/kyrgios/Documents/bfmc_ws/build/bfmc_hardware/build/lib/bfmc_hardware
copying bfmc_hardware/camera_node.py -> /home/kyrgios/Documents/bfmc_ws/build/bfmc_hardware/build/lib/bfmc_hardware
copying bfmc_hardware/__init__.py -> /home/kyrgios/Documents/bfmc_ws/build/bfmc_hardware/build/lib/bfmc_hardware
running install
running install_lib
creating /home/kyrgios/Documents/bfmc_ws/install/bfmc_hardware/lib/python3.10/site-packages/bfmc_hardware
copying /home/kyrgios/Documents/bfmc_ws/build/bfmc_hardware/build/lib/bfmc_hardware/serial_node.py -> /home/kyrgios/Documents/bfmc_ws/install/bfmc_hardware/lib/python3.10/site-packages/bfmc_hardware
copying /home/kyrgios/Documents/bfmc_ws/build/bfmc_hardware/build/lib/bfmc_hardware/camera_node.py -> /home/kyrgios/Documents/bfmc_ws/install/bfmc_hardware/lib/python3.10/site-packages/bfmc_hardware
copying /home/kyrgios/Documents/bfmc_ws/build/bfmc_hardware/build/lib/bfmc_hardware/__init__.py -> /home/kyrgios/Documents/bfmc_ws/install/bfmc_hardware/lib/python3.10/site-packages/bfmc_hardware
byte-compiling /home/kyrgios/Documents/bfmc_ws/install/bfmc_hardware/lib/python3.10/site-packages/bfmc_hardware/serial_node.py to serial_node.cpython-310.pyc
byte-compiling /home/kyrgios/Documents/bfmc_ws/install/bfmc_hardware/lib/python3.10/site-packages/bfmc_hardware/camera_node.py to camera_node.cpython-310.pyc
byte-compiling /home/kyrgios/Documents/bfmc_ws/install/bfmc_hardware/lib/python3.10/site-packages/bfmc_hardware/__init__.py to __init__.cpython-310.pyc
running install_data
creating /home/kyrgios/Documents/bfmc_ws/install/bfmc_hardware/share/ament_index
creating /home/kyrgios/Documents/bfmc_ws/install/bfmc_hardware/share/ament_index/resource_index
creating /home/kyrgios/Documents/bfmc_ws/install/bfmc_hardware/share/ament_index/resource_index/packages
copying resource/bfmc_hardware -> /home/kyrgios/Documents/bfmc_ws/install/bfmc_hardware/share/ament_index/resource_index/packages
copying package.xml -> /home/kyrgios/Documents/bfmc_ws/install/bfmc_hardware/share/bfmc_hardware
running install_egg_info
Copying ../../build/bfmc_hardware/bfmc_hardware.egg-info to /home/kyrgios/Documents/bfmc_ws/install/bfmc_hardware/lib/python3.10/site-packages/bfmc_hardware-0.0.0-py3.10.egg-info
running install_scripts
Installing camera_node script to /home/kyrgios/Documents/bfmc_ws/install/bfmc_hardware/lib/bfmc_hardware
Installing serial_node script to /home/kyrgios/Documents/bfmc_ws/install/bfmc_hardware/lib/bfmc_hardware
writing list of installed files to '/home/kyrgios/Documents/bfmc_ws/build/bfmc_hardware/install.log'
