[0.710s] Invoking command in '/home/kyrgios/Documents/bfmc_ws/src/bfmc_hardware': PYTHONPATH=/home/kyrgios/Documents/bfmc_ws/build/bfmc_hardware/prefix_override:/usr/lib/python3/dist-packages/colcon_core/task/python/colcon_distutils_commands:/home/kyrgios/Documents/bfmc_ws/install/bfmc_hardware/lib/python3.10/site-packages:${PYTHONPATH} /usr/bin/python3 -W ignore:setup.py install is deprecated -W ignore:easy_install command is deprecated setup.py egg_info --egg-base ../../build/bfmc_hardware build --build-base /home/kyrgios/Documents/bfmc_ws/build/bfmc_hardware/build install --record /home/kyrgios/Documents/bfmc_ws/build/bfmc_hardware/install.log --single-version-externally-managed install_data
[0.891s] running egg_info
[0.892s] creating ../../build/bfmc_hardware/bfmc_hardware.egg-info
[0.892s] writing ../../build/bfmc_hardware/bfmc_hardware.egg-info/PKG-INFO
[0.892s] writing dependency_links to ../../build/bfmc_hardware/bfmc_hardware.egg-info/dependency_links.txt
[0.892s] writing entry points to ../../build/bfmc_hardware/bfmc_hardware.egg-info/entry_points.txt
[0.892s] writing requirements to ../../build/bfmc_hardware/bfmc_hardware.egg-info/requires.txt
[0.892s] writing top-level names to ../../build/bfmc_hardware/bfmc_hardware.egg-info/top_level.txt
[0.892s] writing manifest file '../../build/bfmc_hardware/bfmc_hardware.egg-info/SOURCES.txt'
[0.893s] reading manifest file '../../build/bfmc_hardware/bfmc_hardware.egg-info/SOURCES.txt'
[0.893s] writing manifest file '../../build/bfmc_hardware/bfmc_hardware.egg-info/SOURCES.txt'
[0.893s] running build
[0.893s] running build_py
[0.894s] creating /home/kyrgios/Documents/bfmc_ws/build/bfmc_hardware/build
[0.894s] creating /home/kyrgios/Documents/bfmc_ws/build/bfmc_hardware/build/lib
[0.894s] creating /home/kyrgios/Documents/bfmc_ws/build/bfmc_hardware/build/lib/bfmc_hardware
[0.894s] copying bfmc_hardware/serial_node.py -> /home/kyrgios/Documents/bfmc_ws/build/bfmc_hardware/build/lib/bfmc_hardware
[0.894s] copying bfmc_hardware/camera_node.py -> /home/kyrgios/Documents/bfmc_ws/build/bfmc_hardware/build/lib/bfmc_hardware
[0.894s] copying bfmc_hardware/__init__.py -> /home/kyrgios/Documents/bfmc_ws/build/bfmc_hardware/build/lib/bfmc_hardware
[0.894s] running install
[0.894s] running install_lib
[0.895s] creating /home/kyrgios/Documents/bfmc_ws/install/bfmc_hardware/lib/python3.10/site-packages/bfmc_hardware
[0.895s] copying /home/kyrgios/Documents/bfmc_ws/build/bfmc_hardware/build/lib/bfmc_hardware/serial_node.py -> /home/kyrgios/Documents/bfmc_ws/install/bfmc_hardware/lib/python3.10/site-packages/bfmc_hardware
[0.896s] copying /home/kyrgios/Documents/bfmc_ws/build/bfmc_hardware/build/lib/bfmc_hardware/camera_node.py -> /home/kyrgios/Documents/bfmc_ws/install/bfmc_hardware/lib/python3.10/site-packages/bfmc_hardware
[0.896s] copying /home/kyrgios/Documents/bfmc_ws/build/bfmc_hardware/build/lib/bfmc_hardware/__init__.py -> /home/kyrgios/Documents/bfmc_ws/install/bfmc_hardware/lib/python3.10/site-packages/bfmc_hardware
[0.896s] byte-compiling /home/kyrgios/Documents/bfmc_ws/install/bfmc_hardware/lib/python3.10/site-packages/bfmc_hardware/serial_node.py to serial_node.cpython-310.pyc
[0.897s] byte-compiling /home/kyrgios/Documents/bfmc_ws/install/bfmc_hardware/lib/python3.10/site-packages/bfmc_hardware/camera_node.py to camera_node.cpython-310.pyc
[0.897s] byte-compiling /home/kyrgios/Documents/bfmc_ws/install/bfmc_hardware/lib/python3.10/site-packages/bfmc_hardware/__init__.py to __init__.cpython-310.pyc
[0.897s] running install_data
[0.897s] creating /home/kyrgios/Documents/bfmc_ws/install/bfmc_hardware/share/ament_index
[0.897s] creating /home/kyrgios/Documents/bfmc_ws/install/bfmc_hardware/share/ament_index/resource_index
[0.897s] creating /home/kyrgios/Documents/bfmc_ws/install/bfmc_hardware/share/ament_index/resource_index/packages
[0.897s] copying resource/bfmc_hardware -> /home/kyrgios/Documents/bfmc_ws/install/bfmc_hardware/share/ament_index/resource_index/packages
[0.897s] copying package.xml -> /home/kyrgios/Documents/bfmc_ws/install/bfmc_hardware/share/bfmc_hardware
[0.897s] running install_egg_info
[0.899s] Copying ../../build/bfmc_hardware/bfmc_hardware.egg-info to /home/kyrgios/Documents/bfmc_ws/install/bfmc_hardware/lib/python3.10/site-packages/bfmc_hardware-0.0.0-py3.10.egg-info
[0.900s] running install_scripts
[0.915s] Installing camera_node script to /home/kyrgios/Documents/bfmc_ws/install/bfmc_hardware/lib/bfmc_hardware
[0.915s] Installing serial_node script to /home/kyrgios/Documents/bfmc_ws/install/bfmc_hardware/lib/bfmc_hardware
[0.915s] writing list of installed files to '/home/kyrgios/Documents/bfmc_ws/build/bfmc_hardware/install.log'
[0.939s] Invoked command in '/home/kyrgios/Documents/bfmc_ws/src/bfmc_hardware' returned '0': PYTHONPATH=/home/kyrgios/Documents/bfmc_ws/build/bfmc_hardware/prefix_override:/usr/lib/python3/dist-packages/colcon_core/task/python/colcon_distutils_commands:/home/kyrgios/Documents/bfmc_ws/install/bfmc_hardware/lib/python3.10/site-packages:${PYTHONPATH} /usr/bin/python3 -W ignore:setup.py install is deprecated -W ignore:easy_install command is deprecated setup.py egg_info --egg-base ../../build/bfmc_hardware build --build-base /home/kyrgios/Documents/bfmc_ws/build/bfmc_hardware/build install --record /home/kyrgios/Documents/bfmc_ws/build/bfmc_hardware/install.log --single-version-externally-managed install_data
