running egg_info
creating ../../build/bfmc_launch/bfmc_launch.egg-info
writing ../../build/bfmc_launch/bfmc_launch.egg-info/PKG-INFO
writing dependency_links to ../../build/bfmc_launch/bfmc_launch.egg-info/dependency_links.txt
writing entry points to ../../build/bfmc_launch/bfmc_launch.egg-info/entry_points.txt
writing requirements to ../../build/bfmc_launch/bfmc_launch.egg-info/requires.txt
writing top-level names to ../../build/bfmc_launch/bfmc_launch.egg-info/top_level.txt
writing manifest file '../../build/bfmc_launch/bfmc_launch.egg-info/SOURCES.txt'
reading manifest file '../../build/bfmc_launch/bfmc_launch.egg-info/SOURCES.txt'
writing manifest file '../../build/bfmc_launch/bfmc_launch.egg-info/SOURCES.txt'
running build
running build_py
creating /home/kyrgios/Documents/bfmc_ws/build/bfmc_launch/build
creating /home/kyrgios/Documents/bfmc_ws/build/bfmc_launch/build/lib
creating /home/kyrgios/Documents/bfmc_ws/build/bfmc_launch/build/lib/bfmc_launch
copying bfmc_launch/__init__.py -> /home/kyrgios/Documents/bfmc_ws/build/bfmc_launch/build/lib/bfmc_launch
running install
running install_lib
creating /home/kyrgios/Documents/bfmc_ws/install/bfmc_launch/lib/python3.10/site-packages/bfmc_launch
copying /home/kyrgios/Documents/bfmc_ws/build/bfmc_launch/build/lib/bfmc_launch/__init__.py -> /home/kyrgios/Documents/bfmc_ws/install/bfmc_launch/lib/python3.10/site-packages/bfmc_launch
byte-compiling /home/kyrgios/Documents/bfmc_ws/install/bfmc_launch/lib/python3.10/site-packages/bfmc_launch/__init__.py to __init__.cpython-310.pyc
running install_data
creating /home/kyrgios/Documents/bfmc_ws/install/bfmc_launch/share/ament_index
creating /home/kyrgios/Documents/bfmc_ws/install/bfmc_launch/share/ament_index/resource_index
creating /home/kyrgios/Documents/bfmc_ws/install/bfmc_launch/share/ament_index/resource_index/packages
copying resource/bfmc_launch -> /home/kyrgios/Documents/bfmc_ws/install/bfmc_launch/share/ament_index/resource_index/packages
copying package.xml -> /home/kyrgios/Documents/bfmc_ws/install/bfmc_launch/share/bfmc_launch
creating /home/kyrgios/Documents/bfmc_ws/install/bfmc_launch/share/bfmc_launch/launch
copying launch/car_launch.py -> /home/kyrgios/Documents/bfmc_ws/install/bfmc_launch/share/bfmc_launch/launch
running install_egg_info
Copying ../../build/bfmc_launch/bfmc_launch.egg-info to /home/kyrgios/Documents/bfmc_ws/install/bfmc_launch/lib/python3.10/site-packages/bfmc_launch-0.0.0-py3.10.egg-info
running install_scripts
writing list of installed files to '/home/kyrgios/Documents/bfmc_ws/build/bfmc_launch/install.log'
