[0.983s] Invoking command in '/home/kyrgios/Documents/bfmc_ws/src/bfmc_launch': PYTHONPATH=/home/kyrgios/Documents/bfmc_ws/build/bfmc_launch/prefix_override:/usr/lib/python3/dist-packages/colcon_core/task/python/colcon_distutils_commands:/home/kyrgios/Documents/bfmc_ws/install/bfmc_launch/lib/python3.10/site-packages:${PYTHONPATH} /usr/bin/python3 -W ignore:setup.py install is deprecated -W ignore:easy_install command is deprecated setup.py egg_info --egg-base ../../build/bfmc_launch build --build-base /home/kyrgios/Documents/bfmc_ws/build/bfmc_launch/build install --record /home/kyrgios/Documents/bfmc_ws/build/bfmc_launch/install.log --single-version-externally-managed install_data
[1.162s] running egg_info
[1.162s] creating ../../build/bfmc_launch/bfmc_launch.egg-info
[1.162s] writing ../../build/bfmc_launch/bfmc_launch.egg-info/PKG-INFO
[1.163s] writing dependency_links to ../../build/bfmc_launch/bfmc_launch.egg-info/dependency_links.txt
[1.163s] writing entry points to ../../build/bfmc_launch/bfmc_launch.egg-info/entry_points.txt
[1.163s] writing requirements to ../../build/bfmc_launch/bfmc_launch.egg-info/requires.txt
[1.163s] writing top-level names to ../../build/bfmc_launch/bfmc_launch.egg-info/top_level.txt
[1.163s] writing manifest file '../../build/bfmc_launch/bfmc_launch.egg-info/SOURCES.txt'
[1.164s] reading manifest file '../../build/bfmc_launch/bfmc_launch.egg-info/SOURCES.txt'
[1.165s] writing manifest file '../../build/bfmc_launch/bfmc_launch.egg-info/SOURCES.txt'
[1.165s] running build
[1.165s] running build_py
[1.165s] creating /home/kyrgios/Documents/bfmc_ws/build/bfmc_launch/build
[1.165s] creating /home/kyrgios/Documents/bfmc_ws/build/bfmc_launch/build/lib
[1.165s] creating /home/kyrgios/Documents/bfmc_ws/build/bfmc_launch/build/lib/bfmc_launch
[1.165s] copying bfmc_launch/__init__.py -> /home/kyrgios/Documents/bfmc_ws/build/bfmc_launch/build/lib/bfmc_launch
[1.165s] running install
[1.165s] running install_lib
[1.167s] creating /home/kyrgios/Documents/bfmc_ws/install/bfmc_launch/lib/python3.10/site-packages/bfmc_launch
[1.167s] copying /home/kyrgios/Documents/bfmc_ws/build/bfmc_launch/build/lib/bfmc_launch/__init__.py -> /home/kyrgios/Documents/bfmc_ws/install/bfmc_launch/lib/python3.10/site-packages/bfmc_launch
[1.167s] byte-compiling /home/kyrgios/Documents/bfmc_ws/install/bfmc_launch/lib/python3.10/site-packages/bfmc_launch/__init__.py to __init__.cpython-310.pyc
[1.167s] running install_data
[1.168s] creating /home/kyrgios/Documents/bfmc_ws/install/bfmc_launch/share/ament_index
[1.168s] creating /home/kyrgios/Documents/bfmc_ws/install/bfmc_launch/share/ament_index/resource_index
[1.168s] creating /home/kyrgios/Documents/bfmc_ws/install/bfmc_launch/share/ament_index/resource_index/packages
[1.168s] copying resource/bfmc_launch -> /home/kyrgios/Documents/bfmc_ws/install/bfmc_launch/share/ament_index/resource_index/packages
[1.168s] copying package.xml -> /home/kyrgios/Documents/bfmc_ws/install/bfmc_launch/share/bfmc_launch
[1.168s] creating /home/kyrgios/Documents/bfmc_ws/install/bfmc_launch/share/bfmc_launch/launch
[1.168s] copying launch/car_launch.py -> /home/kyrgios/Documents/bfmc_ws/install/bfmc_launch/share/bfmc_launch/launch
[1.168s] running install_egg_info
[1.169s] Copying ../../build/bfmc_launch/bfmc_launch.egg-info to /home/kyrgios/Documents/bfmc_ws/install/bfmc_launch/lib/python3.10/site-packages/bfmc_launch-0.0.0-py3.10.egg-info
[1.170s] running install_scripts
[1.186s] writing list of installed files to '/home/kyrgios/Documents/bfmc_ws/build/bfmc_launch/install.log'
[1.211s] Invoked command in '/home/kyrgios/Documents/bfmc_ws/src/bfmc_launch' returned '0': PYTHONPATH=/home/kyrgios/Documents/bfmc_ws/build/bfmc_launch/prefix_override:/usr/lib/python3/dist-packages/colcon_core/task/python/colcon_distutils_commands:/home/kyrgios/Documents/bfmc_ws/install/bfmc_launch/lib/python3.10/site-packages:${PYTHONPATH} /usr/bin/python3 -W ignore:setup.py install is deprecated -W ignore:easy_install command is deprecated setup.py egg_info --egg-base ../../build/bfmc_launch build --build-base /home/kyrgios/Documents/bfmc_ws/build/bfmc_launch/build install --record /home/kyrgios/Documents/bfmc_ws/build/bfmc_launch/install.log --single-version-externally-managed install_data
