running egg_info
creating ../../build/bfmc_brain/bfmc_brain.egg-info
writing ../../build/bfmc_brain/bfmc_brain.egg-info/PKG-INFO
writing dependency_links to ../../build/bfmc_brain/bfmc_brain.egg-info/dependency_links.txt
writing entry points to ../../build/bfmc_brain/bfmc_brain.egg-info/entry_points.txt
writing requirements to ../../build/bfmc_brain/bfmc_brain.egg-info/requires.txt
writing top-level names to ../../build/bfmc_brain/bfmc_brain.egg-info/top_level.txt
writing manifest file '../../build/bfmc_brain/bfmc_brain.egg-info/SOURCES.txt'
reading manifest file '../../build/bfmc_brain/bfmc_brain.egg-info/SOURCES.txt'
writing manifest file '../../build/bfmc_brain/bfmc_brain.egg-info/SOURCES.txt'
running build
running build_py
creating /home/kyrgios/Documents/bfmc_ws/build/bfmc_brain/build
creating /home/kyrgios/Documents/bfmc_ws/build/bfmc_brain/build/lib
creating /home/kyrgios/Documents/bfmc_ws/build/bfmc_brain/build/lib/bfmc_brain
copying bfmc_brain/lane_keeping.py -> /home/kyrgios/Documents/bfmc_ws/build/bfmc_brain/build/lib/bfmc_brain
copying bfmc_brain/control_node.py -> /home/kyrgios/Documents/bfmc_ws/build/bfmc_brain/build/lib/bfmc_brain
copying bfmc_brain/__init__.py -> /home/kyrgios/Documents/bfmc_ws/build/bfmc_brain/build/lib/bfmc_brain
running install
running install_lib
creating /home/kyrgios/Documents/bfmc_ws/install/bfmc_brain/lib/python3.10/site-packages/bfmc_brain
copying /home/kyrgios/Documents/bfmc_ws/build/bfmc_brain/build/lib/bfmc_brain/lane_keeping.py -> /home/kyrgios/Documents/bfmc_ws/install/bfmc_brain/lib/python3.10/site-packages/bfmc_brain
copying /home/kyrgios/Documents/bfmc_ws/build/bfmc_brain/build/lib/bfmc_brain/control_node.py -> /home/kyrgios/Documents/bfmc_ws/install/bfmc_brain/lib/python3.10/site-packages/bfmc_brain
copying /home/kyrgios/Documents/bfmc_ws/build/bfmc_brain/build/lib/bfmc_brain/__init__.py -> /home/kyrgios/Documents/bfmc_ws/install/bfmc_brain/lib/python3.10/site-packages/bfmc_brain
byte-compiling /home/kyrgios/Documents/bfmc_ws/install/bfmc_brain/lib/python3.10/site-packages/bfmc_brain/lane_keeping.py to lane_keeping.cpython-310.pyc
byte-compiling /home/kyrgios/Documents/bfmc_ws/install/bfmc_brain/lib/python3.10/site-packages/bfmc_brain/control_node.py to control_node.cpython-310.pyc
byte-compiling /home/kyrgios/Documents/bfmc_ws/install/bfmc_brain/lib/python3.10/site-packages/bfmc_brain/__init__.py to __init__.cpython-310.pyc
running install_data
creating /home/kyrgios/Documents/bfmc_ws/install/bfmc_brain/share
creating /home/kyrgios/Documents/bfmc_ws/install/bfmc_brain/share/ament_index
creating /home/kyrgios/Documents/bfmc_ws/install/bfmc_brain/share/ament_index/resource_index
creating /home/kyrgios/Documents/bfmc_ws/install/bfmc_brain/share/ament_index/resource_index/packages
copying resource/bfmc_brain -> /home/kyrgios/Documents/bfmc_ws/install/bfmc_brain/share/ament_index/resource_index/packages
creating /home/kyrgios/Documents/bfmc_ws/install/bfmc_brain/share/bfmc_brain
copying package.xml -> /home/kyrgios/Documents/bfmc_ws/install/bfmc_brain/share/bfmc_brain
running install_egg_info
Copying ../../build/bfmc_brain/bfmc_brain.egg-info to /home/kyrgios/Documents/bfmc_ws/install/bfmc_brain/lib/python3.10/site-packages/bfmc_brain-0.0.0-py3.10.egg-info
running install_scripts
Installing lane_keeping_node script to /home/kyrgios/Documents/bfmc_ws/install/bfmc_brain/lib/bfmc_brain
writing list of installed files to '/home/kyrgios/Documents/bfmc_ws/build/bfmc_brain/install.log'
