[35m[1mConsolidate compiler generated dependencies of target bfmc_interfaces__rosidl_generator_c[0m
[  2%] Built target bfmc_interfaces__cpp
[ 12%] Built target bfmc_interfaces__rosidl_generator_c
[35m[1mConsolidate compiler generated dependencies of target bfmc_interfaces__rosidl_typesupport_introspection_cpp[0m
[ 12%] Built target ament_cmake_python_copy_bfmc_interfaces
[35m[1mConsolidate compiler generated dependencies of target bfmc_interfaces__rosidl_typesupport_cpp[0m
[35m[1mConsolidate compiler generated dependencies of target bfmc_interfaces__rosidl_typesupport_introspection_c[0m
[35m[1mConsolidate compiler generated dependencies of target bfmc_interfaces__rosidl_typesupport_fastrtps_c[0m
[35m[1mConsolidate compiler generated dependencies of target bfmc_interfaces__rosidl_typesupport_c[0m
[35m[1mConsolidate compiler generated dependencies of target bfmc_interfaces__rosidl_typesupport_fastrtps_cpp[0m
[ 23%] Built target bfmc_interfaces__rosidl_typesupport_c
[ 44%] Built target bfmc_interfaces__rosidl_typesupport_introspection_cpp
[ 44%] Built target bfmc_interfaces__rosidl_typesupport_introspection_c
[ 55%] Built target bfmc_interfaces__rosidl_typesupport_cpp
[ 65%] Built target bfmc_interfaces__rosidl_typesupport_fastrtps_c
[ 76%] Built target bfmc_interfaces__rosidl_typesupport_fastrtps_cpp
[ 76%] Built target bfmc_interfaces
[ 78%] Built target bfmc_interfaces__py
[35m[1mConsolidate compiler generated dependencies of target bfmc_interfaces__rosidl_generator_py[0m
[ 87%] Built target bfmc_interfaces__rosidl_generator_py
[35m[1mConsolidate compiler generated dependencies of target bfmc_interfaces__rosidl_typesupport_introspection_c__pyext[0m
[35m[1mConsolidate compiler generated dependencies of target bfmc_interfaces__rosidl_typesupport_fastrtps_c__pyext[0m
[35m[1mConsolidate compiler generated dependencies of target bfmc_interfaces__rosidl_typesupport_c__pyext[0m
[ 91%] Built target bfmc_interfaces__rosidl_typesupport_introspection_c__pyext
[ 95%] Built target bfmc_interfaces__rosidl_typesupport_c__pyext
[100%] Built target bfmc_interfaces__rosidl_typesupport_fastrtps_c__pyext
running egg_info
writing bfmc_interfaces.egg-info/PKG-INFO
writing dependency_links to bfmc_interfaces.egg-info/dependency_links.txt
writing top-level names to bfmc_interfaces.egg-info/top_level.txt
reading manifest file 'bfmc_interfaces.egg-info/SOURCES.txt'
writing manifest file 'bfmc_interfaces.egg-info/SOURCES.txt'
[100%] Built target ament_cmake_python_build_bfmc_interfaces_egg
-- Install configuration: ""
-- Up-to-date: /home/kyrgios/Documents/bfmc_ws/install/bfmc_interfaces/share/ament_index/resource_index/rosidl_interfaces/bfmc_interfaces
-- Up-to-date: /home/kyrgios/Documents/bfmc_ws/install/bfmc_interfaces/include/bfmc_interfaces/bfmc_interfaces
-- Up-to-date: /home/kyrgios/Documents/bfmc_ws/install/bfmc_interfaces/include/bfmc_interfaces/bfmc_interfaces/msg
-- Up-to-date: /home/kyrgios/Documents/bfmc_ws/install/bfmc_interfaces/include/bfmc_interfaces/bfmc_interfaces/msg/serial_status.h
-- Up-to-date: /home/kyrgios/Documents/bfmc_ws/install/bfmc_interfaces/include/bfmc_interfaces/bfmc_interfaces/msg/control.h
-- Up-to-date: /home/kyrgios/Documents/bfmc_ws/install/bfmc_interfaces/include/bfmc_interfaces/bfmc_interfaces/msg/lane_info.h
-- Up-to-date: /home/kyrgios/Documents/bfmc_ws/install/bfmc_interfaces/include/bfmc_interfaces/bfmc_interfaces/msg/rosidl_generator_c__visibility_control.h
-- Up-to-date: /home/kyrgios/Documents/bfmc_ws/install/bfmc_interfaces/include/bfmc_interfaces/bfmc_interfaces/msg/detail
-- Up-to-date: /home/kyrgios/Documents/bfmc_ws/install/bfmc_interfaces/include/bfmc_interfaces/bfmc_interfaces/msg/detail/control__type_support.h
-- Up-to-date: /home/kyrgios/Documents/bfmc_ws/install/bfmc_interfaces/include/bfmc_interfaces/bfmc_interfaces/msg/detail/control__struct.h
-- Up-to-date: /home/kyrgios/Documents/bfmc_ws/install/bfmc_interfaces/include/bfmc_interfaces/bfmc_interfaces/msg/detail/serial_status__functions.h
-- Up-to-date: /home/kyrgios/Documents/bfmc_ws/install/bfmc_interfaces/include/bfmc_interfaces/bfmc_interfaces/msg/detail/serial_status__functions.c
-- Up-to-date: /home/kyrgios/Documents/bfmc_ws/install/bfmc_interfaces/include/bfmc_interfaces/bfmc_interfaces/msg/detail/control__functions.c
-- Up-to-date: /home/kyrgios/Documents/bfmc_ws/install/bfmc_interfaces/include/bfmc_interfaces/bfmc_interfaces/msg/detail/lane_info__functions.h
-- Up-to-date: /home/kyrgios/Documents/bfmc_ws/install/bfmc_interfaces/include/bfmc_interfaces/bfmc_interfaces/msg/detail/lane_info__functions.c
-- Up-to-date: /home/kyrgios/Documents/bfmc_ws/install/bfmc_interfaces/include/bfmc_interfaces/bfmc_interfaces/msg/detail/control__functions.h
-- Up-to-date: /home/kyrgios/Documents/bfmc_ws/install/bfmc_interfaces/include/bfmc_interfaces/bfmc_interfaces/msg/detail/serial_status__type_support.h
-- Up-to-date: /home/kyrgios/Documents/bfmc_ws/install/bfmc_interfaces/include/bfmc_interfaces/bfmc_interfaces/msg/detail/lane_info__struct.h
-- Up-to-date: /home/kyrgios/Documents/bfmc_ws/install/bfmc_interfaces/include/bfmc_interfaces/bfmc_interfaces/msg/detail/lane_info__type_support.h
-- Up-to-date: /home/kyrgios/Documents/bfmc_ws/install/bfmc_interfaces/include/bfmc_interfaces/bfmc_interfaces/msg/detail/serial_status__struct.h
-- Up-to-date: /home/kyrgios/Documents/bfmc_ws/install/bfmc_interfaces/share/bfmc_interfaces/environment/library_path.sh
-- Up-to-date: /home/kyrgios/Documents/bfmc_ws/install/bfmc_interfaces/share/bfmc_interfaces/environment/library_path.dsv
-- Up-to-date: /home/kyrgios/Documents/bfmc_ws/install/bfmc_interfaces/lib/libbfmc_interfaces__rosidl_generator_c.so
-- Up-to-date: /home/kyrgios/Documents/bfmc_ws/install/bfmc_interfaces/include/bfmc_interfaces/bfmc_interfaces
-- Up-to-date: /home/kyrgios/Documents/bfmc_ws/install/bfmc_interfaces/include/bfmc_interfaces/bfmc_interfaces/msg
-- Up-to-date: /home/kyrgios/Documents/bfmc_ws/install/bfmc_interfaces/include/bfmc_interfaces/bfmc_interfaces/msg/rosidl_typesupport_fastrtps_c__visibility_control.h
-- Up-to-date: /home/kyrgios/Documents/bfmc_ws/install/bfmc_interfaces/include/bfmc_interfaces/bfmc_interfaces/msg/detail
-- Up-to-date: /home/kyrgios/Documents/bfmc_ws/install/bfmc_interfaces/include/bfmc_interfaces/bfmc_interfaces/msg/detail/control__rosidl_typesupport_fastrtps_c.h
-- Up-to-date: /home/kyrgios/Documents/bfmc_ws/install/bfmc_interfaces/include/bfmc_interfaces/bfmc_interfaces/msg/detail/serial_status__rosidl_typesupport_fastrtps_c.h
-- Up-to-date: /home/kyrgios/Documents/bfmc_ws/install/bfmc_interfaces/include/bfmc_interfaces/bfmc_interfaces/msg/detail/lane_info__rosidl_typesupport_fastrtps_c.h
-- Up-to-date: /home/kyrgios/Documents/bfmc_ws/install/bfmc_interfaces/lib/libbfmc_interfaces__rosidl_typesupport_fastrtps_c.so
-- Up-to-date: /home/kyrgios/Documents/bfmc_ws/install/bfmc_interfaces/include/bfmc_interfaces/bfmc_interfaces
-- Up-to-date: /home/kyrgios/Documents/bfmc_ws/install/bfmc_interfaces/include/bfmc_interfaces/bfmc_interfaces/msg
-- Up-to-date: /home/kyrgios/Documents/bfmc_ws/install/bfmc_interfaces/include/bfmc_interfaces/bfmc_interfaces/msg/rosidl_typesupport_introspection_c__visibility_control.h
-- Up-to-date: /home/kyrgios/Documents/bfmc_ws/install/bfmc_interfaces/include/bfmc_interfaces/bfmc_interfaces/msg/detail
-- Up-to-date: /home/kyrgios/Documents/bfmc_ws/install/bfmc_interfaces/include/bfmc_interfaces/bfmc_interfaces/msg/detail/lane_info__type_support.c
-- Up-to-date: /home/kyrgios/Documents/bfmc_ws/install/bfmc_interfaces/include/bfmc_interfaces/bfmc_interfaces/msg/detail/control__rosidl_typesupport_introspection_c.h
-- Up-to-date: /home/kyrgios/Documents/bfmc_ws/install/bfmc_interfaces/include/bfmc_interfaces/bfmc_interfaces/msg/detail/serial_status__type_support.c
-- Up-to-date: /home/kyrgios/Documents/bfmc_ws/install/bfmc_interfaces/include/bfmc_interfaces/bfmc_interfaces/msg/detail/lane_info__rosidl_typesupport_introspection_c.h
-- Up-to-date: /home/kyrgios/Documents/bfmc_ws/install/bfmc_interfaces/include/bfmc_interfaces/bfmc_interfaces/msg/detail/serial_status__rosidl_typesupport_introspection_c.h
-- Up-to-date: /home/kyrgios/Documents/bfmc_ws/install/bfmc_interfaces/include/bfmc_interfaces/bfmc_interfaces/msg/detail/control__type_support.c
-- Up-to-date: /home/kyrgios/Documents/bfmc_ws/install/bfmc_interfaces/lib/libbfmc_interfaces__rosidl_typesupport_introspection_c.so
-- Up-to-date: /home/kyrgios/Documents/bfmc_ws/install/bfmc_interfaces/lib/libbfmc_interfaces__rosidl_typesupport_c.so
-- Up-to-date: /home/kyrgios/Documents/bfmc_ws/install/bfmc_interfaces/include/bfmc_interfaces/bfmc_interfaces
-- Up-to-date: /home/kyrgios/Documents/bfmc_ws/install/bfmc_interfaces/include/bfmc_interfaces/bfmc_interfaces/msg
-- Up-to-date: /home/kyrgios/Documents/bfmc_ws/install/bfmc_interfaces/include/bfmc_interfaces/bfmc_interfaces/msg/serial_status.hpp
-- Up-to-date: /home/kyrgios/Documents/bfmc_ws/install/bfmc_interfaces/include/bfmc_interfaces/bfmc_interfaces/msg/lane_info.hpp
-- Up-to-date: /home/kyrgios/Documents/bfmc_ws/install/bfmc_interfaces/include/bfmc_interfaces/bfmc_interfaces/msg/control.hpp
-- Up-to-date: /home/kyrgios/Documents/bfmc_ws/install/bfmc_interfaces/include/bfmc_interfaces/bfmc_interfaces/msg/detail
-- Up-to-date: /home/kyrgios/Documents/bfmc_ws/install/bfmc_interfaces/include/bfmc_interfaces/bfmc_interfaces/msg/detail/control__type_support.hpp
-- Up-to-date: /home/kyrgios/Documents/bfmc_ws/install/bfmc_interfaces/include/bfmc_interfaces/bfmc_interfaces/msg/detail/serial_status__traits.hpp
-- Up-to-date: /home/kyrgios/Documents/bfmc_ws/install/bfmc_interfaces/include/bfmc_interfaces/bfmc_interfaces/msg/detail/serial_status__type_support.hpp
-- Up-to-date: /home/kyrgios/Documents/bfmc_ws/install/bfmc_interfaces/include/bfmc_interfaces/bfmc_interfaces/msg/detail/serial_status__builder.hpp
-- Up-to-date: /home/kyrgios/Documents/bfmc_ws/install/bfmc_interfaces/include/bfmc_interfaces/bfmc_interfaces/msg/detail/lane_info__type_support.hpp
-- Up-to-date: /home/kyrgios/Documents/bfmc_ws/install/bfmc_interfaces/include/bfmc_interfaces/bfmc_interfaces/msg/detail/control__builder.hpp
-- Up-to-date: /home/kyrgios/Documents/bfmc_ws/install/bfmc_interfaces/include/bfmc_interfaces/bfmc_interfaces/msg/detail/serial_status__struct.hpp
-- Up-to-date: /home/kyrgios/Documents/bfmc_ws/install/bfmc_interfaces/include/bfmc_interfaces/bfmc_interfaces/msg/detail/control__struct.hpp
-- Up-to-date: /home/kyrgios/Documents/bfmc_ws/install/bfmc_interfaces/include/bfmc_interfaces/bfmc_interfaces/msg/detail/control__traits.hpp
-- Up-to-date: /home/kyrgios/Documents/bfmc_ws/install/bfmc_interfaces/include/bfmc_interfaces/bfmc_interfaces/msg/detail/lane_info__struct.hpp
-- Up-to-date: /home/kyrgios/Documents/bfmc_ws/install/bfmc_interfaces/include/bfmc_interfaces/bfmc_interfaces/msg/detail/lane_info__builder.hpp
-- Up-to-date: /home/kyrgios/Documents/bfmc_ws/install/bfmc_interfaces/include/bfmc_interfaces/bfmc_interfaces/msg/detail/lane_info__traits.hpp
-- Up-to-date: /home/kyrgios/Documents/bfmc_ws/install/bfmc_interfaces/include/bfmc_interfaces/bfmc_interfaces/msg/rosidl_generator_cpp__visibility_control.hpp
-- Up-to-date: /home/kyrgios/Documents/bfmc_ws/install/bfmc_interfaces/include/bfmc_interfaces/bfmc_interfaces
-- Up-to-date: /home/kyrgios/Documents/bfmc_ws/install/bfmc_interfaces/include/bfmc_interfaces/bfmc_interfaces/msg
-- Up-to-date: /home/kyrgios/Documents/bfmc_ws/install/bfmc_interfaces/include/bfmc_interfaces/bfmc_interfaces/msg/rosidl_typesupport_fastrtps_cpp__visibility_control.h
-- Up-to-date: /home/kyrgios/Documents/bfmc_ws/install/bfmc_interfaces/include/bfmc_interfaces/bfmc_interfaces/msg/detail
-- Up-to-date: /home/kyrgios/Documents/bfmc_ws/install/bfmc_interfaces/include/bfmc_interfaces/bfmc_interfaces/msg/detail/serial_status__rosidl_typesupport_fastrtps_cpp.hpp
-- Up-to-date: /home/kyrgios/Documents/bfmc_ws/install/bfmc_interfaces/include/bfmc_interfaces/bfmc_interfaces/msg/detail/lane_info__rosidl_typesupport_fastrtps_cpp.hpp
-- Up-to-date: /home/kyrgios/Documents/bfmc_ws/install/bfmc_interfaces/include/bfmc_interfaces/bfmc_interfaces/msg/detail/control__rosidl_typesupport_fastrtps_cpp.hpp
-- Up-to-date: /home/kyrgios/Documents/bfmc_ws/install/bfmc_interfaces/include/bfmc_interfaces/bfmc_interfaces/msg/detail/dds_fastrtps
-- Up-to-date: /home/kyrgios/Documents/bfmc_ws/install/bfmc_interfaces/lib/libbfmc_interfaces__rosidl_typesupport_fastrtps_cpp.so
-- Up-to-date: /home/kyrgios/Documents/bfmc_ws/install/bfmc_interfaces/include/bfmc_interfaces/bfmc_interfaces
-- Up-to-date: /home/kyrgios/Documents/bfmc_ws/install/bfmc_interfaces/include/bfmc_interfaces/bfmc_interfaces/msg
-- Up-to-date: /home/kyrgios/Documents/bfmc_ws/install/bfmc_interfaces/include/bfmc_interfaces/bfmc_interfaces/msg/detail
-- Up-to-date: /home/kyrgios/Documents/bfmc_ws/install/bfmc_interfaces/include/bfmc_interfaces/bfmc_interfaces/msg/detail/serial_status__type_support.cpp
-- Up-to-date: /home/kyrgios/Documents/bfmc_ws/install/bfmc_interfaces/include/bfmc_interfaces/bfmc_interfaces/msg/detail/control__type_support.cpp
-- Up-to-date: /home/kyrgios/Documents/bfmc_ws/install/bfmc_interfaces/include/bfmc_interfaces/bfmc_interfaces/msg/detail/serial_status__rosidl_typesupport_introspection_cpp.hpp
-- Up-to-date: /home/kyrgios/Documents/bfmc_ws/install/bfmc_interfaces/include/bfmc_interfaces/bfmc_interfaces/msg/detail/control__rosidl_typesupport_introspection_cpp.hpp
-- Up-to-date: /home/kyrgios/Documents/bfmc_ws/install/bfmc_interfaces/include/bfmc_interfaces/bfmc_interfaces/msg/detail/lane_info__type_support.cpp
-- Up-to-date: /home/kyrgios/Documents/bfmc_ws/install/bfmc_interfaces/include/bfmc_interfaces/bfmc_interfaces/msg/detail/lane_info__rosidl_typesupport_introspection_cpp.hpp
-- Up-to-date: /home/kyrgios/Documents/bfmc_ws/install/bfmc_interfaces/lib/libbfmc_interfaces__rosidl_typesupport_introspection_cpp.so
-- Up-to-date: /home/kyrgios/Documents/bfmc_ws/install/bfmc_interfaces/lib/libbfmc_interfaces__rosidl_typesupport_cpp.so
-- Up-to-date: /home/kyrgios/Documents/bfmc_ws/install/bfmc_interfaces/share/bfmc_interfaces/environment/pythonpath.sh
-- Up-to-date: /home/kyrgios/Documents/bfmc_ws/install/bfmc_interfaces/share/bfmc_interfaces/environment/pythonpath.dsv
-- Up-to-date: /home/kyrgios/Documents/bfmc_ws/install/bfmc_interfaces/local/lib/python3.10/dist-packages/bfmc_interfaces-0.0.0-py3.10.egg-info
-- Installing: /home/kyrgios/Documents/bfmc_ws/install/bfmc_interfaces/local/lib/python3.10/dist-packages/bfmc_interfaces-0.0.0-py3.10.egg-info/top_level.txt
-- Installing: /home/kyrgios/Documents/bfmc_ws/install/bfmc_interfaces/local/lib/python3.10/dist-packages/bfmc_interfaces-0.0.0-py3.10.egg-info/SOURCES.txt
-- Installing: /home/kyrgios/Documents/bfmc_ws/install/bfmc_interfaces/local/lib/python3.10/dist-packages/bfmc_interfaces-0.0.0-py3.10.egg-info/PKG-INFO
-- Installing: /home/kyrgios/Documents/bfmc_ws/install/bfmc_interfaces/local/lib/python3.10/dist-packages/bfmc_interfaces-0.0.0-py3.10.egg-info/dependency_links.txt
-- Up-to-date: /home/kyrgios/Documents/bfmc_ws/install/bfmc_interfaces/local/lib/python3.10/dist-packages/bfmc_interfaces
-- Up-to-date: /home/kyrgios/Documents/bfmc_ws/install/bfmc_interfaces/local/lib/python3.10/dist-packages/bfmc_interfaces/_bfmc_interfaces_s.ep.rosidl_typesupport_c.c
-- Up-to-date: /home/kyrgios/Documents/bfmc_ws/install/bfmc_interfaces/local/lib/python3.10/dist-packages/bfmc_interfaces/msg
-- Up-to-date: /home/kyrgios/Documents/bfmc_ws/install/bfmc_interfaces/local/lib/python3.10/dist-packages/bfmc_interfaces/msg/_control.py
-- Up-to-date: /home/kyrgios/Documents/bfmc_ws/install/bfmc_interfaces/local/lib/python3.10/dist-packages/bfmc_interfaces/msg/_control_s.c
-- Up-to-date: /home/kyrgios/Documents/bfmc_ws/install/bfmc_interfaces/local/lib/python3.10/dist-packages/bfmc_interfaces/msg/_serial_status_s.c
-- Up-to-date: /home/kyrgios/Documents/bfmc_ws/install/bfmc_interfaces/local/lib/python3.10/dist-packages/bfmc_interfaces/msg/_serial_status.py
-- Up-to-date: /home/kyrgios/Documents/bfmc_ws/install/bfmc_interfaces/local/lib/python3.10/dist-packages/bfmc_interfaces/msg/_lane_info_s.c
-- Up-to-date: /home/kyrgios/Documents/bfmc_ws/install/bfmc_interfaces/local/lib/python3.10/dist-packages/bfmc_interfaces/msg/__init__.py
-- Up-to-date: /home/kyrgios/Documents/bfmc_ws/install/bfmc_interfaces/local/lib/python3.10/dist-packages/bfmc_interfaces/msg/_lane_info.py
-- Up-to-date: /home/kyrgios/Documents/bfmc_ws/install/bfmc_interfaces/local/lib/python3.10/dist-packages/bfmc_interfaces/bfmc_interfaces_s__rosidl_typesupport_introspection_c.cpython-310-x86_64-linux-gnu.so
-- Up-to-date: /home/kyrgios/Documents/bfmc_ws/install/bfmc_interfaces/local/lib/python3.10/dist-packages/bfmc_interfaces/bfmc_interfaces_s__rosidl_typesupport_c.cpython-310-x86_64-linux-gnu.so
-- Up-to-date: /home/kyrgios/Documents/bfmc_ws/install/bfmc_interfaces/local/lib/python3.10/dist-packages/bfmc_interfaces/bfmc_interfaces_s__rosidl_typesupport_fastrtps_c.cpython-310-x86_64-linux-gnu.so
-- Up-to-date: /home/kyrgios/Documents/bfmc_ws/install/bfmc_interfaces/local/lib/python3.10/dist-packages/bfmc_interfaces/__init__.py
-- Up-to-date: /home/kyrgios/Documents/bfmc_ws/install/bfmc_interfaces/local/lib/python3.10/dist-packages/bfmc_interfaces/_bfmc_interfaces_s.ep.rosidl_typesupport_introspection_c.c
-- Up-to-date: /home/kyrgios/Documents/bfmc_ws/install/bfmc_interfaces/local/lib/python3.10/dist-packages/bfmc_interfaces/_bfmc_interfaces_s.ep.rosidl_typesupport_fastrtps_c.c
-- Up-to-date: /home/kyrgios/Documents/bfmc_ws/install/bfmc_interfaces/local/lib/python3.10/dist-packages/bfmc_interfaces/libbfmc_interfaces__rosidl_generator_py.so
Listing '/home/kyrgios/Documents/bfmc_ws/install/bfmc_interfaces/local/lib/python3.10/dist-packages/bfmc_interfaces'...
Listing '/home/kyrgios/Documents/bfmc_ws/install/bfmc_interfaces/local/lib/python3.10/dist-packages/bfmc_interfaces/msg'...
-- Up-to-date: /home/kyrgios/Documents/bfmc_ws/install/bfmc_interfaces/local/lib/python3.10/dist-packages/bfmc_interfaces/bfmc_interfaces_s__rosidl_typesupport_fastrtps_c.cpython-310-x86_64-linux-gnu.so
-- Up-to-date: /home/kyrgios/Documents/bfmc_ws/install/bfmc_interfaces/local/lib/python3.10/dist-packages/bfmc_interfaces/bfmc_interfaces_s__rosidl_typesupport_introspection_c.cpython-310-x86_64-linux-gnu.so
-- Up-to-date: /home/kyrgios/Documents/bfmc_ws/install/bfmc_interfaces/local/lib/python3.10/dist-packages/bfmc_interfaces/bfmc_interfaces_s__rosidl_typesupport_c.cpython-310-x86_64-linux-gnu.so
-- Up-to-date: /home/kyrgios/Documents/bfmc_ws/install/bfmc_interfaces/lib/libbfmc_interfaces__rosidl_generator_py.so
-- Up-to-date: /home/kyrgios/Documents/bfmc_ws/install/bfmc_interfaces/share/bfmc_interfaces/msg/Control.idl
-- Up-to-date: /home/kyrgios/Documents/bfmc_ws/install/bfmc_interfaces/share/bfmc_interfaces/msg/LaneInfo.idl
-- Up-to-date: /home/kyrgios/Documents/bfmc_ws/install/bfmc_interfaces/share/bfmc_interfaces/msg/SerialStatus.idl
-- Up-to-date: /home/kyrgios/Documents/bfmc_ws/install/bfmc_interfaces/share/bfmc_interfaces/msg/Control.msg
-- Up-to-date: /home/kyrgios/Documents/bfmc_ws/install/bfmc_interfaces/share/bfmc_interfaces/msg/LaneInfo.msg
-- Up-to-date: /home/kyrgios/Documents/bfmc_ws/install/bfmc_interfaces/share/bfmc_interfaces/msg/SerialStatus.msg
-- Up-to-date: /home/kyrgios/Documents/bfmc_ws/install/bfmc_interfaces/share/ament_index/resource_index/package_run_dependencies/bfmc_interfaces
-- Up-to-date: /home/kyrgios/Documents/bfmc_ws/install/bfmc_interfaces/share/ament_index/resource_index/parent_prefix_path/bfmc_interfaces
-- Up-to-date: /home/kyrgios/Documents/bfmc_ws/install/bfmc_interfaces/share/bfmc_interfaces/environment/ament_prefix_path.sh
-- Up-to-date: /home/kyrgios/Documents/bfmc_ws/install/bfmc_interfaces/share/bfmc_interfaces/environment/ament_prefix_path.dsv
-- Up-to-date: /home/kyrgios/Documents/bfmc_ws/install/bfmc_interfaces/share/bfmc_interfaces/environment/path.sh
-- Up-to-date: /home/kyrgios/Documents/bfmc_ws/install/bfmc_interfaces/share/bfmc_interfaces/environment/path.dsv
-- Up-to-date: /home/kyrgios/Documents/bfmc_ws/install/bfmc_interfaces/share/bfmc_interfaces/local_setup.bash
-- Up-to-date: /home/kyrgios/Documents/bfmc_ws/install/bfmc_interfaces/share/bfmc_interfaces/local_setup.sh
-- Up-to-date: /home/kyrgios/Documents/bfmc_ws/install/bfmc_interfaces/share/bfmc_interfaces/local_setup.zsh
-- Up-to-date: /home/kyrgios/Documents/bfmc_ws/install/bfmc_interfaces/share/bfmc_interfaces/local_setup.dsv
-- Installing: /home/kyrgios/Documents/bfmc_ws/install/bfmc_interfaces/share/bfmc_interfaces/package.dsv
-- Up-to-date: /home/kyrgios/Documents/bfmc_ws/install/bfmc_interfaces/share/ament_index/resource_index/packages/bfmc_interfaces
-- Up-to-date: /home/kyrgios/Documents/bfmc_ws/install/bfmc_interfaces/share/bfmc_interfaces/cmake/export_bfmc_interfaces__rosidl_generator_cExport.cmake
-- Up-to-date: /home/kyrgios/Documents/bfmc_ws/install/bfmc_interfaces/share/bfmc_interfaces/cmake/export_bfmc_interfaces__rosidl_generator_cExport-noconfig.cmake
-- Up-to-date: /home/kyrgios/Documents/bfmc_ws/install/bfmc_interfaces/share/bfmc_interfaces/cmake/export_bfmc_interfaces__rosidl_typesupport_fastrtps_cExport.cmake
-- Up-to-date: /home/kyrgios/Documents/bfmc_ws/install/bfmc_interfaces/share/bfmc_interfaces/cmake/export_bfmc_interfaces__rosidl_typesupport_fastrtps_cExport-noconfig.cmake
-- Up-to-date: /home/kyrgios/Documents/bfmc_ws/install/bfmc_interfaces/share/bfmc_interfaces/cmake/bfmc_interfaces__rosidl_typesupport_introspection_cExport.cmake
-- Up-to-date: /home/kyrgios/Documents/bfmc_ws/install/bfmc_interfaces/share/bfmc_interfaces/cmake/bfmc_interfaces__rosidl_typesupport_introspection_cExport-noconfig.cmake
-- Up-to-date: /home/kyrgios/Documents/bfmc_ws/install/bfmc_interfaces/share/bfmc_interfaces/cmake/bfmc_interfaces__rosidl_typesupport_cExport.cmake
-- Up-to-date: /home/kyrgios/Documents/bfmc_ws/install/bfmc_interfaces/share/bfmc_interfaces/cmake/bfmc_interfaces__rosidl_typesupport_cExport-noconfig.cmake
-- Up-to-date: /home/kyrgios/Documents/bfmc_ws/install/bfmc_interfaces/share/bfmc_interfaces/cmake/export_bfmc_interfaces__rosidl_generator_cppExport.cmake
-- Up-to-date: /home/kyrgios/Documents/bfmc_ws/install/bfmc_interfaces/share/bfmc_interfaces/cmake/export_bfmc_interfaces__rosidl_typesupport_fastrtps_cppExport.cmake
-- Up-to-date: /home/kyrgios/Documents/bfmc_ws/install/bfmc_interfaces/share/bfmc_interfaces/cmake/export_bfmc_interfaces__rosidl_typesupport_fastrtps_cppExport-noconfig.cmake
-- Up-to-date: /home/kyrgios/Documents/bfmc_ws/install/bfmc_interfaces/share/bfmc_interfaces/cmake/bfmc_interfaces__rosidl_typesupport_introspection_cppExport.cmake
-- Up-to-date: /home/kyrgios/Documents/bfmc_ws/install/bfmc_interfaces/share/bfmc_interfaces/cmake/bfmc_interfaces__rosidl_typesupport_introspection_cppExport-noconfig.cmake
-- Up-to-date: /home/kyrgios/Documents/bfmc_ws/install/bfmc_interfaces/share/bfmc_interfaces/cmake/bfmc_interfaces__rosidl_typesupport_cppExport.cmake
-- Up-to-date: /home/kyrgios/Documents/bfmc_ws/install/bfmc_interfaces/share/bfmc_interfaces/cmake/bfmc_interfaces__rosidl_typesupport_cppExport-noconfig.cmake
-- Up-to-date: /home/kyrgios/Documents/bfmc_ws/install/bfmc_interfaces/share/bfmc_interfaces/cmake/export_bfmc_interfaces__rosidl_generator_pyExport.cmake
-- Up-to-date: /home/kyrgios/Documents/bfmc_ws/install/bfmc_interfaces/share/bfmc_interfaces/cmake/export_bfmc_interfaces__rosidl_generator_pyExport-noconfig.cmake
-- Up-to-date: /home/kyrgios/Documents/bfmc_ws/install/bfmc_interfaces/share/bfmc_interfaces/cmake/rosidl_cmake-extras.cmake
-- Up-to-date: /home/kyrgios/Documents/bfmc_ws/install/bfmc_interfaces/share/bfmc_interfaces/cmake/ament_cmake_export_include_directories-extras.cmake
-- Up-to-date: /home/kyrgios/Documents/bfmc_ws/install/bfmc_interfaces/share/bfmc_interfaces/cmake/ament_cmake_export_libraries-extras.cmake
-- Up-to-date: /home/kyrgios/Documents/bfmc_ws/install/bfmc_interfaces/share/bfmc_interfaces/cmake/ament_cmake_export_targets-extras.cmake
-- Up-to-date: /home/kyrgios/Documents/bfmc_ws/install/bfmc_interfaces/share/bfmc_interfaces/cmake/rosidl_cmake_export_typesupport_targets-extras.cmake
-- Up-to-date: /home/kyrgios/Documents/bfmc_ws/install/bfmc_interfaces/share/bfmc_interfaces/cmake/ament_cmake_export_dependencies-extras.cmake
-- Up-to-date: /home/kyrgios/Documents/bfmc_ws/install/bfmc_interfaces/share/bfmc_interfaces/cmake/rosidl_cmake_export_typesupport_libraries-extras.cmake
-- Up-to-date: /home/kyrgios/Documents/bfmc_ws/install/bfmc_interfaces/share/bfmc_interfaces/cmake/bfmc_interfacesConfig.cmake
-- Up-to-date: /home/kyrgios/Documents/bfmc_ws/install/bfmc_interfaces/share/bfmc_interfaces/cmake/bfmc_interfacesConfig-version.cmake
-- Up-to-date: /home/kyrgios/Documents/bfmc_ws/install/bfmc_interfaces/share/bfmc_interfaces/package.xml
