[0.023s] Invoking command in '/home/kyrgios/Documents/bfmc_ws/build/bfmc_interfaces': CMAKE_PREFIX_PATH=${CMAKE_PREFIX_PATH}:/home/kyrgios/Documents/bfmc_ws/install/bfmc_perception:/home/kyrgios/Documents/bfmc_ws/install/bfmc_launch:/home/kyrgios/Documents/bfmc_ws/install/bfmc_hardware:/home/kyrgios/Documents/bfmc_ws/install/bfmc_brain:/opt/ros/humble /usr/bin/cmake --build /home/kyrgios/Documents/bfmc_ws/build/bfmc_interfaces -- -j12 -l12
[0.279s] [35m[1mConsolidate compiler generated dependencies of target bfmc_interfaces__rosidl_generator_c[0m
[0.279s] [  2%] Built target bfmc_interfaces__cpp
[0.279s] [ 12%] Built target bfmc_interfaces__rosidl_generator_c
[0.279s] [35m[1mConsolidate compiler generated dependencies of target bfmc_interfaces__rosidl_typesupport_introspection_cpp[0m
[0.279s] [ 12%] Built target ament_cmake_python_copy_bfmc_interfaces
[0.279s] [35m[1mConsolidate compiler generated dependencies of target bfmc_interfaces__rosidl_typesupport_cpp[0m
[0.279s] [35m[1mConsolidate compiler generated dependencies of target bfmc_interfaces__rosidl_typesupport_introspection_c[0m
[0.279s] [35m[1mConsolidate compiler generated dependencies of target bfmc_interfaces__rosidl_typesupport_fastrtps_c[0m
[0.279s] [35m[1mConsolidate compiler generated dependencies of target bfmc_interfaces__rosidl_typesupport_c[0m
[0.279s] [35m[1mConsolidate compiler generated dependencies of target bfmc_interfaces__rosidl_typesupport_fastrtps_cpp[0m
[0.279s] [ 23%] Built target bfmc_interfaces__rosidl_typesupport_c
[0.279s] [ 44%] Built target bfmc_interfaces__rosidl_typesupport_introspection_cpp
[0.280s] [ 44%] Built target bfmc_interfaces__rosidl_typesupport_introspection_c
[0.280s] [ 55%] Built target bfmc_interfaces__rosidl_typesupport_cpp
[0.280s] [ 65%] Built target bfmc_interfaces__rosidl_typesupport_fastrtps_c
[0.280s] [ 76%] Built target bfmc_interfaces__rosidl_typesupport_fastrtps_cpp
[0.280s] [ 76%] Built target bfmc_interfaces
[0.280s] [ 78%] Built target bfmc_interfaces__py
[0.280s] [35m[1mConsolidate compiler generated dependencies of target bfmc_interfaces__rosidl_generator_py[0m
[0.280s] [ 87%] Built target bfmc_interfaces__rosidl_generator_py
[0.280s] [35m[1mConsolidate compiler generated dependencies of target bfmc_interfaces__rosidl_typesupport_introspection_c__pyext[0m
[0.280s] [35m[1mConsolidate compiler generated dependencies of target bfmc_interfaces__rosidl_typesupport_fastrtps_c__pyext[0m
[0.280s] [35m[1mConsolidate compiler generated dependencies of target bfmc_interfaces__rosidl_typesupport_c__pyext[0m
[0.280s] [ 91%] Built target bfmc_interfaces__rosidl_typesupport_introspection_c__pyext
[0.280s] [ 95%] Built target bfmc_interfaces__rosidl_typesupport_c__pyext
[0.280s] [100%] Built target bfmc_interfaces__rosidl_typesupport_fastrtps_c__pyext
[0.313s] running egg_info
[0.313s] writing bfmc_interfaces.egg-info/PKG-INFO
[0.314s] writing dependency_links to bfmc_interfaces.egg-info/dependency_links.txt
[0.314s] writing top-level names to bfmc_interfaces.egg-info/top_level.txt
[0.316s] reading manifest file 'bfmc_interfaces.egg-info/SOURCES.txt'
[0.316s] writing manifest file 'bfmc_interfaces.egg-info/SOURCES.txt'
[0.346s] [100%] Built target ament_cmake_python_build_bfmc_interfaces_egg
[0.490s] Invoked command in '/home/kyrgios/Documents/bfmc_ws/build/bfmc_interfaces' returned '0': CMAKE_PREFIX_PATH=${CMAKE_PREFIX_PATH}:/home/kyrgios/Documents/bfmc_ws/install/bfmc_perception:/home/kyrgios/Documents/bfmc_ws/install/bfmc_launch:/home/kyrgios/Documents/bfmc_ws/install/bfmc_hardware:/home/kyrgios/Documents/bfmc_ws/install/bfmc_brain:/opt/ros/humble /usr/bin/cmake --build /home/kyrgios/Documents/bfmc_ws/build/bfmc_interfaces -- -j12 -l12
[0.499s] Invoking command in '/home/kyrgios/Documents/bfmc_ws/build/bfmc_interfaces': CMAKE_PREFIX_PATH=${CMAKE_PREFIX_PATH}:/home/kyrgios/Documents/bfmc_ws/install/bfmc_perception:/home/kyrgios/Documents/bfmc_ws/install/bfmc_launch:/home/kyrgios/Documents/bfmc_ws/install/bfmc_hardware:/home/kyrgios/Documents/bfmc_ws/install/bfmc_brain:/opt/ros/humble /usr/bin/cmake --install /home/kyrgios/Documents/bfmc_ws/build/bfmc_interfaces
[0.506s] -- Install configuration: ""
[0.506s] -- Up-to-date: /home/kyrgios/Documents/bfmc_ws/install/bfmc_interfaces/share/ament_index/resource_index/rosidl_interfaces/bfmc_interfaces
[0.506s] -- Up-to-date: /home/kyrgios/Documents/bfmc_ws/install/bfmc_interfaces/include/bfmc_interfaces/bfmc_interfaces
[0.506s] -- Up-to-date: /home/kyrgios/Documents/bfmc_ws/install/bfmc_interfaces/include/bfmc_interfaces/bfmc_interfaces/msg
[0.507s] -- Up-to-date: /home/kyrgios/Documents/bfmc_ws/install/bfmc_interfaces/include/bfmc_interfaces/bfmc_interfaces/msg/serial_status.h
[0.507s] -- Up-to-date: /home/kyrgios/Documents/bfmc_ws/install/bfmc_interfaces/include/bfmc_interfaces/bfmc_interfaces/msg/control.h
[0.507s] -- Up-to-date: /home/kyrgios/Documents/bfmc_ws/install/bfmc_interfaces/include/bfmc_interfaces/bfmc_interfaces/msg/lane_info.h
[0.507s] -- Up-to-date: /home/kyrgios/Documents/bfmc_ws/install/bfmc_interfaces/include/bfmc_interfaces/bfmc_interfaces/msg/rosidl_generator_c__visibility_control.h
[0.507s] -- Up-to-date: /home/kyrgios/Documents/bfmc_ws/install/bfmc_interfaces/include/bfmc_interfaces/bfmc_interfaces/msg/detail
[0.507s] -- Up-to-date: /home/kyrgios/Documents/bfmc_ws/install/bfmc_interfaces/include/bfmc_interfaces/bfmc_interfaces/msg/detail/control__type_support.h
[0.507s] -- Up-to-date: /home/kyrgios/Documents/bfmc_ws/install/bfmc_interfaces/include/bfmc_interfaces/bfmc_interfaces/msg/detail/control__struct.h
[0.507s] -- Up-to-date: /home/kyrgios/Documents/bfmc_ws/install/bfmc_interfaces/include/bfmc_interfaces/bfmc_interfaces/msg/detail/serial_status__functions.h
[0.507s] -- Up-to-date: /home/kyrgios/Documents/bfmc_ws/install/bfmc_interfaces/include/bfmc_interfaces/bfmc_interfaces/msg/detail/serial_status__functions.c
[0.507s] -- Up-to-date: /home/kyrgios/Documents/bfmc_ws/install/bfmc_interfaces/include/bfmc_interfaces/bfmc_interfaces/msg/detail/control__functions.c
[0.507s] -- Up-to-date: /home/kyrgios/Documents/bfmc_ws/install/bfmc_interfaces/include/bfmc_interfaces/bfmc_interfaces/msg/detail/lane_info__functions.h
[0.507s] -- Up-to-date: /home/kyrgios/Documents/bfmc_ws/install/bfmc_interfaces/include/bfmc_interfaces/bfmc_interfaces/msg/detail/lane_info__functions.c
[0.507s] -- Up-to-date: /home/kyrgios/Documents/bfmc_ws/install/bfmc_interfaces/include/bfmc_interfaces/bfmc_interfaces/msg/detail/control__functions.h
[0.507s] -- Up-to-date: /home/kyrgios/Documents/bfmc_ws/install/bfmc_interfaces/include/bfmc_interfaces/bfmc_interfaces/msg/detail/serial_status__type_support.h
[0.508s] -- Up-to-date: /home/kyrgios/Documents/bfmc_ws/install/bfmc_interfaces/include/bfmc_interfaces/bfmc_interfaces/msg/detail/lane_info__struct.h
[0.508s] -- Up-to-date: /home/kyrgios/Documents/bfmc_ws/install/bfmc_interfaces/include/bfmc_interfaces/bfmc_interfaces/msg/detail/lane_info__type_support.h
[0.508s] -- Up-to-date: /home/kyrgios/Documents/bfmc_ws/install/bfmc_interfaces/include/bfmc_interfaces/bfmc_interfaces/msg/detail/serial_status__struct.h
[0.508s] -- Up-to-date: /home/kyrgios/Documents/bfmc_ws/install/bfmc_interfaces/share/bfmc_interfaces/environment/library_path.sh
[0.508s] -- Up-to-date: /home/kyrgios/Documents/bfmc_ws/install/bfmc_interfaces/share/bfmc_interfaces/environment/library_path.dsv
[0.508s] -- Up-to-date: /home/kyrgios/Documents/bfmc_ws/install/bfmc_interfaces/lib/libbfmc_interfaces__rosidl_generator_c.so
[0.508s] -- Up-to-date: /home/kyrgios/Documents/bfmc_ws/install/bfmc_interfaces/include/bfmc_interfaces/bfmc_interfaces
[0.508s] -- Up-to-date: /home/kyrgios/Documents/bfmc_ws/install/bfmc_interfaces/include/bfmc_interfaces/bfmc_interfaces/msg
[0.508s] -- Up-to-date: /home/kyrgios/Documents/bfmc_ws/install/bfmc_interfaces/include/bfmc_interfaces/bfmc_interfaces/msg/rosidl_typesupport_fastrtps_c__visibility_control.h
[0.508s] -- Up-to-date: /home/kyrgios/Documents/bfmc_ws/install/bfmc_interfaces/include/bfmc_interfaces/bfmc_interfaces/msg/detail
[0.508s] -- Up-to-date: /home/kyrgios/Documents/bfmc_ws/install/bfmc_interfaces/include/bfmc_interfaces/bfmc_interfaces/msg/detail/control__rosidl_typesupport_fastrtps_c.h
[0.508s] -- Up-to-date: /home/kyrgios/Documents/bfmc_ws/install/bfmc_interfaces/include/bfmc_interfaces/bfmc_interfaces/msg/detail/serial_status__rosidl_typesupport_fastrtps_c.h
[0.508s] -- Up-to-date: /home/kyrgios/Documents/bfmc_ws/install/bfmc_interfaces/include/bfmc_interfaces/bfmc_interfaces/msg/detail/lane_info__rosidl_typesupport_fastrtps_c.h
[0.508s] -- Up-to-date: /home/kyrgios/Documents/bfmc_ws/install/bfmc_interfaces/lib/libbfmc_interfaces__rosidl_typesupport_fastrtps_c.so
[0.509s] -- Up-to-date: /home/kyrgios/Documents/bfmc_ws/install/bfmc_interfaces/include/bfmc_interfaces/bfmc_interfaces
[0.509s] -- Up-to-date: /home/kyrgios/Documents/bfmc_ws/install/bfmc_interfaces/include/bfmc_interfaces/bfmc_interfaces/msg
[0.509s] -- Up-to-date: /home/kyrgios/Documents/bfmc_ws/install/bfmc_interfaces/include/bfmc_interfaces/bfmc_interfaces/msg/rosidl_typesupport_introspection_c__visibility_control.h
[0.509s] -- Up-to-date: /home/kyrgios/Documents/bfmc_ws/install/bfmc_interfaces/include/bfmc_interfaces/bfmc_interfaces/msg/detail
[0.509s] -- Up-to-date: /home/kyrgios/Documents/bfmc_ws/install/bfmc_interfaces/include/bfmc_interfaces/bfmc_interfaces/msg/detail/lane_info__type_support.c
[0.509s] -- Up-to-date: /home/kyrgios/Documents/bfmc_ws/install/bfmc_interfaces/include/bfmc_interfaces/bfmc_interfaces/msg/detail/control__rosidl_typesupport_introspection_c.h
[0.509s] -- Up-to-date: /home/kyrgios/Documents/bfmc_ws/install/bfmc_interfaces/include/bfmc_interfaces/bfmc_interfaces/msg/detail/serial_status__type_support.c
[0.509s] -- Up-to-date: /home/kyrgios/Documents/bfmc_ws/install/bfmc_interfaces/include/bfmc_interfaces/bfmc_interfaces/msg/detail/lane_info__rosidl_typesupport_introspection_c.h
[0.509s] -- Up-to-date: /home/kyrgios/Documents/bfmc_ws/install/bfmc_interfaces/include/bfmc_interfaces/bfmc_interfaces/msg/detail/serial_status__rosidl_typesupport_introspection_c.h
[0.509s] -- Up-to-date: /home/kyrgios/Documents/bfmc_ws/install/bfmc_interfaces/include/bfmc_interfaces/bfmc_interfaces/msg/detail/control__type_support.c
[0.509s] -- Up-to-date: /home/kyrgios/Documents/bfmc_ws/install/bfmc_interfaces/lib/libbfmc_interfaces__rosidl_typesupport_introspection_c.so
[0.509s] -- Up-to-date: /home/kyrgios/Documents/bfmc_ws/install/bfmc_interfaces/lib/libbfmc_interfaces__rosidl_typesupport_c.so
[0.509s] -- Up-to-date: /home/kyrgios/Documents/bfmc_ws/install/bfmc_interfaces/include/bfmc_interfaces/bfmc_interfaces
[0.509s] -- Up-to-date: /home/kyrgios/Documents/bfmc_ws/install/bfmc_interfaces/include/bfmc_interfaces/bfmc_interfaces/msg
[0.509s] -- Up-to-date: /home/kyrgios/Documents/bfmc_ws/install/bfmc_interfaces/include/bfmc_interfaces/bfmc_interfaces/msg/serial_status.hpp
[0.509s] -- Up-to-date: /home/kyrgios/Documents/bfmc_ws/install/bfmc_interfaces/include/bfmc_interfaces/bfmc_interfaces/msg/lane_info.hpp
[0.509s] -- Up-to-date: /home/kyrgios/Documents/bfmc_ws/install/bfmc_interfaces/include/bfmc_interfaces/bfmc_interfaces/msg/control.hpp
[0.509s] -- Up-to-date: /home/kyrgios/Documents/bfmc_ws/install/bfmc_interfaces/include/bfmc_interfaces/bfmc_interfaces/msg/detail
[0.510s] -- Up-to-date: /home/kyrgios/Documents/bfmc_ws/install/bfmc_interfaces/include/bfmc_interfaces/bfmc_interfaces/msg/detail/control__type_support.hpp
[0.510s] -- Up-to-date: /home/kyrgios/Documents/bfmc_ws/install/bfmc_interfaces/include/bfmc_interfaces/bfmc_interfaces/msg/detail/serial_status__traits.hpp
[0.510s] -- Up-to-date: /home/kyrgios/Documents/bfmc_ws/install/bfmc_interfaces/include/bfmc_interfaces/bfmc_interfaces/msg/detail/serial_status__type_support.hpp
[0.510s] -- Up-to-date: /home/kyrgios/Documents/bfmc_ws/install/bfmc_interfaces/include/bfmc_interfaces/bfmc_interfaces/msg/detail/serial_status__builder.hpp
[0.510s] -- Up-to-date: /home/kyrgios/Documents/bfmc_ws/install/bfmc_interfaces/include/bfmc_interfaces/bfmc_interfaces/msg/detail/lane_info__type_support.hpp
[0.510s] -- Up-to-date: /home/kyrgios/Documents/bfmc_ws/install/bfmc_interfaces/include/bfmc_interfaces/bfmc_interfaces/msg/detail/control__builder.hpp
[0.510s] -- Up-to-date: /home/kyrgios/Documents/bfmc_ws/install/bfmc_interfaces/include/bfmc_interfaces/bfmc_interfaces/msg/detail/serial_status__struct.hpp
[0.510s] -- Up-to-date: /home/kyrgios/Documents/bfmc_ws/install/bfmc_interfaces/include/bfmc_interfaces/bfmc_interfaces/msg/detail/control__struct.hpp
[0.510s] -- Up-to-date: /home/kyrgios/Documents/bfmc_ws/install/bfmc_interfaces/include/bfmc_interfaces/bfmc_interfaces/msg/detail/control__traits.hpp
[0.510s] -- Up-to-date: /home/kyrgios/Documents/bfmc_ws/install/bfmc_interfaces/include/bfmc_interfaces/bfmc_interfaces/msg/detail/lane_info__struct.hpp
[0.510s] -- Up-to-date: /home/kyrgios/Documents/bfmc_ws/install/bfmc_interfaces/include/bfmc_interfaces/bfmc_interfaces/msg/detail/lane_info__builder.hpp
[0.510s] -- Up-to-date: /home/kyrgios/Documents/bfmc_ws/install/bfmc_interfaces/include/bfmc_interfaces/bfmc_interfaces/msg/detail/lane_info__traits.hpp
[0.510s] -- Up-to-date: /home/kyrgios/Documents/bfmc_ws/install/bfmc_interfaces/include/bfmc_interfaces/bfmc_interfaces/msg/rosidl_generator_cpp__visibility_control.hpp
[0.510s] -- Up-to-date: /home/kyrgios/Documents/bfmc_ws/install/bfmc_interfaces/include/bfmc_interfaces/bfmc_interfaces
[0.510s] -- Up-to-date: /home/kyrgios/Documents/bfmc_ws/install/bfmc_interfaces/include/bfmc_interfaces/bfmc_interfaces/msg
[0.510s] -- Up-to-date: /home/kyrgios/Documents/bfmc_ws/install/bfmc_interfaces/include/bfmc_interfaces/bfmc_interfaces/msg/rosidl_typesupport_fastrtps_cpp__visibility_control.h
[0.510s] -- Up-to-date: /home/kyrgios/Documents/bfmc_ws/install/bfmc_interfaces/include/bfmc_interfaces/bfmc_interfaces/msg/detail
[0.510s] -- Up-to-date: /home/kyrgios/Documents/bfmc_ws/install/bfmc_interfaces/include/bfmc_interfaces/bfmc_interfaces/msg/detail/serial_status__rosidl_typesupport_fastrtps_cpp.hpp
[0.511s] -- Up-to-date: /home/kyrgios/Documents/bfmc_ws/install/bfmc_interfaces/include/bfmc_interfaces/bfmc_interfaces/msg/detail/lane_info__rosidl_typesupport_fastrtps_cpp.hpp
[0.511s] -- Up-to-date: /home/kyrgios/Documents/bfmc_ws/install/bfmc_interfaces/include/bfmc_interfaces/bfmc_interfaces/msg/detail/control__rosidl_typesupport_fastrtps_cpp.hpp
[0.511s] -- Up-to-date: /home/kyrgios/Documents/bfmc_ws/install/bfmc_interfaces/include/bfmc_interfaces/bfmc_interfaces/msg/detail/dds_fastrtps
[0.511s] -- Up-to-date: /home/kyrgios/Documents/bfmc_ws/install/bfmc_interfaces/lib/libbfmc_interfaces__rosidl_typesupport_fastrtps_cpp.so
[0.511s] -- Up-to-date: /home/kyrgios/Documents/bfmc_ws/install/bfmc_interfaces/include/bfmc_interfaces/bfmc_interfaces
[0.511s] -- Up-to-date: /home/kyrgios/Documents/bfmc_ws/install/bfmc_interfaces/include/bfmc_interfaces/bfmc_interfaces/msg
[0.511s] -- Up-to-date: /home/kyrgios/Documents/bfmc_ws/install/bfmc_interfaces/include/bfmc_interfaces/bfmc_interfaces/msg/detail
[0.511s] -- Up-to-date: /home/kyrgios/Documents/bfmc_ws/install/bfmc_interfaces/include/bfmc_interfaces/bfmc_interfaces/msg/detail/serial_status__type_support.cpp
[0.511s] -- Up-to-date: /home/kyrgios/Documents/bfmc_ws/install/bfmc_interfaces/include/bfmc_interfaces/bfmc_interfaces/msg/detail/control__type_support.cpp
[0.511s] -- Up-to-date: /home/kyrgios/Documents/bfmc_ws/install/bfmc_interfaces/include/bfmc_interfaces/bfmc_interfaces/msg/detail/serial_status__rosidl_typesupport_introspection_cpp.hpp
[0.511s] -- Up-to-date: /home/kyrgios/Documents/bfmc_ws/install/bfmc_interfaces/include/bfmc_interfaces/bfmc_interfaces/msg/detail/control__rosidl_typesupport_introspection_cpp.hpp
[0.511s] -- Up-to-date: /home/kyrgios/Documents/bfmc_ws/install/bfmc_interfaces/include/bfmc_interfaces/bfmc_interfaces/msg/detail/lane_info__type_support.cpp
[0.511s] -- Up-to-date: /home/kyrgios/Documents/bfmc_ws/install/bfmc_interfaces/include/bfmc_interfaces/bfmc_interfaces/msg/detail/lane_info__rosidl_typesupport_introspection_cpp.hpp
[0.511s] -- Up-to-date: /home/kyrgios/Documents/bfmc_ws/install/bfmc_interfaces/lib/libbfmc_interfaces__rosidl_typesupport_introspection_cpp.so
[0.511s] -- Up-to-date: /home/kyrgios/Documents/bfmc_ws/install/bfmc_interfaces/lib/libbfmc_interfaces__rosidl_typesupport_cpp.so
[0.511s] -- Up-to-date: /home/kyrgios/Documents/bfmc_ws/install/bfmc_interfaces/share/bfmc_interfaces/environment/pythonpath.sh
[0.512s] -- Up-to-date: /home/kyrgios/Documents/bfmc_ws/install/bfmc_interfaces/share/bfmc_interfaces/environment/pythonpath.dsv
[0.512s] -- Up-to-date: /home/kyrgios/Documents/bfmc_ws/install/bfmc_interfaces/local/lib/python3.10/dist-packages/bfmc_interfaces-0.0.0-py3.10.egg-info
[0.512s] -- Installing: /home/kyrgios/Documents/bfmc_ws/install/bfmc_interfaces/local/lib/python3.10/dist-packages/bfmc_interfaces-0.0.0-py3.10.egg-info/top_level.txt
[0.512s] -- Installing: /home/kyrgios/Documents/bfmc_ws/install/bfmc_interfaces/local/lib/python3.10/dist-packages/bfmc_interfaces-0.0.0-py3.10.egg-info/SOURCES.txt
[0.512s] -- Installing: /home/kyrgios/Documents/bfmc_ws/install/bfmc_interfaces/local/lib/python3.10/dist-packages/bfmc_interfaces-0.0.0-py3.10.egg-info/PKG-INFO
[0.512s] -- Installing: /home/kyrgios/Documents/bfmc_ws/install/bfmc_interfaces/local/lib/python3.10/dist-packages/bfmc_interfaces-0.0.0-py3.10.egg-info/dependency_links.txt
[0.512s] -- Up-to-date: /home/kyrgios/Documents/bfmc_ws/install/bfmc_interfaces/local/lib/python3.10/dist-packages/bfmc_interfaces
[0.512s] -- Up-to-date: /home/kyrgios/Documents/bfmc_ws/install/bfmc_interfaces/local/lib/python3.10/dist-packages/bfmc_interfaces/_bfmc_interfaces_s.ep.rosidl_typesupport_c.c
[0.512s] -- Up-to-date: /home/kyrgios/Documents/bfmc_ws/install/bfmc_interfaces/local/lib/python3.10/dist-packages/bfmc_interfaces/msg
[0.512s] -- Up-to-date: /home/kyrgios/Documents/bfmc_ws/install/bfmc_interfaces/local/lib/python3.10/dist-packages/bfmc_interfaces/msg/_control.py
[0.512s] -- Up-to-date: /home/kyrgios/Documents/bfmc_ws/install/bfmc_interfaces/local/lib/python3.10/dist-packages/bfmc_interfaces/msg/_control_s.c
[0.512s] -- Up-to-date: /home/kyrgios/Documents/bfmc_ws/install/bfmc_interfaces/local/lib/python3.10/dist-packages/bfmc_interfaces/msg/_serial_status_s.c
[0.512s] -- Up-to-date: /home/kyrgios/Documents/bfmc_ws/install/bfmc_interfaces/local/lib/python3.10/dist-packages/bfmc_interfaces/msg/_serial_status.py
[0.512s] -- Up-to-date: /home/kyrgios/Documents/bfmc_ws/install/bfmc_interfaces/local/lib/python3.10/dist-packages/bfmc_interfaces/msg/_lane_info_s.c
[0.512s] -- Up-to-date: /home/kyrgios/Documents/bfmc_ws/install/bfmc_interfaces/local/lib/python3.10/dist-packages/bfmc_interfaces/msg/__init__.py
[0.512s] -- Up-to-date: /home/kyrgios/Documents/bfmc_ws/install/bfmc_interfaces/local/lib/python3.10/dist-packages/bfmc_interfaces/msg/_lane_info.py
[0.512s] -- Up-to-date: /home/kyrgios/Documents/bfmc_ws/install/bfmc_interfaces/local/lib/python3.10/dist-packages/bfmc_interfaces/bfmc_interfaces_s__rosidl_typesupport_introspection_c.cpython-310-x86_64-linux-gnu.so
[0.512s] -- Up-to-date: /home/kyrgios/Documents/bfmc_ws/install/bfmc_interfaces/local/lib/python3.10/dist-packages/bfmc_interfaces/bfmc_interfaces_s__rosidl_typesupport_c.cpython-310-x86_64-linux-gnu.so
[0.512s] -- Up-to-date: /home/kyrgios/Documents/bfmc_ws/install/bfmc_interfaces/local/lib/python3.10/dist-packages/bfmc_interfaces/bfmc_interfaces_s__rosidl_typesupport_fastrtps_c.cpython-310-x86_64-linux-gnu.so
[0.512s] -- Up-to-date: /home/kyrgios/Documents/bfmc_ws/install/bfmc_interfaces/local/lib/python3.10/dist-packages/bfmc_interfaces/__init__.py
[0.512s] -- Up-to-date: /home/kyrgios/Documents/bfmc_ws/install/bfmc_interfaces/local/lib/python3.10/dist-packages/bfmc_interfaces/_bfmc_interfaces_s.ep.rosidl_typesupport_introspection_c.c
[0.513s] -- Up-to-date: /home/kyrgios/Documents/bfmc_ws/install/bfmc_interfaces/local/lib/python3.10/dist-packages/bfmc_interfaces/_bfmc_interfaces_s.ep.rosidl_typesupport_fastrtps_c.c
[0.513s] -- Up-to-date: /home/kyrgios/Documents/bfmc_ws/install/bfmc_interfaces/local/lib/python3.10/dist-packages/bfmc_interfaces/libbfmc_interfaces__rosidl_generator_py.so
[0.539s] Listing '/home/kyrgios/Documents/bfmc_ws/install/bfmc_interfaces/local/lib/python3.10/dist-packages/bfmc_interfaces'...
[0.539s] Listing '/home/kyrgios/Documents/bfmc_ws/install/bfmc_interfaces/local/lib/python3.10/dist-packages/bfmc_interfaces/msg'...
[0.544s] -- Up-to-date: /home/kyrgios/Documents/bfmc_ws/install/bfmc_interfaces/local/lib/python3.10/dist-packages/bfmc_interfaces/bfmc_interfaces_s__rosidl_typesupport_fastrtps_c.cpython-310-x86_64-linux-gnu.so
[0.544s] -- Up-to-date: /home/kyrgios/Documents/bfmc_ws/install/bfmc_interfaces/local/lib/python3.10/dist-packages/bfmc_interfaces/bfmc_interfaces_s__rosidl_typesupport_introspection_c.cpython-310-x86_64-linux-gnu.so
[0.544s] -- Up-to-date: /home/kyrgios/Documents/bfmc_ws/install/bfmc_interfaces/local/lib/python3.10/dist-packages/bfmc_interfaces/bfmc_interfaces_s__rosidl_typesupport_c.cpython-310-x86_64-linux-gnu.so
[0.545s] -- Up-to-date: /home/kyrgios/Documents/bfmc_ws/install/bfmc_interfaces/lib/libbfmc_interfaces__rosidl_generator_py.so
[0.545s] -- Up-to-date: /home/kyrgios/Documents/bfmc_ws/install/bfmc_interfaces/share/bfmc_interfaces/msg/Control.idl
[0.545s] -- Up-to-date: /home/kyrgios/Documents/bfmc_ws/install/bfmc_interfaces/share/bfmc_interfaces/msg/LaneInfo.idl
[0.545s] -- Up-to-date: /home/kyrgios/Documents/bfmc_ws/install/bfmc_interfaces/share/bfmc_interfaces/msg/SerialStatus.idl
[0.545s] -- Up-to-date: /home/kyrgios/Documents/bfmc_ws/install/bfmc_interfaces/share/bfmc_interfaces/msg/Control.msg
[0.545s] -- Up-to-date: /home/kyrgios/Documents/bfmc_ws/install/bfmc_interfaces/share/bfmc_interfaces/msg/LaneInfo.msg
[0.545s] -- Up-to-date: /home/kyrgios/Documents/bfmc_ws/install/bfmc_interfaces/share/bfmc_interfaces/msg/SerialStatus.msg
[0.546s] -- Up-to-date: /home/kyrgios/Documents/bfmc_ws/install/bfmc_interfaces/share/ament_index/resource_index/package_run_dependencies/bfmc_interfaces
[0.546s] -- Up-to-date: /home/kyrgios/Documents/bfmc_ws/install/bfmc_interfaces/share/ament_index/resource_index/parent_prefix_path/bfmc_interfaces
[0.546s] -- Up-to-date: /home/kyrgios/Documents/bfmc_ws/install/bfmc_interfaces/share/bfmc_interfaces/environment/ament_prefix_path.sh
[0.546s] -- Up-to-date: /home/kyrgios/Documents/bfmc_ws/install/bfmc_interfaces/share/bfmc_interfaces/environment/ament_prefix_path.dsv
[0.546s] -- Up-to-date: /home/kyrgios/Documents/bfmc_ws/install/bfmc_interfaces/share/bfmc_interfaces/environment/path.sh
[0.546s] -- Up-to-date: /home/kyrgios/Documents/bfmc_ws/install/bfmc_interfaces/share/bfmc_interfaces/environment/path.dsv
[0.546s] -- Up-to-date: /home/kyrgios/Documents/bfmc_ws/install/bfmc_interfaces/share/bfmc_interfaces/local_setup.bash
[0.546s] -- Up-to-date: /home/kyrgios/Documents/bfmc_ws/install/bfmc_interfaces/share/bfmc_interfaces/local_setup.sh
[0.546s] -- Up-to-date: /home/kyrgios/Documents/bfmc_ws/install/bfmc_interfaces/share/bfmc_interfaces/local_setup.zsh
[0.546s] -- Up-to-date: /home/kyrgios/Documents/bfmc_ws/install/bfmc_interfaces/share/bfmc_interfaces/local_setup.dsv
[0.546s] -- Installing: /home/kyrgios/Documents/bfmc_ws/install/bfmc_interfaces/share/bfmc_interfaces/package.dsv
[0.546s] -- Up-to-date: /home/kyrgios/Documents/bfmc_ws/install/bfmc_interfaces/share/ament_index/resource_index/packages/bfmc_interfaces
[0.546s] -- Up-to-date: /home/kyrgios/Documents/bfmc_ws/install/bfmc_interfaces/share/bfmc_interfaces/cmake/export_bfmc_interfaces__rosidl_generator_cExport.cmake
[0.546s] -- Up-to-date: /home/kyrgios/Documents/bfmc_ws/install/bfmc_interfaces/share/bfmc_interfaces/cmake/export_bfmc_interfaces__rosidl_generator_cExport-noconfig.cmake
[0.546s] -- Up-to-date: /home/kyrgios/Documents/bfmc_ws/install/bfmc_interfaces/share/bfmc_interfaces/cmake/export_bfmc_interfaces__rosidl_typesupport_fastrtps_cExport.cmake
[0.546s] -- Up-to-date: /home/kyrgios/Documents/bfmc_ws/install/bfmc_interfaces/share/bfmc_interfaces/cmake/export_bfmc_interfaces__rosidl_typesupport_fastrtps_cExport-noconfig.cmake
[0.546s] -- Up-to-date: /home/kyrgios/Documents/bfmc_ws/install/bfmc_interfaces/share/bfmc_interfaces/cmake/bfmc_interfaces__rosidl_typesupport_introspection_cExport.cmake
[0.547s] -- Up-to-date: /home/kyrgios/Documents/bfmc_ws/install/bfmc_interfaces/share/bfmc_interfaces/cmake/bfmc_interfaces__rosidl_typesupport_introspection_cExport-noconfig.cmake
[0.547s] -- Up-to-date: /home/kyrgios/Documents/bfmc_ws/install/bfmc_interfaces/share/bfmc_interfaces/cmake/bfmc_interfaces__rosidl_typesupport_cExport.cmake
[0.547s] -- Up-to-date: /home/kyrgios/Documents/bfmc_ws/install/bfmc_interfaces/share/bfmc_interfaces/cmake/bfmc_interfaces__rosidl_typesupport_cExport-noconfig.cmake
[0.547s] -- Up-to-date: /home/kyrgios/Documents/bfmc_ws/install/bfmc_interfaces/share/bfmc_interfaces/cmake/export_bfmc_interfaces__rosidl_generator_cppExport.cmake
[0.547s] -- Up-to-date: /home/kyrgios/Documents/bfmc_ws/install/bfmc_interfaces/share/bfmc_interfaces/cmake/export_bfmc_interfaces__rosidl_typesupport_fastrtps_cppExport.cmake
[0.547s] -- Up-to-date: /home/kyrgios/Documents/bfmc_ws/install/bfmc_interfaces/share/bfmc_interfaces/cmake/export_bfmc_interfaces__rosidl_typesupport_fastrtps_cppExport-noconfig.cmake
[0.547s] -- Up-to-date: /home/kyrgios/Documents/bfmc_ws/install/bfmc_interfaces/share/bfmc_interfaces/cmake/bfmc_interfaces__rosidl_typesupport_introspection_cppExport.cmake
[0.547s] -- Up-to-date: /home/kyrgios/Documents/bfmc_ws/install/bfmc_interfaces/share/bfmc_interfaces/cmake/bfmc_interfaces__rosidl_typesupport_introspection_cppExport-noconfig.cmake
[0.547s] -- Up-to-date: /home/kyrgios/Documents/bfmc_ws/install/bfmc_interfaces/share/bfmc_interfaces/cmake/bfmc_interfaces__rosidl_typesupport_cppExport.cmake
[0.547s] -- Up-to-date: /home/kyrgios/Documents/bfmc_ws/install/bfmc_interfaces/share/bfmc_interfaces/cmake/bfmc_interfaces__rosidl_typesupport_cppExport-noconfig.cmake
[0.547s] -- Up-to-date: /home/kyrgios/Documents/bfmc_ws/install/bfmc_interfaces/share/bfmc_interfaces/cmake/export_bfmc_interfaces__rosidl_generator_pyExport.cmake
[0.547s] -- Up-to-date: /home/kyrgios/Documents/bfmc_ws/install/bfmc_interfaces/share/bfmc_interfaces/cmake/export_bfmc_interfaces__rosidl_generator_pyExport-noconfig.cmake
[0.547s] -- Up-to-date: /home/kyrgios/Documents/bfmc_ws/install/bfmc_interfaces/share/bfmc_interfaces/cmake/rosidl_cmake-extras.cmake
[0.547s] -- Up-to-date: /home/kyrgios/Documents/bfmc_ws/install/bfmc_interfaces/share/bfmc_interfaces/cmake/ament_cmake_export_include_directories-extras.cmake
[0.547s] -- Up-to-date: /home/kyrgios/Documents/bfmc_ws/install/bfmc_interfaces/share/bfmc_interfaces/cmake/ament_cmake_export_libraries-extras.cmake
[0.547s] -- Up-to-date: /home/kyrgios/Documents/bfmc_ws/install/bfmc_interfaces/share/bfmc_interfaces/cmake/ament_cmake_export_targets-extras.cmake
[0.548s] -- Up-to-date: /home/kyrgios/Documents/bfmc_ws/install/bfmc_interfaces/share/bfmc_interfaces/cmake/rosidl_cmake_export_typesupport_targets-extras.cmake
[0.548s] -- Up-to-date: /home/kyrgios/Documents/bfmc_ws/install/bfmc_interfaces/share/bfmc_interfaces/cmake/ament_cmake_export_dependencies-extras.cmake
[0.548s] -- Up-to-date: /home/kyrgios/Documents/bfmc_ws/install/bfmc_interfaces/share/bfmc_interfaces/cmake/rosidl_cmake_export_typesupport_libraries-extras.cmake
[0.548s] -- Up-to-date: /home/kyrgios/Documents/bfmc_ws/install/bfmc_interfaces/share/bfmc_interfaces/cmake/bfmc_interfacesConfig.cmake
[0.548s] -- Up-to-date: /home/kyrgios/Documents/bfmc_ws/install/bfmc_interfaces/share/bfmc_interfaces/cmake/bfmc_interfacesConfig-version.cmake
[0.548s] -- Up-to-date: /home/kyrgios/Documents/bfmc_ws/install/bfmc_interfaces/share/bfmc_interfaces/package.xml
[0.550s] Invoked command in '/home/kyrgios/Documents/bfmc_ws/build/bfmc_interfaces' returned '0': CMAKE_PREFIX_PATH=${CMAKE_PREFIX_PATH}:/home/kyrgios/Documents/bfmc_ws/install/bfmc_perception:/home/kyrgios/Documents/bfmc_ws/install/bfmc_launch:/home/kyrgios/Documents/bfmc_ws/install/bfmc_hardware:/home/kyrgios/Documents/bfmc_ws/install/bfmc_brain:/opt/ros/humble /usr/bin/cmake --install /home/kyrgios/Documents/bfmc_ws/build/bfmc_interfaces
