running egg_info
writing ../../build/bfmc_perception/bfmc_perception.egg-info/PKG-INFO
writing dependency_links to ../../build/bfmc_perception/bfmc_perception.egg-info/dependency_links.txt
writing entry points to ../../build/bfmc_perception/bfmc_perception.egg-info/entry_points.txt
writing requirements to ../../build/bfmc_perception/bfmc_perception.egg-info/requires.txt
writing top-level names to ../../build/bfmc_perception/bfmc_perception.egg-info/top_level.txt
reading manifest file '../../build/bfmc_perception/bfmc_perception.egg-info/SOURCES.txt'
writing manifest file '../../build/bfmc_perception/bfmc_perception.egg-info/SOURCES.txt'
running build
running build_py
copying bfmc_perception/lane_detector_node.py -> /home/kyrgios/Documents/bfmc_ws/build/bfmc_perception/build/lib/bfmc_perception
running install
running install_lib
copying /home/kyrgios/Documents/bfmc_ws/build/bfmc_perception/build/lib/bfmc_perception/lane_detector_node.py -> /home/kyrgios/Documents/bfmc_ws/install/bfmc_perception/lib/python3.10/site-packages/bfmc_perception
byte-compiling /home/kyrgios/Documents/bfmc_ws/install/bfmc_perception/lib/python3.10/site-packages/bfmc_perception/lane_detector_node.py to lane_detector_node.cpython-310.pyc
running install_data
running install_egg_info
removing '/home/kyrgios/Documents/bfmc_ws/install/bfmc_perception/lib/python3.10/site-packages/bfmc_perception-0.0.0-py3.10.egg-info' (and everything under it)
Copying ../../build/bfmc_perception/bfmc_perception.egg-info to /home/kyrgios/Documents/bfmc_ws/install/bfmc_perception/lib/python3.10/site-packages/bfmc_perception-0.0.0-py3.10.egg-info
running install_scripts
Installing lane_detector script to /home/kyrgios/Documents/bfmc_ws/install/bfmc_perception/lib/bfmc_perception
writing list of installed files to '/home/kyrgios/Documents/bfmc_ws/build/bfmc_perception/install.log'
