running egg_info
writing ../../build/bfmc_hardware/bfmc_hardware.egg-info/PKG-INFO
writing dependency_links to ../../build/bfmc_hardware/bfmc_hardware.egg-info/dependency_links.txt
writing entry points to ../../build/bfmc_hardware/bfmc_hardware.egg-info/entry_points.txt
writing requirements to ../../build/bfmc_hardware/bfmc_hardware.egg-info/requires.txt
writing top-level names to ../../build/bfmc_hardware/bfmc_hardware.egg-info/top_level.txt
reading manifest file '../../build/bfmc_hardware/bfmc_hardware.egg-info/SOURCES.txt'
writing manifest file '../../build/bfmc_hardware/bfmc_hardware.egg-info/SOURCES.txt'
running build
running build_py
running install
running install_lib
running install_data
running install_egg_info
removing '/home/kyrgios/Documents/bfmc_ws/install/bfmc_hardware/lib/python3.10/site-packages/bfmc_hardware-0.0.0-py3.10.egg-info' (and everything under it)
Copying ../../build/bfmc_hardware/bfmc_hardware.egg-info to /home/kyrgios/Documents/bfmc_ws/install/bfmc_hardware/lib/python3.10/site-packages/bfmc_hardware-0.0.0-py3.10.egg-info
running install_scripts
Installing camera_node script to /home/kyrgios/Documents/bfmc_ws/install/bfmc_hardware/lib/bfmc_hardware
Installing serial_node script to /home/kyrgios/Documents/bfmc_ws/install/bfmc_hardware/lib/bfmc_hardware
writing list of installed files to '/home/kyrgios/Documents/bfmc_ws/build/bfmc_hardware/install.log'
