[0.822s] Invoking command in '/home/kyrgios/Documents/bfmc_ws/src/bfmc_hardware': AMENT_PREFIX_PATH=/home/kyrgios/Documents/bfmc_ws/install/bfmc_interfaces:${AMENT_PREFIX_PATH} CMAKE_PREFIX_PATH=/home/kyrgios/Documents/bfmc_ws/install/bfmc_interfaces LD_LIBRARY_PATH=/home/kyrgios/Documents/bfmc_ws/install/bfmc_interfaces/lib:${LD_LIBRARY_PATH} PYTHONPATH=/home/kyrgios/Documents/bfmc_ws/build/bfmc_hardware/prefix_override:/usr/lib/python3/dist-packages/colcon_core/task/python/colcon_distutils_commands:/home/kyrgios/Documents/bfmc_ws/install/bfmc_hardware/lib/python3.10/site-packages:/home/kyrgios/Documents/bfmc_ws/install/bfmc_interfaces/local/lib/python3.10/dist-packages:${PYTHONPATH} /usr/bin/python3 -W ignore:setup.py install is deprecated -W ignore:easy_install command is deprecated setup.py egg_info --egg-base ../../build/bfmc_hardware build --build-base /home/kyrgios/Documents/bfmc_ws/build/bfmc_hardware/build install --record /home/kyrgios/Documents/bfmc_ws/build/bfmc_hardware/install.log --single-version-externally-managed install_data
[1.022s] running egg_info
[1.022s] writing ../../build/bfmc_hardware/bfmc_hardware.egg-info/PKG-INFO
[1.022s] writing dependency_links to ../../build/bfmc_hardware/bfmc_hardware.egg-info/dependency_links.txt
[1.022s] writing entry points to ../../build/bfmc_hardware/bfmc_hardware.egg-info/entry_points.txt
[1.022s] writing requirements to ../../build/bfmc_hardware/bfmc_hardware.egg-info/requires.txt
[1.029s] writing top-level names to ../../build/bfmc_hardware/bfmc_hardware.egg-info/top_level.txt
[1.029s] reading manifest file '../../build/bfmc_hardware/bfmc_hardware.egg-info/SOURCES.txt'
[1.030s] writing manifest file '../../build/bfmc_hardware/bfmc_hardware.egg-info/SOURCES.txt'
[1.031s] running build
[1.031s] running build_py
[1.031s] running install
[1.031s] running install_lib
[1.033s] running install_data
[1.033s] running install_egg_info
[1.035s] removing '/home/kyrgios/Documents/bfmc_ws/install/bfmc_hardware/lib/python3.10/site-packages/bfmc_hardware-0.0.0-py3.10.egg-info' (and everything under it)
[1.035s] Copying ../../build/bfmc_hardware/bfmc_hardware.egg-info to /home/kyrgios/Documents/bfmc_ws/install/bfmc_hardware/lib/python3.10/site-packages/bfmc_hardware-0.0.0-py3.10.egg-info
[1.036s] running install_scripts
[1.052s] Installing camera_node script to /home/kyrgios/Documents/bfmc_ws/install/bfmc_hardware/lib/bfmc_hardware
[1.052s] Installing serial_node script to /home/kyrgios/Documents/bfmc_ws/install/bfmc_hardware/lib/bfmc_hardware
[1.052s] writing list of installed files to '/home/kyrgios/Documents/bfmc_ws/build/bfmc_hardware/install.log'
[1.083s] Invoked command in '/home/kyrgios/Documents/bfmc_ws/src/bfmc_hardware' returned '0': AMENT_PREFIX_PATH=/home/kyrgios/Documents/bfmc_ws/install/bfmc_interfaces:${AMENT_PREFIX_PATH} CMAKE_PREFIX_PATH=/home/kyrgios/Documents/bfmc_ws/install/bfmc_interfaces LD_LIBRARY_PATH=/home/kyrgios/Documents/bfmc_ws/install/bfmc_interfaces/lib:${LD_LIBRARY_PATH} PYTHONPATH=/home/kyrgios/Documents/bfmc_ws/build/bfmc_hardware/prefix_override:/usr/lib/python3/dist-packages/colcon_core/task/python/colcon_distutils_commands:/home/kyrgios/Documents/bfmc_ws/install/bfmc_hardware/lib/python3.10/site-packages:/home/kyrgios/Documents/bfmc_ws/install/bfmc_interfaces/local/lib/python3.10/dist-packages:${PYTHONPATH} /usr/bin/python3 -W ignore:setup.py install is deprecated -W ignore:easy_install command is deprecated setup.py egg_info --egg-base ../../build/bfmc_hardware build --build-base /home/kyrgios/Documents/bfmc_ws/build/bfmc_hardware/build install --record /home/kyrgios/Documents/bfmc_ws/build/bfmc_hardware/install.log --single-version-externally-managed install_data
