[0.139s] DEBUG:colcon:Command line arguments: ['/usr/bin/colcon', 'build', '--packages-select', 'bfmc_brain', 'bfmc_perception']
[0.140s] DEBUG:colcon:Parsed command line arguments: Namespace(log_base=None, log_level=None, verb_name='build', build_base='build', install_base='install', merge_install=False, symlink_install=False, test_result_base=None, continue_on_error=False, executor='parallel', parallel_workers=12, event_handlers=None, ignore_user_meta=False, metas=['./colcon.meta'], base_paths=['.'], packages_ignore=None, packages_ignore_regex=None, paths=None, packages_up_to=None, packages_up_to_regex=None, packages_above=None, packages_above_and_dependencies=None, packages_above_depth=None, packages_select_by_dep=None, packages_skip_by_dep=None, packages_skip_up_to=None, packages_select_build_failed=False, packages_skip_build_finished=False, packages_select_test_failures=False, packages_skip_test_passed=False, packages_select=['bfmc_brain', 'bfmc_perception'], packages_skip=None, packages_select_regex=None, packages_skip_regex=None, packages_start=None, packages_end=None, allow_overriding=[], cmake_args=None, cmake_target=None, cmake_target_skip_unavailable=False, cmake_clean_cache=False, cmake_clean_first=False, cmake_force_configure=False, ament_cmake_args=None, catkin_cmake_args=None, catkin_skip_building_tests=False, verb_parser=<colcon_defaults.argument_parser.defaults.DefaultArgumentsDecorator object at 0x77a678765f00>, verb_extension=<colcon_core.verb.build.BuildVerb object at 0x77a6788dec80>, main=<bound method BuildVerb.main of <colcon_core.verb.build.BuildVerb object at 0x77a6788dec80>>)
[0.316s] Level 1:colcon.colcon_core.package_discovery:discover_packages(colcon_meta) check parameters
[0.316s] Level 1:colcon.colcon_core.package_discovery:discover_packages(recursive) check parameters
[0.316s] Level 1:colcon.colcon_core.package_discovery:discover_packages(ignore) check parameters
[0.316s] Level 1:colcon.colcon_core.package_discovery:discover_packages(path) check parameters
[0.316s] Level 1:colcon.colcon_core.package_discovery:discover_packages(colcon_meta) discover
[0.316s] Level 1:colcon.colcon_core.package_discovery:discover_packages(recursive) discover
[0.316s] INFO:colcon.colcon_core.package_discovery:Crawling recursively for packages in '/home/kyrgios/Documents/bfmc_ws'
[0.316s] Level 1:colcon.colcon_core.package_identification:_identify(.) by extensions ['ignore', 'ignore_ament_install']
[0.317s] Level 1:colcon.colcon_core.package_identification:_identify(.) by extension 'ignore'
[0.317s] Level 1:colcon.colcon_core.package_identification:_identify(.) by extension 'ignore_ament_install'
[0.317s] Level 1:colcon.colcon_core.package_identification:_identify(.) by extensions ['colcon_pkg']
[0.317s] Level 1:colcon.colcon_core.package_identification:_identify(.) by extension 'colcon_pkg'
[0.317s] Level 1:colcon.colcon_core.package_identification:_identify(.) by extensions ['colcon_meta']
[0.317s] Level 1:colcon.colcon_core.package_identification:_identify(.) by extension 'colcon_meta'
[0.317s] Level 1:colcon.colcon_core.package_identification:_identify(.) by extensions ['ros']
[0.317s] Level 1:colcon.colcon_core.package_identification:_identify(.) by extension 'ros'
[0.349s] Level 1:colcon.colcon_core.package_identification:_identify(.) by extensions ['cmake', 'python']
[0.349s] Level 1:colcon.colcon_core.package_identification:_identify(.) by extension 'cmake'
[0.349s] Level 1:colcon.colcon_core.package_identification:_identify(.) by extension 'python'
[0.349s] Level 1:colcon.colcon_core.package_identification:_identify(.) by extensions ['python_setup_py']
[0.349s] Level 1:colcon.colcon_core.package_identification:_identify(.) by extension 'python_setup_py'
[0.350s] Level 1:colcon.colcon_core.package_identification:_identify(__pycache__) by extensions ['ignore', 'ignore_ament_install']
[0.350s] Level 1:colcon.colcon_core.package_identification:_identify(__pycache__) by extension 'ignore'
[0.350s] Level 1:colcon.colcon_core.package_identification:_identify(__pycache__) by extension 'ignore_ament_install'
[0.350s] Level 1:colcon.colcon_core.package_identification:_identify(__pycache__) by extensions ['colcon_pkg']
[0.350s] Level 1:colcon.colcon_core.package_identification:_identify(__pycache__) by extension 'colcon_pkg'
[0.350s] Level 1:colcon.colcon_core.package_identification:_identify(__pycache__) by extensions ['colcon_meta']
[0.350s] Level 1:colcon.colcon_core.package_identification:_identify(__pycache__) by extension 'colcon_meta'
[0.350s] Level 1:colcon.colcon_core.package_identification:_identify(__pycache__) by extensions ['ros']
[0.350s] Level 1:colcon.colcon_core.package_identification:_identify(__pycache__) by extension 'ros'
[0.350s] Level 1:colcon.colcon_core.package_identification:_identify(__pycache__) by extensions ['cmake', 'python']
[0.350s] Level 1:colcon.colcon_core.package_identification:_identify(__pycache__) by extension 'cmake'
[0.350s] Level 1:colcon.colcon_core.package_identification:_identify(__pycache__) by extension 'python'
[0.350s] Level 1:colcon.colcon_core.package_identification:_identify(__pycache__) by extensions ['python_setup_py']
[0.350s] Level 1:colcon.colcon_core.package_identification:_identify(__pycache__) by extension 'python_setup_py'
[0.350s] Level 1:colcon.colcon_core.package_identification:_identify(build) by extensions ['ignore', 'ignore_ament_install']
[0.350s] Level 1:colcon.colcon_core.package_identification:_identify(build) by extension 'ignore'
[0.350s] Level 1:colcon.colcon_core.package_identification:_identify(build) ignored
[0.350s] Level 1:colcon.colcon_core.package_identification:_identify(install) by extensions ['ignore', 'ignore_ament_install']
[0.350s] Level 1:colcon.colcon_core.package_identification:_identify(install) by extension 'ignore'
[0.350s] Level 1:colcon.colcon_core.package_identification:_identify(install) ignored
[0.351s] Level 1:colcon.colcon_core.package_identification:_identify(log) by extensions ['ignore', 'ignore_ament_install']
[0.351s] Level 1:colcon.colcon_core.package_identification:_identify(log) by extension 'ignore'
[0.351s] Level 1:colcon.colcon_core.package_identification:_identify(log) ignored
[0.351s] Level 1:colcon.colcon_core.package_identification:_identify(src) by extensions ['ignore', 'ignore_ament_install']
[0.351s] Level 1:colcon.colcon_core.package_identification:_identify(src) by extension 'ignore'
[0.351s] Level 1:colcon.colcon_core.package_identification:_identify(src) by extension 'ignore_ament_install'
[0.351s] Level 1:colcon.colcon_core.package_identification:_identify(src) by extensions ['colcon_pkg']
[0.351s] Level 1:colcon.colcon_core.package_identification:_identify(src) by extension 'colcon_pkg'
[0.351s] Level 1:colcon.colcon_core.package_identification:_identify(src) by extensions ['colcon_meta']
[0.351s] Level 1:colcon.colcon_core.package_identification:_identify(src) by extension 'colcon_meta'
[0.351s] Level 1:colcon.colcon_core.package_identification:_identify(src) by extensions ['ros']
[0.351s] Level 1:colcon.colcon_core.package_identification:_identify(src) by extension 'ros'
[0.351s] Level 1:colcon.colcon_core.package_identification:_identify(src) by extensions ['cmake', 'python']
[0.351s] Level 1:colcon.colcon_core.package_identification:_identify(src) by extension 'cmake'
[0.351s] Level 1:colcon.colcon_core.package_identification:_identify(src) by extension 'python'
[0.351s] Level 1:colcon.colcon_core.package_identification:_identify(src) by extensions ['python_setup_py']
[0.351s] Level 1:colcon.colcon_core.package_identification:_identify(src) by extension 'python_setup_py'
[0.351s] Level 1:colcon.colcon_core.package_identification:_identify(src/bfmc_brain) by extensions ['ignore', 'ignore_ament_install']
[0.351s] Level 1:colcon.colcon_core.package_identification:_identify(src/bfmc_brain) by extension 'ignore'
[0.351s] Level 1:colcon.colcon_core.package_identification:_identify(src/bfmc_brain) by extension 'ignore_ament_install'
[0.351s] Level 1:colcon.colcon_core.package_identification:_identify(src/bfmc_brain) by extensions ['colcon_pkg']
[0.351s] Level 1:colcon.colcon_core.package_identification:_identify(src/bfmc_brain) by extension 'colcon_pkg'
[0.351s] Level 1:colcon.colcon_core.package_identification:_identify(src/bfmc_brain) by extensions ['colcon_meta']
[0.351s] Level 1:colcon.colcon_core.package_identification:_identify(src/bfmc_brain) by extension 'colcon_meta'
[0.352s] Level 1:colcon.colcon_core.package_identification:_identify(src/bfmc_brain) by extensions ['ros']
[0.352s] Level 1:colcon.colcon_core.package_identification:_identify(src/bfmc_brain) by extension 'ros'
[0.354s] DEBUG:colcon.colcon_core.package_identification:Package 'src/bfmc_brain' with type 'ros.ament_python' and name 'bfmc_brain'
[0.354s] Level 1:colcon.colcon_core.package_identification:_identify(src/bfmc_hardware) by extensions ['ignore', 'ignore_ament_install']
[0.354s] Level 1:colcon.colcon_core.package_identification:_identify(src/bfmc_hardware) by extension 'ignore'
[0.354s] Level 1:colcon.colcon_core.package_identification:_identify(src/bfmc_hardware) by extension 'ignore_ament_install'
[0.354s] Level 1:colcon.colcon_core.package_identification:_identify(src/bfmc_hardware) by extensions ['colcon_pkg']
[0.354s] Level 1:colcon.colcon_core.package_identification:_identify(src/bfmc_hardware) by extension 'colcon_pkg'
[0.354s] Level 1:colcon.colcon_core.package_identification:_identify(src/bfmc_hardware) by extensions ['colcon_meta']
[0.354s] Level 1:colcon.colcon_core.package_identification:_identify(src/bfmc_hardware) by extension 'colcon_meta'
[0.354s] Level 1:colcon.colcon_core.package_identification:_identify(src/bfmc_hardware) by extensions ['ros']
[0.354s] Level 1:colcon.colcon_core.package_identification:_identify(src/bfmc_hardware) by extension 'ros'
[0.355s] DEBUG:colcon.colcon_core.package_identification:Package 'src/bfmc_hardware' with type 'ros.ament_python' and name 'bfmc_hardware'
[0.355s] Level 1:colcon.colcon_core.package_identification:_identify(src/bfmc_interfaces) by extensions ['ignore', 'ignore_ament_install']
[0.355s] Level 1:colcon.colcon_core.package_identification:_identify(src/bfmc_interfaces) by extension 'ignore'
[0.355s] Level 1:colcon.colcon_core.package_identification:_identify(src/bfmc_interfaces) by extension 'ignore_ament_install'
[0.355s] Level 1:colcon.colcon_core.package_identification:_identify(src/bfmc_interfaces) by extensions ['colcon_pkg']
[0.355s] Level 1:colcon.colcon_core.package_identification:_identify(src/bfmc_interfaces) by extension 'colcon_pkg'
[0.355s] Level 1:colcon.colcon_core.package_identification:_identify(src/bfmc_interfaces) by extensions ['colcon_meta']
[0.355s] Level 1:colcon.colcon_core.package_identification:_identify(src/bfmc_interfaces) by extension 'colcon_meta'
[0.355s] Level 1:colcon.colcon_core.package_identification:_identify(src/bfmc_interfaces) by extensions ['ros']
[0.355s] Level 1:colcon.colcon_core.package_identification:_identify(src/bfmc_interfaces) by extension 'ros'
[0.356s] DEBUG:colcon.colcon_core.package_identification:Package 'src/bfmc_interfaces' with type 'ros.ament_cmake' and name 'bfmc_interfaces'
[0.356s] Level 1:colcon.colcon_core.package_identification:_identify(src/bfmc_launch) by extensions ['ignore', 'ignore_ament_install']
[0.356s] Level 1:colcon.colcon_core.package_identification:_identify(src/bfmc_launch) by extension 'ignore'
[0.356s] Level 1:colcon.colcon_core.package_identification:_identify(src/bfmc_launch) by extension 'ignore_ament_install'
[0.356s] Level 1:colcon.colcon_core.package_identification:_identify(src/bfmc_launch) by extensions ['colcon_pkg']
[0.356s] Level 1:colcon.colcon_core.package_identification:_identify(src/bfmc_launch) by extension 'colcon_pkg'
[0.356s] Level 1:colcon.colcon_core.package_identification:_identify(src/bfmc_launch) by extensions ['colcon_meta']
[0.356s] Level 1:colcon.colcon_core.package_identification:_identify(src/bfmc_launch) by extension 'colcon_meta'
[0.356s] Level 1:colcon.colcon_core.package_identification:_identify(src/bfmc_launch) by extensions ['ros']
[0.356s] Level 1:colcon.colcon_core.package_identification:_identify(src/bfmc_launch) by extension 'ros'
[0.357s] DEBUG:colcon.colcon_core.package_identification:Package 'src/bfmc_launch' with type 'ros.ament_python' and name 'bfmc_launch'
[0.357s] Level 1:colcon.colcon_core.package_identification:_identify(src/bfmc_perception) by extensions ['ignore', 'ignore_ament_install']
[0.357s] Level 1:colcon.colcon_core.package_identification:_identify(src/bfmc_perception) by extension 'ignore'
[0.357s] Level 1:colcon.colcon_core.package_identification:_identify(src/bfmc_perception) by extension 'ignore_ament_install'
[0.357s] Level 1:colcon.colcon_core.package_identification:_identify(src/bfmc_perception) by extensions ['colcon_pkg']
[0.357s] Level 1:colcon.colcon_core.package_identification:_identify(src/bfmc_perception) by extension 'colcon_pkg'
[0.357s] Level 1:colcon.colcon_core.package_identification:_identify(src/bfmc_perception) by extensions ['colcon_meta']
[0.357s] Level 1:colcon.colcon_core.package_identification:_identify(src/bfmc_perception) by extension 'colcon_meta'
[0.357s] Level 1:colcon.colcon_core.package_identification:_identify(src/bfmc_perception) by extensions ['ros']
[0.357s] Level 1:colcon.colcon_core.package_identification:_identify(src/bfmc_perception) by extension 'ros'
[0.358s] DEBUG:colcon.colcon_core.package_identification:Package 'src/bfmc_perception' with type 'ros.ament_python' and name 'bfmc_perception'
[0.358s] Level 1:colcon.colcon_core.package_identification:_identify(test) by extensions ['ignore', 'ignore_ament_install']
[0.358s] Level 1:colcon.colcon_core.package_identification:_identify(test) by extension 'ignore'
[0.358s] Level 1:colcon.colcon_core.package_identification:_identify(test) by extension 'ignore_ament_install'
[0.358s] Level 1:colcon.colcon_core.package_identification:_identify(test) by extensions ['colcon_pkg']
[0.358s] Level 1:colcon.colcon_core.package_identification:_identify(test) by extension 'colcon_pkg'
[0.358s] Level 1:colcon.colcon_core.package_identification:_identify(test) by extensions ['colcon_meta']
[0.358s] Level 1:colcon.colcon_core.package_identification:_identify(test) by extension 'colcon_meta'
[0.358s] Level 1:colcon.colcon_core.package_identification:_identify(test) by extensions ['ros']
[0.358s] Level 1:colcon.colcon_core.package_identification:_identify(test) by extension 'ros'
[0.358s] Level 1:colcon.colcon_core.package_identification:_identify(test) by extensions ['cmake', 'python']
[0.358s] Level 1:colcon.colcon_core.package_identification:_identify(test) by extension 'cmake'
[0.358s] Level 1:colcon.colcon_core.package_identification:_identify(test) by extension 'python'
[0.358s] Level 1:colcon.colcon_core.package_identification:_identify(test) by extensions ['python_setup_py']
[0.358s] Level 1:colcon.colcon_core.package_identification:_identify(test) by extension 'python_setup_py'
[0.358s] Level 1:colcon.colcon_core.package_discovery:discover_packages(recursive) using defaults
[0.358s] Level 1:colcon.colcon_core.package_discovery:discover_packages(ignore) discover
[0.358s] Level 1:colcon.colcon_core.package_discovery:discover_packages(ignore) using defaults
[0.358s] Level 1:colcon.colcon_core.package_discovery:discover_packages(path) discover
[0.358s] Level 1:colcon.colcon_core.package_discovery:discover_packages(path) using defaults
[0.375s] INFO:colcon.colcon_core.package_selection:Skipping not selected package 'bfmc_interfaces' in 'src/bfmc_interfaces'
[0.375s] INFO:colcon.colcon_core.package_selection:Skipping not selected package 'bfmc_launch' in 'src/bfmc_launch'
[0.375s] INFO:colcon.colcon_core.package_selection:Skipping not selected package 'bfmc_hardware' in 'src/bfmc_hardware'
[0.375s] Level 1:colcon.colcon_core.package_discovery:discover_packages(prefix_path) check parameters
[0.375s] Level 1:colcon.colcon_core.package_discovery:discover_packages(prefix_path) discover
[0.377s] DEBUG:colcon.colcon_installed_package_information.package_discovery:Found 5 installed packages in /home/kyrgios/Documents/bfmc_ws/install
[0.378s] DEBUG:colcon.colcon_installed_package_information.package_discovery:Found 314 installed packages in /opt/ros/humble
[0.380s] Level 1:colcon.colcon_core.package_discovery:discover_packages(prefix_path) using defaults
[0.410s] Level 5:colcon.colcon_core.verb:set package 'bfmc_brain' build argument 'cmake_args' from command line to 'None'
[0.410s] Level 5:colcon.colcon_core.verb:set package 'bfmc_brain' build argument 'cmake_target' from command line to 'None'
[0.410s] Level 5:colcon.colcon_core.verb:set package 'bfmc_brain' build argument 'cmake_target_skip_unavailable' from command line to 'False'
[0.410s] Level 5:colcon.colcon_core.verb:set package 'bfmc_brain' build argument 'cmake_clean_cache' from command line to 'False'
[0.410s] Level 5:colcon.colcon_core.verb:set package 'bfmc_brain' build argument 'cmake_clean_first' from command line to 'False'
[0.410s] Level 5:colcon.colcon_core.verb:set package 'bfmc_brain' build argument 'cmake_force_configure' from command line to 'False'
[0.410s] Level 5:colcon.colcon_core.verb:set package 'bfmc_brain' build argument 'ament_cmake_args' from command line to 'None'
[0.410s] Level 5:colcon.colcon_core.verb:set package 'bfmc_brain' build argument 'catkin_cmake_args' from command line to 'None'
[0.410s] Level 5:colcon.colcon_core.verb:set package 'bfmc_brain' build argument 'catkin_skip_building_tests' from command line to 'False'
[0.410s] DEBUG:colcon.colcon_core.verb:Building package 'bfmc_brain' with the following arguments: {'ament_cmake_args': None, 'build_base': '/home/kyrgios/Documents/bfmc_ws/build/bfmc_brain', 'catkin_cmake_args': None, 'catkin_skip_building_tests': False, 'cmake_args': None, 'cmake_clean_cache': False, 'cmake_clean_first': False, 'cmake_force_configure': False, 'cmake_target': None, 'cmake_target_skip_unavailable': False, 'install_base': '/home/kyrgios/Documents/bfmc_ws/install/bfmc_brain', 'merge_install': False, 'path': '/home/kyrgios/Documents/bfmc_ws/src/bfmc_brain', 'symlink_install': False, 'test_result_base': None}
[0.410s] Level 5:colcon.colcon_core.verb:set package 'bfmc_perception' build argument 'cmake_args' from command line to 'None'
[0.411s] Level 5:colcon.colcon_core.verb:set package 'bfmc_perception' build argument 'cmake_target' from command line to 'None'
[0.411s] Level 5:colcon.colcon_core.verb:set package 'bfmc_perception' build argument 'cmake_target_skip_unavailable' from command line to 'False'
[0.411s] Level 5:colcon.colcon_core.verb:set package 'bfmc_perception' build argument 'cmake_clean_cache' from command line to 'False'
[0.411s] Level 5:colcon.colcon_core.verb:set package 'bfmc_perception' build argument 'cmake_clean_first' from command line to 'False'
[0.411s] Level 5:colcon.colcon_core.verb:set package 'bfmc_perception' build argument 'cmake_force_configure' from command line to 'False'
[0.411s] Level 5:colcon.colcon_core.verb:set package 'bfmc_perception' build argument 'ament_cmake_args' from command line to 'None'
[0.411s] Level 5:colcon.colcon_core.verb:set package 'bfmc_perception' build argument 'catkin_cmake_args' from command line to 'None'
[0.411s] Level 5:colcon.colcon_core.verb:set package 'bfmc_perception' build argument 'catkin_skip_building_tests' from command line to 'False'
[0.411s] DEBUG:colcon.colcon_core.verb:Building package 'bfmc_perception' with the following arguments: {'ament_cmake_args': None, 'build_base': '/home/kyrgios/Documents/bfmc_ws/build/bfmc_perception', 'catkin_cmake_args': None, 'catkin_skip_building_tests': False, 'cmake_args': None, 'cmake_clean_cache': False, 'cmake_clean_first': False, 'cmake_force_configure': False, 'cmake_target': None, 'cmake_target_skip_unavailable': False, 'install_base': '/home/kyrgios/Documents/bfmc_ws/install/bfmc_perception', 'merge_install': False, 'path': '/home/kyrgios/Documents/bfmc_ws/src/bfmc_perception', 'symlink_install': False, 'test_result_base': None}
[0.411s] INFO:colcon.colcon_core.executor:Executing jobs using 'parallel' executor
[0.412s] DEBUG:colcon.colcon_parallel_executor.executor.parallel:run_until_complete
[0.412s] INFO:colcon.colcon_ros.task.ament_python.build:Building ROS package in '/home/kyrgios/Documents/bfmc_ws/src/bfmc_brain' with build type 'ament_python'
[0.412s] Level 1:colcon.colcon_core.shell:create_environment_hook('bfmc_brain', 'ament_prefix_path')
[0.414s] INFO:colcon.colcon_core.plugin_system:Skipping extension 'colcon_core.shell.bat': Not used on non-Windows systems
[0.414s] INFO:colcon.colcon_core.shell:Creating environment hook '/home/kyrgios/Documents/bfmc_ws/install/bfmc_brain/share/bfmc_brain/hook/ament_prefix_path.ps1'
[0.415s] INFO:colcon.colcon_core.shell:Creating environment descriptor '/home/kyrgios/Documents/bfmc_ws/install/bfmc_brain/share/bfmc_brain/hook/ament_prefix_path.dsv'
[0.415s] INFO:colcon.colcon_core.shell:Creating environment hook '/home/kyrgios/Documents/bfmc_ws/install/bfmc_brain/share/bfmc_brain/hook/ament_prefix_path.sh'
[0.416s] INFO:colcon.colcon_core.shell:Skip shell extension 'powershell' for command environment: Not usable outside of PowerShell
[0.416s] DEBUG:colcon.colcon_core.shell:Skip shell extension 'dsv' for command environment
[0.419s] INFO:colcon.colcon_ros.task.ament_python.build:Building ROS package in '/home/kyrgios/Documents/bfmc_ws/src/bfmc_perception' with build type 'ament_python'
[0.419s] Level 1:colcon.colcon_core.shell:create_environment_hook('bfmc_perception', 'ament_prefix_path')
[0.420s] INFO:colcon.colcon_core.shell:Creating environment hook '/home/kyrgios/Documents/bfmc_ws/install/bfmc_perception/share/bfmc_perception/hook/ament_prefix_path.ps1'
[0.420s] INFO:colcon.colcon_core.shell:Creating environment descriptor '/home/kyrgios/Documents/bfmc_ws/install/bfmc_perception/share/bfmc_perception/hook/ament_prefix_path.dsv'
[0.421s] INFO:colcon.colcon_core.shell:Creating environment hook '/home/kyrgios/Documents/bfmc_ws/install/bfmc_perception/share/bfmc_perception/hook/ament_prefix_path.sh'
[0.421s] INFO:colcon.colcon_core.shell:Skip shell extension 'powershell' for command environment: Not usable outside of PowerShell
[0.421s] DEBUG:colcon.colcon_core.shell:Skip shell extension 'dsv' for command environment
[0.675s] INFO:colcon.colcon_core.task.python.build:Building Python package in '/home/kyrgios/Documents/bfmc_ws/src/bfmc_brain'
[0.675s] INFO:colcon.colcon_core.shell:Skip shell extension 'powershell' for command environment: Not usable outside of PowerShell
[0.675s] DEBUG:colcon.colcon_core.shell:Skip shell extension 'dsv' for command environment
[0.936s] INFO:colcon.colcon_core.task.python.build:Building Python package in '/home/kyrgios/Documents/bfmc_ws/src/bfmc_perception'
[0.937s] INFO:colcon.colcon_core.shell:Skip shell extension 'powershell' for command environment: Not usable outside of PowerShell
[0.937s] DEBUG:colcon.colcon_core.shell:Skip shell extension 'dsv' for command environment
[1.347s] DEBUG:colcon.colcon_core.event_handler.log_command:Invoking command in '/home/kyrgios/Documents/bfmc_ws/src/bfmc_brain': PYTHONPATH=/home/kyrgios/Documents/bfmc_ws/build/bfmc_brain/prefix_override:/usr/lib/python3/dist-packages/colcon_core/task/python/colcon_distutils_commands:/home/kyrgios/Documents/bfmc_ws/install/bfmc_brain/lib/python3.10/site-packages:${PYTHONPATH} /usr/bin/python3 -W ignore:setup.py install is deprecated -W ignore:easy_install command is deprecated setup.py egg_info --egg-base ../../build/bfmc_brain build --build-base /home/kyrgios/Documents/bfmc_ws/build/bfmc_brain/build install --record /home/kyrgios/Documents/bfmc_ws/build/bfmc_brain/install.log --single-version-externally-managed install_data
[1.353s] DEBUG:colcon.colcon_core.event_handler.log_command:Invoking command in '/home/kyrgios/Documents/bfmc_ws/src/bfmc_perception': PYTHONPATH=/home/kyrgios/Documents/bfmc_ws/build/bfmc_perception/prefix_override:/usr/lib/python3/dist-packages/colcon_core/task/python/colcon_distutils_commands:/home/kyrgios/Documents/bfmc_ws/install/bfmc_perception/lib/python3.10/site-packages:${PYTHONPATH} /usr/bin/python3 -W ignore:setup.py install is deprecated -W ignore:easy_install command is deprecated setup.py egg_info --egg-base ../../build/bfmc_perception build --build-base /home/kyrgios/Documents/bfmc_ws/build/bfmc_perception/build install --record /home/kyrgios/Documents/bfmc_ws/build/bfmc_perception/install.log --single-version-externally-managed install_data
[1.619s] DEBUG:colcon.colcon_core.event_handler.log_command:Invoked command in '/home/kyrgios/Documents/bfmc_ws/src/bfmc_brain' returned '0': PYTHONPATH=/home/kyrgios/Documents/bfmc_ws/build/bfmc_brain/prefix_override:/usr/lib/python3/dist-packages/colcon_core/task/python/colcon_distutils_commands:/home/kyrgios/Documents/bfmc_ws/install/bfmc_brain/lib/python3.10/site-packages:${PYTHONPATH} /usr/bin/python3 -W ignore:setup.py install is deprecated -W ignore:easy_install command is deprecated setup.py egg_info --egg-base ../../build/bfmc_brain build --build-base /home/kyrgios/Documents/bfmc_ws/build/bfmc_brain/build install --record /home/kyrgios/Documents/bfmc_ws/build/bfmc_brain/install.log --single-version-externally-managed install_data
[1.620s] Level 1:colcon.colcon_core.environment:checking '/home/kyrgios/Documents/bfmc_ws/install/bfmc_brain' for CMake module files
[1.621s] Level 1:colcon.colcon_core.environment:checking '/home/kyrgios/Documents/bfmc_ws/install/bfmc_brain' for CMake config files
[1.622s] Level 1:colcon.colcon_core.environment:checking '/home/kyrgios/Documents/bfmc_ws/install/bfmc_brain/lib'
[1.622s] Level 1:colcon.colcon_core.environment:checking '/home/kyrgios/Documents/bfmc_ws/install/bfmc_brain/bin'
[1.622s] Level 1:colcon.colcon_core.environment:checking '/home/kyrgios/Documents/bfmc_ws/install/bfmc_brain/lib/pkgconfig/bfmc_brain.pc'
[1.622s] Level 1:colcon.colcon_core.environment:checking '/home/kyrgios/Documents/bfmc_ws/install/bfmc_brain/lib/python3.10/site-packages'
[1.623s] Level 1:colcon.colcon_core.shell:create_environment_hook('bfmc_brain', 'pythonpath')
[1.623s] INFO:colcon.colcon_core.shell:Creating environment hook '/home/kyrgios/Documents/bfmc_ws/install/bfmc_brain/share/bfmc_brain/hook/pythonpath.ps1'
[1.623s] INFO:colcon.colcon_core.shell:Creating environment descriptor '/home/kyrgios/Documents/bfmc_ws/install/bfmc_brain/share/bfmc_brain/hook/pythonpath.dsv'
[1.623s] INFO:colcon.colcon_core.shell:Creating environment hook '/home/kyrgios/Documents/bfmc_ws/install/bfmc_brain/share/bfmc_brain/hook/pythonpath.sh'
[1.624s] Level 1:colcon.colcon_core.environment:checking '/home/kyrgios/Documents/bfmc_ws/install/bfmc_brain/bin'
[1.624s] Level 1:colcon.colcon_core.environment:create_environment_scripts_only(bfmc_brain)
[1.624s] INFO:colcon.colcon_core.shell:Creating package script '/home/kyrgios/Documents/bfmc_ws/install/bfmc_brain/share/bfmc_brain/package.ps1'
[1.625s] INFO:colcon.colcon_core.shell:Creating package descriptor '/home/kyrgios/Documents/bfmc_ws/install/bfmc_brain/share/bfmc_brain/package.dsv'
[1.626s] INFO:colcon.colcon_core.shell:Creating package script '/home/kyrgios/Documents/bfmc_ws/install/bfmc_brain/share/bfmc_brain/package.sh'
[1.626s] INFO:colcon.colcon_core.shell:Creating package script '/home/kyrgios/Documents/bfmc_ws/install/bfmc_brain/share/bfmc_brain/package.bash'
[1.627s] INFO:colcon.colcon_core.shell:Creating package script '/home/kyrgios/Documents/bfmc_ws/install/bfmc_brain/share/bfmc_brain/package.zsh'
[1.628s] Level 1:colcon.colcon_core.environment:create_file_with_runtime_dependencies(/home/kyrgios/Documents/bfmc_ws/install/bfmc_brain/share/colcon-core/packages/bfmc_brain)
[1.629s] Level 1:colcon.colcon_core.environment:checking '/home/kyrgios/Documents/bfmc_ws/install/bfmc_perception' for CMake module files
[1.630s] Level 1:colcon.colcon_core.environment:checking '/home/kyrgios/Documents/bfmc_ws/install/bfmc_perception' for CMake config files
[1.630s] DEBUG:colcon.colcon_core.event_handler.log_command:Invoked command in '/home/kyrgios/Documents/bfmc_ws/src/bfmc_perception' returned '0': PYTHONPATH=/home/kyrgios/Documents/bfmc_ws/build/bfmc_perception/prefix_override:/usr/lib/python3/dist-packages/colcon_core/task/python/colcon_distutils_commands:/home/kyrgios/Documents/bfmc_ws/install/bfmc_perception/lib/python3.10/site-packages:${PYTHONPATH} /usr/bin/python3 -W ignore:setup.py install is deprecated -W ignore:easy_install command is deprecated setup.py egg_info --egg-base ../../build/bfmc_perception build --build-base /home/kyrgios/Documents/bfmc_ws/build/bfmc_perception/build install --record /home/kyrgios/Documents/bfmc_ws/build/bfmc_perception/install.log --single-version-externally-managed install_data
[1.631s] Level 1:colcon.colcon_core.environment:checking '/home/kyrgios/Documents/bfmc_ws/install/bfmc_perception/lib'
[1.631s] Level 1:colcon.colcon_core.environment:checking '/home/kyrgios/Documents/bfmc_ws/install/bfmc_perception/bin'
[1.631s] Level 1:colcon.colcon_core.environment:checking '/home/kyrgios/Documents/bfmc_ws/install/bfmc_perception/lib/pkgconfig/bfmc_perception.pc'
[1.632s] Level 1:colcon.colcon_core.environment:checking '/home/kyrgios/Documents/bfmc_ws/install/bfmc_perception/lib/python3.10/site-packages'
[1.632s] Level 1:colcon.colcon_core.shell:create_environment_hook('bfmc_perception', 'pythonpath')
[1.632s] INFO:colcon.colcon_core.shell:Creating environment hook '/home/kyrgios/Documents/bfmc_ws/install/bfmc_perception/share/bfmc_perception/hook/pythonpath.ps1'
[1.632s] INFO:colcon.colcon_core.shell:Creating environment descriptor '/home/kyrgios/Documents/bfmc_ws/install/bfmc_perception/share/bfmc_perception/hook/pythonpath.dsv'
[1.633s] INFO:colcon.colcon_core.shell:Creating environment hook '/home/kyrgios/Documents/bfmc_ws/install/bfmc_perception/share/bfmc_perception/hook/pythonpath.sh'
[1.633s] Level 1:colcon.colcon_core.environment:checking '/home/kyrgios/Documents/bfmc_ws/install/bfmc_perception/bin'
[1.634s] Level 1:colcon.colcon_core.environment:create_environment_scripts_only(bfmc_perception)
[1.634s] INFO:colcon.colcon_core.shell:Creating package script '/home/kyrgios/Documents/bfmc_ws/install/bfmc_perception/share/bfmc_perception/package.ps1'
[1.634s] INFO:colcon.colcon_core.shell:Creating package descriptor '/home/kyrgios/Documents/bfmc_ws/install/bfmc_perception/share/bfmc_perception/package.dsv'
[1.635s] INFO:colcon.colcon_core.shell:Creating package script '/home/kyrgios/Documents/bfmc_ws/install/bfmc_perception/share/bfmc_perception/package.sh'
[1.635s] INFO:colcon.colcon_core.shell:Creating package script '/home/kyrgios/Documents/bfmc_ws/install/bfmc_perception/share/bfmc_perception/package.bash'
[1.636s] INFO:colcon.colcon_core.shell:Creating package script '/home/kyrgios/Documents/bfmc_ws/install/bfmc_perception/share/bfmc_perception/package.zsh'
[1.636s] Level 1:colcon.colcon_core.environment:create_file_with_runtime_dependencies(/home/kyrgios/Documents/bfmc_ws/install/bfmc_perception/share/colcon-core/packages/bfmc_perception)
[1.636s] DEBUG:colcon.colcon_parallel_executor.executor.parallel:closing loop
[1.636s] DEBUG:colcon.colcon_parallel_executor.executor.parallel:loop closed
[1.637s] DEBUG:colcon.colcon_parallel_executor.executor.parallel:run_until_complete finished with '0'
[1.637s] DEBUG:colcon.colcon_core.event_reactor:joining thread
[1.641s] INFO:colcon.colcon_core.plugin_system:Skipping extension 'colcon_notification.desktop_notification.terminal_notifier': Not used on non-Darwin systems
[1.642s] INFO:colcon.colcon_core.plugin_system:Skipping extension 'colcon_notification.desktop_notification.win32': Not used on non-Windows systems
[1.642s] INFO:colcon.colcon_notification.desktop_notification:Sending desktop notification using 'notify2'
[1.654s] DEBUG:colcon.colcon_core.event_reactor:joined thread
[1.654s] INFO:colcon.colcon_core.shell:Creating prefix script '/home/kyrgios/Documents/bfmc_ws/install/local_setup.ps1'
[1.655s] INFO:colcon.colcon_core.shell:Creating prefix util module '/home/kyrgios/Documents/bfmc_ws/install/_local_setup_util_ps1.py'
[1.656s] INFO:colcon.colcon_core.shell:Creating prefix chain script '/home/kyrgios/Documents/bfmc_ws/install/setup.ps1'
[1.657s] INFO:colcon.colcon_core.shell:Creating prefix script '/home/kyrgios/Documents/bfmc_ws/install/local_setup.sh'
[1.658s] INFO:colcon.colcon_core.shell:Creating prefix util module '/home/kyrgios/Documents/bfmc_ws/install/_local_setup_util_sh.py'
[1.658s] INFO:colcon.colcon_core.shell:Creating prefix chain script '/home/kyrgios/Documents/bfmc_ws/install/setup.sh'
[1.659s] INFO:colcon.colcon_core.shell:Creating prefix script '/home/kyrgios/Documents/bfmc_ws/install/local_setup.bash'
[1.660s] INFO:colcon.colcon_core.shell:Creating prefix chain script '/home/kyrgios/Documents/bfmc_ws/install/setup.bash'
[1.661s] INFO:colcon.colcon_core.shell:Creating prefix script '/home/kyrgios/Documents/bfmc_ws/install/local_setup.zsh'
[1.661s] INFO:colcon.colcon_core.shell:Creating prefix chain script '/home/kyrgios/Documents/bfmc_ws/install/setup.zsh'
