[0.817s] Invoking command in '/home/kyrgios/Documents/bfmc_ws/src/bfmc_perception': AMENT_PREFIX_PATH=/home/kyrgios/Documents/bfmc_ws/install/bfmc_interfaces:${AMENT_PREFIX_PATH} CMAKE_PREFIX_PATH=/home/kyrgios/Documents/bfmc_ws/install/bfmc_interfaces LD_LIBRARY_PATH=/home/kyrgios/Documents/bfmc_ws/install/bfmc_interfaces/lib:${LD_LIBRARY_PATH} PYTHONPATH=/home/kyrgios/Documents/bfmc_ws/build/bfmc_perception/prefix_override:/usr/lib/python3/dist-packages/colcon_core/task/python/colcon_distutils_commands:/home/kyrgios/Documents/bfmc_ws/install/bfmc_perception/lib/python3.10/site-packages:/home/kyrgios/Documents/bfmc_ws/install/bfmc_interfaces/local/lib/python3.10/dist-packages:${PYTHONPATH} /usr/bin/python3 -W ignore:setup.py install is deprecated -W ignore:easy_install command is deprecated setup.py egg_info --egg-base ../../build/bfmc_perception build --build-base /home/kyrgios/Documents/bfmc_ws/build/bfmc_perception/build install --record /home/kyrgios/Documents/bfmc_ws/build/bfmc_perception/install.log --single-version-externally-managed install_data
[1.014s] running egg_info
[1.015s] writing ../../build/bfmc_perception/bfmc_perception.egg-info/PKG-INFO
[1.015s] writing dependency_links to ../../build/bfmc_perception/bfmc_perception.egg-info/dependency_links.txt
[1.016s] writing entry points to ../../build/bfmc_perception/bfmc_perception.egg-info/entry_points.txt
[1.016s] writing requirements to ../../build/bfmc_perception/bfmc_perception.egg-info/requires.txt
[1.016s] writing top-level names to ../../build/bfmc_perception/bfmc_perception.egg-info/top_level.txt
[1.018s] reading manifest file '../../build/bfmc_perception/bfmc_perception.egg-info/SOURCES.txt'
[1.024s] writing manifest file '../../build/bfmc_perception/bfmc_perception.egg-info/SOURCES.txt'
[1.025s] running build
[1.025s] running build_py
[1.025s] running install
[1.025s] running install_lib
[1.026s] running install_data
[1.026s] running install_egg_info
[1.028s] removing '/home/kyrgios/Documents/bfmc_ws/install/bfmc_perception/lib/python3.10/site-packages/bfmc_perception-0.0.0-py3.10.egg-info' (and everything under it)
[1.028s] Copying ../../build/bfmc_perception/bfmc_perception.egg-info to /home/kyrgios/Documents/bfmc_ws/install/bfmc_perception/lib/python3.10/site-packages/bfmc_perception-0.0.0-py3.10.egg-info
[1.029s] running install_scripts
[1.046s] Installing lane_detector script to /home/kyrgios/Documents/bfmc_ws/install/bfmc_perception/lib/bfmc_perception
[1.046s] writing list of installed files to '/home/kyrgios/Documents/bfmc_ws/build/bfmc_perception/install.log'
[1.073s] Invoked command in '/home/kyrgios/Documents/bfmc_ws/src/bfmc_perception' returned '0': AMENT_PREFIX_PATH=/home/kyrgios/Documents/bfmc_ws/install/bfmc_interfaces:${AMENT_PREFIX_PATH} CMAKE_PREFIX_PATH=/home/kyrgios/Documents/bfmc_ws/install/bfmc_interfaces LD_LIBRARY_PATH=/home/kyrgios/Documents/bfmc_ws/install/bfmc_interfaces/lib:${LD_LIBRARY_PATH} PYTHONPATH=/home/kyrgios/Documents/bfmc_ws/build/bfmc_perception/prefix_override:/usr/lib/python3/dist-packages/colcon_core/task/python/colcon_distutils_commands:/home/kyrgios/Documents/bfmc_ws/install/bfmc_perception/lib/python3.10/site-packages:/home/kyrgios/Documents/bfmc_ws/install/bfmc_interfaces/local/lib/python3.10/dist-packages:${PYTHONPATH} /usr/bin/python3 -W ignore:setup.py install is deprecated -W ignore:easy_install command is deprecated setup.py egg_info --egg-base ../../build/bfmc_perception build --build-base /home/kyrgios/Documents/bfmc_ws/build/bfmc_perception/build install --record /home/kyrgios/Documents/bfmc_ws/build/bfmc_perception/install.log --single-version-externally-managed install_data
