[0.933s] Invoking command in '/home/kyrgios/Documents/bfmc_ws/src/bfmc_brain': PYTHONPATH=/home/kyrgios/Documents/bfmc_ws/build/bfmc_brain/prefix_override:/usr/lib/python3/dist-packages/colcon_core/task/python/colcon_distutils_commands:/home/kyrgios/Documents/bfmc_ws/install/bfmc_brain/lib/python3.10/site-packages:${PYTHONPATH} /usr/bin/python3 -W ignore:setup.py install is deprecated -W ignore:easy_install command is deprecated setup.py egg_info --egg-base ../../build/bfmc_brain build --build-base /home/kyrgios/Documents/bfmc_ws/build/bfmc_brain/build install --record /home/kyrgios/Documents/bfmc_ws/build/bfmc_brain/install.log --single-version-externally-managed install_data
[1.142s] running egg_info
[1.143s] writing ../../build/bfmc_brain/bfmc_brain.egg-info/PKG-INFO
[1.143s] writing dependency_links to ../../build/bfmc_brain/bfmc_brain.egg-info/dependency_links.txt
[1.143s] writing entry points to ../../build/bfmc_brain/bfmc_brain.egg-info/entry_points.txt
[1.143s] writing requirements to ../../build/bfmc_brain/bfmc_brain.egg-info/requires.txt
[1.143s] writing top-level names to ../../build/bfmc_brain/bfmc_brain.egg-info/top_level.txt
[1.145s] reading manifest file '../../build/bfmc_brain/bfmc_brain.egg-info/SOURCES.txt'
[1.151s] writing manifest file '../../build/bfmc_brain/bfmc_brain.egg-info/SOURCES.txt'
[1.151s] running build
[1.151s] running build_py
[1.151s] running install
[1.151s] running install_lib
[1.154s] running install_data
[1.154s] running install_egg_info
[1.156s] removing '/home/kyrgios/Documents/bfmc_ws/install/bfmc_brain/lib/python3.10/site-packages/bfmc_brain-0.0.0-py3.10.egg-info' (and everything under it)
[1.156s] Copying ../../build/bfmc_brain/bfmc_brain.egg-info to /home/kyrgios/Documents/bfmc_ws/install/bfmc_brain/lib/python3.10/site-packages/bfmc_brain-0.0.0-py3.10.egg-info
[1.157s] running install_scripts
[1.174s] Installing lane_keeping_node script to /home/kyrgios/Documents/bfmc_ws/install/bfmc_brain/lib/bfmc_brain
[1.175s] writing list of installed files to '/home/kyrgios/Documents/bfmc_ws/build/bfmc_brain/install.log'
[1.206s] Invoked command in '/home/kyrgios/Documents/bfmc_ws/src/bfmc_brain' returned '0': PYTHONPATH=/home/kyrgios/Documents/bfmc_ws/build/bfmc_brain/prefix_override:/usr/lib/python3/dist-packages/colcon_core/task/python/colcon_distutils_commands:/home/kyrgios/Documents/bfmc_ws/install/bfmc_brain/lib/python3.10/site-packages:${PYTHONPATH} /usr/bin/python3 -W ignore:setup.py install is deprecated -W ignore:easy_install command is deprecated setup.py egg_info --egg-base ../../build/bfmc_brain build --build-base /home/kyrgios/Documents/bfmc_ws/build/bfmc_brain/build install --record /home/kyrgios/Documents/bfmc_ws/build/bfmc_brain/install.log --single-version-externally-managed install_data
