[0.112s] DEBUG:colcon:Command line arguments: ['/usr/bin/colcon', 'build', '--packages-select', 'bfmc_brain', 'bfmc_perception', 'bfmc_interfaces']
[0.112s] DEBUG:colcon:Parsed command line arguments: Namespace(log_base=None, log_level=None, verb_name='build', build_base='build', install_base='install', merge_install=False, symlink_install=False, test_result_base=None, continue_on_error=False, executor='parallel', parallel_workers=12, event_handlers=None, ignore_user_meta=False, metas=['./colcon.meta'], base_paths=['.'], packages_ignore=None, packages_ignore_regex=None, paths=None, packages_up_to=None, packages_up_to_regex=None, packages_above=None, packages_above_and_dependencies=None, packages_above_depth=None, packages_select_by_dep=None, packages_skip_by_dep=None, packages_skip_up_to=None, packages_select_build_failed=False, packages_skip_build_finished=False, packages_select_test_failures=False, packages_skip_test_passed=False, packages_select=['bfmc_brain', 'bfmc_perception', 'bfmc_interfaces'], packages_skip=None, packages_select_regex=None, packages_skip_regex=None, packages_start=None, packages_end=None, allow_overriding=[], cmake_args=None, cmake_target=None, cmake_target_skip_unavailable=False, cmake_clean_cache=False, cmake_clean_first=False, cmake_force_configure=False, ament_cmake_args=None, catkin_cmake_args=None, catkin_skip_building_tests=False, verb_parser=<colcon_defaults.argument_parser.defaults.DefaultArgumentsDecorator object at 0x725d14b5d6f0>, verb_extension=<colcon_core.verb.build.BuildVerb object at 0x725d14cce470>, main=<bound method BuildVerb.main of <colcon_core.verb.build.BuildVerb object at 0x725d14cce470>>)
[0.292s] Level 1:colcon.colcon_core.package_discovery:discover_packages(colcon_meta) check parameters
[0.293s] Level 1:colcon.colcon_core.package_discovery:discover_packages(recursive) check parameters
[0.293s] Level 1:colcon.colcon_core.package_discovery:discover_packages(ignore) check parameters
[0.293s] Level 1:colcon.colcon_core.package_discovery:discover_packages(path) check parameters
[0.293s] Level 1:colcon.colcon_core.package_discovery:discover_packages(colcon_meta) discover
[0.293s] Level 1:colcon.colcon_core.package_discovery:discover_packages(recursive) discover
[0.293s] INFO:colcon.colcon_core.package_discovery:Crawling recursively for packages in '/home/kyrgios/Documents/bfmc_ws'
[0.293s] Level 1:colcon.colcon_core.package_identification:_identify(.) by extensions ['ignore', 'ignore_ament_install']
[0.293s] Level 1:colcon.colcon_core.package_identification:_identify(.) by extension 'ignore'
[0.293s] Level 1:colcon.colcon_core.package_identification:_identify(.) by extension 'ignore_ament_install'
[0.293s] Level 1:colcon.colcon_core.package_identification:_identify(.) by extensions ['colcon_pkg']
[0.293s] Level 1:colcon.colcon_core.package_identification:_identify(.) by extension 'colcon_pkg'
[0.293s] Level 1:colcon.colcon_core.package_identification:_identify(.) by extensions ['colcon_meta']
[0.293s] Level 1:colcon.colcon_core.package_identification:_identify(.) by extension 'colcon_meta'
[0.293s] Level 1:colcon.colcon_core.package_identification:_identify(.) by extensions ['ros']
[0.293s] Level 1:colcon.colcon_core.package_identification:_identify(.) by extension 'ros'
[0.333s] Level 1:colcon.colcon_core.package_identification:_identify(.) by extensions ['cmake', 'python']
[0.333s] Level 1:colcon.colcon_core.package_identification:_identify(.) by extension 'cmake'
[0.333s] Level 1:colcon.colcon_core.package_identification:_identify(.) by extension 'python'
[0.333s] Level 1:colcon.colcon_core.package_identification:_identify(.) by extensions ['python_setup_py']
[0.333s] Level 1:colcon.colcon_core.package_identification:_identify(.) by extension 'python_setup_py'
[0.333s] Level 1:colcon.colcon_core.package_identification:_identify(__pycache__) by extensions ['ignore', 'ignore_ament_install']
[0.333s] Level 1:colcon.colcon_core.package_identification:_identify(__pycache__) by extension 'ignore'
[0.333s] Level 1:colcon.colcon_core.package_identification:_identify(__pycache__) by extension 'ignore_ament_install'
[0.333s] Level 1:colcon.colcon_core.package_identification:_identify(__pycache__) by extensions ['colcon_pkg']
[0.333s] Level 1:colcon.colcon_core.package_identification:_identify(__pycache__) by extension 'colcon_pkg'
[0.333s] Level 1:colcon.colcon_core.package_identification:_identify(__pycache__) by extensions ['colcon_meta']
[0.333s] Level 1:colcon.colcon_core.package_identification:_identify(__pycache__) by extension 'colcon_meta'
[0.333s] Level 1:colcon.colcon_core.package_identification:_identify(__pycache__) by extensions ['ros']
[0.334s] Level 1:colcon.colcon_core.package_identification:_identify(__pycache__) by extension 'ros'
[0.334s] Level 1:colcon.colcon_core.package_identification:_identify(__pycache__) by extensions ['cmake', 'python']
[0.334s] Level 1:colcon.colcon_core.package_identification:_identify(__pycache__) by extension 'cmake'
[0.334s] Level 1:colcon.colcon_core.package_identification:_identify(__pycache__) by extension 'python'
[0.334s] Level 1:colcon.colcon_core.package_identification:_identify(__pycache__) by extensions ['python_setup_py']
[0.334s] Level 1:colcon.colcon_core.package_identification:_identify(__pycache__) by extension 'python_setup_py'
[0.334s] Level 1:colcon.colcon_core.package_identification:_identify(build) by extensions ['ignore', 'ignore_ament_install']
[0.334s] Level 1:colcon.colcon_core.package_identification:_identify(build) by extension 'ignore'
[0.334s] Level 1:colcon.colcon_core.package_identification:_identify(build) ignored
[0.334s] Level 1:colcon.colcon_core.package_identification:_identify(install) by extensions ['ignore', 'ignore_ament_install']
[0.334s] Level 1:colcon.colcon_core.package_identification:_identify(install) by extension 'ignore'
[0.334s] Level 1:colcon.colcon_core.package_identification:_identify(install) ignored
[0.334s] Level 1:colcon.colcon_core.package_identification:_identify(log) by extensions ['ignore', 'ignore_ament_install']
[0.334s] Level 1:colcon.colcon_core.package_identification:_identify(log) by extension 'ignore'
[0.334s] Level 1:colcon.colcon_core.package_identification:_identify(log) ignored
[0.335s] Level 1:colcon.colcon_core.package_identification:_identify(src) by extensions ['ignore', 'ignore_ament_install']
[0.335s] Level 1:colcon.colcon_core.package_identification:_identify(src) by extension 'ignore'
[0.335s] Level 1:colcon.colcon_core.package_identification:_identify(src) by extension 'ignore_ament_install'
[0.335s] Level 1:colcon.colcon_core.package_identification:_identify(src) by extensions ['colcon_pkg']
[0.335s] Level 1:colcon.colcon_core.package_identification:_identify(src) by extension 'colcon_pkg'
[0.335s] Level 1:colcon.colcon_core.package_identification:_identify(src) by extensions ['colcon_meta']
[0.335s] Level 1:colcon.colcon_core.package_identification:_identify(src) by extension 'colcon_meta'
[0.335s] Level 1:colcon.colcon_core.package_identification:_identify(src) by extensions ['ros']
[0.335s] Level 1:colcon.colcon_core.package_identification:_identify(src) by extension 'ros'
[0.335s] Level 1:colcon.colcon_core.package_identification:_identify(src) by extensions ['cmake', 'python']
[0.335s] Level 1:colcon.colcon_core.package_identification:_identify(src) by extension 'cmake'
[0.335s] Level 1:colcon.colcon_core.package_identification:_identify(src) by extension 'python'
[0.335s] Level 1:colcon.colcon_core.package_identification:_identify(src) by extensions ['python_setup_py']
[0.335s] Level 1:colcon.colcon_core.package_identification:_identify(src) by extension 'python_setup_py'
[0.335s] Level 1:colcon.colcon_core.package_identification:_identify(src/bfmc_brain) by extensions ['ignore', 'ignore_ament_install']
[0.335s] Level 1:colcon.colcon_core.package_identification:_identify(src/bfmc_brain) by extension 'ignore'
[0.335s] Level 1:colcon.colcon_core.package_identification:_identify(src/bfmc_brain) by extension 'ignore_ament_install'
[0.335s] Level 1:colcon.colcon_core.package_identification:_identify(src/bfmc_brain) by extensions ['colcon_pkg']
[0.335s] Level 1:colcon.colcon_core.package_identification:_identify(src/bfmc_brain) by extension 'colcon_pkg'
[0.335s] Level 1:colcon.colcon_core.package_identification:_identify(src/bfmc_brain) by extensions ['colcon_meta']
[0.336s] Level 1:colcon.colcon_core.package_identification:_identify(src/bfmc_brain) by extension 'colcon_meta'
[0.336s] Level 1:colcon.colcon_core.package_identification:_identify(src/bfmc_brain) by extensions ['ros']
[0.336s] Level 1:colcon.colcon_core.package_identification:_identify(src/bfmc_brain) by extension 'ros'
[0.338s] DEBUG:colcon.colcon_core.package_identification:Found ROS schema reference in package manifest in 'src/bfmc_brain'
[0.338s] WARNING:colcon.colcon_core.package_identification:Failed to parse ROS package manifest in 'src/bfmc_brain': Error(s) in package 'src/bfmc_brain/package.xml':
Error(s):
- The generic dependency on 'std_msgs' is redundant with: build_depend, build_export_depend, exec_depend
[0.338s] Level 1:colcon.colcon_core.package_identification:_identify(src/bfmc_brain) by extensions ['cmake', 'python']
[0.338s] Level 1:colcon.colcon_core.package_identification:_identify(src/bfmc_brain) by extension 'cmake'
[0.338s] Level 1:colcon.colcon_core.package_identification:_identify(src/bfmc_brain) by extension 'python'
[0.338s] DEBUG:colcon.colcon_core.package_identification:Python package in 'src/bfmc_brain' passes arguments to the setup() function which requires a different identification extension than 'python'
[0.338s] Level 1:colcon.colcon_core.package_identification:_identify(src/bfmc_brain) by extensions ['python_setup_py']
[0.338s] Level 1:colcon.colcon_core.package_identification:_identify(src/bfmc_brain) by extension 'python_setup_py'
[0.624s] DEBUG:colcon.colcon_core.package_identification:Package 'src/bfmc_brain' with type 'python' and name 'bfmc_brain'
[0.624s] Level 1:colcon.colcon_core.package_identification:_identify(src/bfmc_hardware) by extensions ['ignore', 'ignore_ament_install']
[0.624s] Level 1:colcon.colcon_core.package_identification:_identify(src/bfmc_hardware) by extension 'ignore'
[0.624s] Level 1:colcon.colcon_core.package_identification:_identify(src/bfmc_hardware) by extension 'ignore_ament_install'
[0.624s] Level 1:colcon.colcon_core.package_identification:_identify(src/bfmc_hardware) by extensions ['colcon_pkg']
[0.624s] Level 1:colcon.colcon_core.package_identification:_identify(src/bfmc_hardware) by extension 'colcon_pkg'
[0.624s] Level 1:colcon.colcon_core.package_identification:_identify(src/bfmc_hardware) by extensions ['colcon_meta']
[0.624s] Level 1:colcon.colcon_core.package_identification:_identify(src/bfmc_hardware) by extension 'colcon_meta'
[0.625s] Level 1:colcon.colcon_core.package_identification:_identify(src/bfmc_hardware) by extensions ['ros']
[0.625s] Level 1:colcon.colcon_core.package_identification:_identify(src/bfmc_hardware) by extension 'ros'
[0.626s] DEBUG:colcon.colcon_core.package_identification:Package 'src/bfmc_hardware' with type 'ros.ament_python' and name 'bfmc_hardware'
[0.626s] Level 1:colcon.colcon_core.package_identification:_identify(src/bfmc_interfaces) by extensions ['ignore', 'ignore_ament_install']
[0.626s] Level 1:colcon.colcon_core.package_identification:_identify(src/bfmc_interfaces) by extension 'ignore'
[0.627s] Level 1:colcon.colcon_core.package_identification:_identify(src/bfmc_interfaces) by extension 'ignore_ament_install'
[0.627s] Level 1:colcon.colcon_core.package_identification:_identify(src/bfmc_interfaces) by extensions ['colcon_pkg']
[0.627s] Level 1:colcon.colcon_core.package_identification:_identify(src/bfmc_interfaces) by extension 'colcon_pkg'
[0.627s] Level 1:colcon.colcon_core.package_identification:_identify(src/bfmc_interfaces) by extensions ['colcon_meta']
[0.627s] Level 1:colcon.colcon_core.package_identification:_identify(src/bfmc_interfaces) by extension 'colcon_meta'
[0.627s] Level 1:colcon.colcon_core.package_identification:_identify(src/bfmc_interfaces) by extensions ['ros']
[0.627s] Level 1:colcon.colcon_core.package_identification:_identify(src/bfmc_interfaces) by extension 'ros'
[0.627s] DEBUG:colcon.colcon_core.package_identification:Package 'src/bfmc_interfaces' with type 'ros.ament_cmake' and name 'bfmc_interfaces'
[0.627s] Level 1:colcon.colcon_core.package_identification:_identify(src/bfmc_launch) by extensions ['ignore', 'ignore_ament_install']
[0.628s] Level 1:colcon.colcon_core.package_identification:_identify(src/bfmc_launch) by extension 'ignore'
[0.628s] Level 1:colcon.colcon_core.package_identification:_identify(src/bfmc_launch) by extension 'ignore_ament_install'
[0.628s] Level 1:colcon.colcon_core.package_identification:_identify(src/bfmc_launch) by extensions ['colcon_pkg']
[0.628s] Level 1:colcon.colcon_core.package_identification:_identify(src/bfmc_launch) by extension 'colcon_pkg'
[0.628s] Level 1:colcon.colcon_core.package_identification:_identify(src/bfmc_launch) by extensions ['colcon_meta']
[0.628s] Level 1:colcon.colcon_core.package_identification:_identify(src/bfmc_launch) by extension 'colcon_meta'
[0.628s] Level 1:colcon.colcon_core.package_identification:_identify(src/bfmc_launch) by extensions ['ros']
[0.628s] Level 1:colcon.colcon_core.package_identification:_identify(src/bfmc_launch) by extension 'ros'
[0.628s] DEBUG:colcon.colcon_core.package_identification:Package 'src/bfmc_launch' with type 'ros.ament_python' and name 'bfmc_launch'
[0.629s] Level 1:colcon.colcon_core.package_identification:_identify(src/bfmc_perception) by extensions ['ignore', 'ignore_ament_install']
[0.629s] Level 1:colcon.colcon_core.package_identification:_identify(src/bfmc_perception) by extension 'ignore'
[0.629s] Level 1:colcon.colcon_core.package_identification:_identify(src/bfmc_perception) by extension 'ignore_ament_install'
[0.629s] Level 1:colcon.colcon_core.package_identification:_identify(src/bfmc_perception) by extensions ['colcon_pkg']
[0.629s] Level 1:colcon.colcon_core.package_identification:_identify(src/bfmc_perception) by extension 'colcon_pkg'
[0.629s] Level 1:colcon.colcon_core.package_identification:_identify(src/bfmc_perception) by extensions ['colcon_meta']
[0.629s] Level 1:colcon.colcon_core.package_identification:_identify(src/bfmc_perception) by extension 'colcon_meta'
[0.629s] Level 1:colcon.colcon_core.package_identification:_identify(src/bfmc_perception) by extensions ['ros']
[0.629s] Level 1:colcon.colcon_core.package_identification:_identify(src/bfmc_perception) by extension 'ros'
[0.630s] DEBUG:colcon.colcon_core.package_identification:Package 'src/bfmc_perception' with type 'ros.ament_python' and name 'bfmc_perception'
[0.630s] Level 1:colcon.colcon_core.package_identification:_identify(test) by extensions ['ignore', 'ignore_ament_install']
[0.630s] Level 1:colcon.colcon_core.package_identification:_identify(test) by extension 'ignore'
[0.630s] Level 1:colcon.colcon_core.package_identification:_identify(test) by extension 'ignore_ament_install'
[0.630s] Level 1:colcon.colcon_core.package_identification:_identify(test) by extensions ['colcon_pkg']
[0.630s] Level 1:colcon.colcon_core.package_identification:_identify(test) by extension 'colcon_pkg'
[0.630s] Level 1:colcon.colcon_core.package_identification:_identify(test) by extensions ['colcon_meta']
[0.630s] Level 1:colcon.colcon_core.package_identification:_identify(test) by extension 'colcon_meta'
[0.630s] Level 1:colcon.colcon_core.package_identification:_identify(test) by extensions ['ros']
[0.630s] Level 1:colcon.colcon_core.package_identification:_identify(test) by extension 'ros'
[0.630s] Level 1:colcon.colcon_core.package_identification:_identify(test) by extensions ['cmake', 'python']
[0.630s] Level 1:colcon.colcon_core.package_identification:_identify(test) by extension 'cmake'
[0.630s] Level 1:colcon.colcon_core.package_identification:_identify(test) by extension 'python'
[0.630s] Level 1:colcon.colcon_core.package_identification:_identify(test) by extensions ['python_setup_py']
[0.631s] Level 1:colcon.colcon_core.package_identification:_identify(test) by extension 'python_setup_py'
[0.631s] Level 1:colcon.colcon_core.package_discovery:discover_packages(recursive) using defaults
[0.631s] Level 1:colcon.colcon_core.package_discovery:discover_packages(ignore) discover
[0.631s] Level 1:colcon.colcon_core.package_discovery:discover_packages(ignore) using defaults
[0.631s] Level 1:colcon.colcon_core.package_discovery:discover_packages(path) discover
[0.631s] Level 1:colcon.colcon_core.package_discovery:discover_packages(path) using defaults
[0.654s] INFO:colcon.colcon_core.package_selection:Skipping not selected package 'bfmc_launch' in 'src/bfmc_launch'
[0.654s] INFO:colcon.colcon_core.package_selection:Skipping not selected package 'bfmc_hardware' in 'src/bfmc_hardware'
[0.654s] Level 1:colcon.colcon_core.package_discovery:discover_packages(prefix_path) check parameters
[0.654s] Level 1:colcon.colcon_core.package_discovery:discover_packages(prefix_path) discover
[0.655s] WARNING:colcon.colcon_ros.prefix_path.ament:The path '/home/kyrgios/Documents/bfmc_ws/install/bfmc_perception' in the environment variable AMENT_PREFIX_PATH doesn't exist
[0.655s] WARNING:colcon.colcon_ros.prefix_path.ament:The path '/home/kyrgios/Documents/bfmc_ws/install/bfmc_launch' in the environment variable AMENT_PREFIX_PATH doesn't exist
[0.655s] WARNING:colcon.colcon_ros.prefix_path.ament:The path '/home/kyrgios/Documents/bfmc_ws/install/bfmc_hardware' in the environment variable AMENT_PREFIX_PATH doesn't exist
[0.655s] WARNING:colcon.colcon_ros.prefix_path.ament:The path '/home/kyrgios/Documents/bfmc_ws/install/bfmc_brain' in the environment variable AMENT_PREFIX_PATH doesn't exist
[0.655s] WARNING:colcon.colcon_ros.prefix_path.ament:The path '/home/kyrgios/Documents/bfmc_ws/install/bfmc_interfaces' in the environment variable AMENT_PREFIX_PATH doesn't exist
[0.655s] WARNING:colcon.colcon_ros.prefix_path.catkin:The path '/home/kyrgios/Documents/bfmc_ws/install/bfmc_interfaces' in the environment variable CMAKE_PREFIX_PATH doesn't exist
[0.656s] DEBUG:colcon.colcon_installed_package_information.package_discovery:Found 0 installed packages in /home/kyrgios/Documents/bfmc_ws/install
[0.658s] DEBUG:colcon.colcon_installed_package_information.package_discovery:Found 314 installed packages in /opt/ros/humble
[0.659s] Level 1:colcon.colcon_core.package_discovery:discover_packages(prefix_path) using defaults
[0.703s] Level 5:colcon.colcon_core.verb:set package 'bfmc_brain' build argument 'cmake_args' from command line to 'None'
[0.703s] Level 5:colcon.colcon_core.verb:set package 'bfmc_brain' build argument 'cmake_target' from command line to 'None'
[0.703s] Level 5:colcon.colcon_core.verb:set package 'bfmc_brain' build argument 'cmake_target_skip_unavailable' from command line to 'False'
[0.703s] Level 5:colcon.colcon_core.verb:set package 'bfmc_brain' build argument 'cmake_clean_cache' from command line to 'False'
[0.703s] Level 5:colcon.colcon_core.verb:set package 'bfmc_brain' build argument 'cmake_clean_first' from command line to 'False'
[0.703s] Level 5:colcon.colcon_core.verb:set package 'bfmc_brain' build argument 'cmake_force_configure' from command line to 'False'
[0.703s] Level 5:colcon.colcon_core.verb:set package 'bfmc_brain' build argument 'ament_cmake_args' from command line to 'None'
[0.703s] Level 5:colcon.colcon_core.verb:set package 'bfmc_brain' build argument 'catkin_cmake_args' from command line to 'None'
[0.703s] Level 5:colcon.colcon_core.verb:set package 'bfmc_brain' build argument 'catkin_skip_building_tests' from command line to 'False'
[0.703s] DEBUG:colcon.colcon_core.verb:Building package 'bfmc_brain' with the following arguments: {'ament_cmake_args': None, 'build_base': '/home/kyrgios/Documents/bfmc_ws/build/bfmc_brain', 'catkin_cmake_args': None, 'catkin_skip_building_tests': False, 'cmake_args': None, 'cmake_clean_cache': False, 'cmake_clean_first': False, 'cmake_force_configure': False, 'cmake_target': None, 'cmake_target_skip_unavailable': False, 'install_base': '/home/kyrgios/Documents/bfmc_ws/install/bfmc_brain', 'merge_install': False, 'path': '/home/kyrgios/Documents/bfmc_ws/src/bfmc_brain', 'symlink_install': False, 'test_result_base': None}
[0.704s] Level 5:colcon.colcon_core.verb:set package 'bfmc_interfaces' build argument 'cmake_args' from command line to 'None'
[0.704s] Level 5:colcon.colcon_core.verb:set package 'bfmc_interfaces' build argument 'cmake_target' from command line to 'None'
[0.704s] Level 5:colcon.colcon_core.verb:set package 'bfmc_interfaces' build argument 'cmake_target_skip_unavailable' from command line to 'False'
[0.704s] Level 5:colcon.colcon_core.verb:set package 'bfmc_interfaces' build argument 'cmake_clean_cache' from command line to 'False'
[0.704s] Level 5:colcon.colcon_core.verb:set package 'bfmc_interfaces' build argument 'cmake_clean_first' from command line to 'False'
[0.704s] Level 5:colcon.colcon_core.verb:set package 'bfmc_interfaces' build argument 'cmake_force_configure' from command line to 'False'
[0.704s] Level 5:colcon.colcon_core.verb:set package 'bfmc_interfaces' build argument 'ament_cmake_args' from command line to 'None'
[0.704s] Level 5:colcon.colcon_core.verb:set package 'bfmc_interfaces' build argument 'catkin_cmake_args' from command line to 'None'
[0.704s] Level 5:colcon.colcon_core.verb:set package 'bfmc_interfaces' build argument 'catkin_skip_building_tests' from command line to 'False'
[0.704s] DEBUG:colcon.colcon_core.verb:Building package 'bfmc_interfaces' with the following arguments: {'ament_cmake_args': None, 'build_base': '/home/kyrgios/Documents/bfmc_ws/build/bfmc_interfaces', 'catkin_cmake_args': None, 'catkin_skip_building_tests': False, 'cmake_args': None, 'cmake_clean_cache': False, 'cmake_clean_first': False, 'cmake_force_configure': False, 'cmake_target': None, 'cmake_target_skip_unavailable': False, 'install_base': '/home/kyrgios/Documents/bfmc_ws/install/bfmc_interfaces', 'merge_install': False, 'path': '/home/kyrgios/Documents/bfmc_ws/src/bfmc_interfaces', 'symlink_install': False, 'test_result_base': None}
[0.704s] Level 5:colcon.colcon_core.verb:set package 'bfmc_perception' build argument 'cmake_args' from command line to 'None'
[0.704s] Level 5:colcon.colcon_core.verb:set package 'bfmc_perception' build argument 'cmake_target' from command line to 'None'
[0.704s] Level 5:colcon.colcon_core.verb:set package 'bfmc_perception' build argument 'cmake_target_skip_unavailable' from command line to 'False'
[0.704s] Level 5:colcon.colcon_core.verb:set package 'bfmc_perception' build argument 'cmake_clean_cache' from command line to 'False'
[0.704s] Level 5:colcon.colcon_core.verb:set package 'bfmc_perception' build argument 'cmake_clean_first' from command line to 'False'
[0.705s] Level 5:colcon.colcon_core.verb:set package 'bfmc_perception' build argument 'cmake_force_configure' from command line to 'False'
[0.705s] Level 5:colcon.colcon_core.verb:set package 'bfmc_perception' build argument 'ament_cmake_args' from command line to 'None'
[0.705s] Level 5:colcon.colcon_core.verb:set package 'bfmc_perception' build argument 'catkin_cmake_args' from command line to 'None'
[0.705s] Level 5:colcon.colcon_core.verb:set package 'bfmc_perception' build argument 'catkin_skip_building_tests' from command line to 'False'
[0.705s] DEBUG:colcon.colcon_core.verb:Building package 'bfmc_perception' with the following arguments: {'ament_cmake_args': None, 'build_base': '/home/kyrgios/Documents/bfmc_ws/build/bfmc_perception', 'catkin_cmake_args': None, 'catkin_skip_building_tests': False, 'cmake_args': None, 'cmake_clean_cache': False, 'cmake_clean_first': False, 'cmake_force_configure': False, 'cmake_target': None, 'cmake_target_skip_unavailable': False, 'install_base': '/home/kyrgios/Documents/bfmc_ws/install/bfmc_perception', 'merge_install': False, 'path': '/home/kyrgios/Documents/bfmc_ws/src/bfmc_perception', 'symlink_install': False, 'test_result_base': None}
[0.705s] INFO:colcon.colcon_core.executor:Executing jobs using 'parallel' executor
[0.706s] DEBUG:colcon.colcon_parallel_executor.executor.parallel:run_until_complete
[0.706s] INFO:colcon.colcon_ros.task.ament_cmake.build:Building ROS package in '/home/kyrgios/Documents/bfmc_ws/src/bfmc_interfaces' with build type 'ament_cmake'
[0.706s] INFO:colcon.colcon_cmake.task.cmake.build:Building CMake package in '/home/kyrgios/Documents/bfmc_ws/src/bfmc_interfaces'
[0.710s] INFO:colcon.colcon_core.plugin_system:Skipping extension 'colcon_core.shell.bat': Not used on non-Windows systems
[0.710s] INFO:colcon.colcon_core.shell:Skip shell extension 'powershell' for command environment: Not usable outside of PowerShell
[0.710s] DEBUG:colcon.colcon_core.shell:Skip shell extension 'dsv' for command environment
[0.715s] INFO:colcon.colcon_core.task.python.build:Building Python package in '/home/kyrgios/Documents/bfmc_ws/src/bfmc_brain'
[0.717s] INFO:colcon.colcon_core.shell:Skip shell extension 'powershell' for command environment: Not usable outside of PowerShell
[0.717s] DEBUG:colcon.colcon_core.shell:Skip shell extension 'dsv' for command environment
[0.728s] DEBUG:colcon.colcon_core.event_handler.log_command:Invoking command in '/home/kyrgios/Documents/bfmc_ws/build/bfmc_interfaces': CMAKE_PREFIX_PATH=${CMAKE_PREFIX_PATH}:/home/kyrgios/Documents/bfmc_ws/install/bfmc_perception:/home/kyrgios/Documents/bfmc_ws/install/bfmc_launch:/home/kyrgios/Documents/bfmc_ws/install/bfmc_hardware:/home/kyrgios/Documents/bfmc_ws/install/bfmc_brain:/opt/ros/humble /usr/bin/cmake /home/kyrgios/Documents/bfmc_ws/src/bfmc_interfaces -DCMAKE_INSTALL_PREFIX=/home/kyrgios/Documents/bfmc_ws/install/bfmc_interfaces
[1.305s] DEBUG:colcon.colcon_core.event_handler.log_command:Invoking command in '/home/kyrgios/Documents/bfmc_ws/src/bfmc_brain': PYTHONPATH=/home/kyrgios/Documents/bfmc_ws/build/bfmc_brain/prefix_override:/usr/lib/python3/dist-packages/colcon_core/task/python/colcon_distutils_commands:/home/kyrgios/Documents/bfmc_ws/install/bfmc_brain/lib/python3.10/site-packages:${PYTHONPATH} /usr/bin/python3 -W ignore:setup.py install is deprecated -W ignore:easy_install command is deprecated setup.py egg_info --egg-base ../../build/bfmc_brain build --build-base /home/kyrgios/Documents/bfmc_ws/build/bfmc_brain/build install --record /home/kyrgios/Documents/bfmc_ws/build/bfmc_brain/install.log --single-version-externally-managed install_data
[1.566s] DEBUG:colcon.colcon_core.event_handler.log_command:Invoked command in '/home/kyrgios/Documents/bfmc_ws/src/bfmc_brain' returned '0': PYTHONPATH=/home/kyrgios/Documents/bfmc_ws/build/bfmc_brain/prefix_override:/usr/lib/python3/dist-packages/colcon_core/task/python/colcon_distutils_commands:/home/kyrgios/Documents/bfmc_ws/install/bfmc_brain/lib/python3.10/site-packages:${PYTHONPATH} /usr/bin/python3 -W ignore:setup.py install is deprecated -W ignore:easy_install command is deprecated setup.py egg_info --egg-base ../../build/bfmc_brain build --build-base /home/kyrgios/Documents/bfmc_ws/build/bfmc_brain/build install --record /home/kyrgios/Documents/bfmc_ws/build/bfmc_brain/install.log --single-version-externally-managed install_data
[1.568s] Level 1:colcon.colcon_core.environment:checking '/home/kyrgios/Documents/bfmc_ws/install/bfmc_brain' for CMake module files
[1.569s] Level 1:colcon.colcon_core.environment:checking '/home/kyrgios/Documents/bfmc_ws/install/bfmc_brain' for CMake config files
[1.570s] Level 1:colcon.colcon_core.environment:checking '/home/kyrgios/Documents/bfmc_ws/install/bfmc_brain/lib'
[1.570s] Level 1:colcon.colcon_core.environment:checking '/home/kyrgios/Documents/bfmc_ws/install/bfmc_brain/bin'
[1.570s] Level 1:colcon.colcon_core.environment:checking '/home/kyrgios/Documents/bfmc_ws/install/bfmc_brain/lib/pkgconfig/bfmc_brain.pc'
[1.570s] Level 1:colcon.colcon_core.environment:checking '/home/kyrgios/Documents/bfmc_ws/install/bfmc_brain/lib/python3.10/site-packages'
[1.570s] Level 1:colcon.colcon_core.shell:create_environment_hook('bfmc_brain', 'pythonpath')
[1.570s] INFO:colcon.colcon_core.shell:Creating environment hook '/home/kyrgios/Documents/bfmc_ws/install/bfmc_brain/share/bfmc_brain/hook/pythonpath.ps1'
[1.571s] INFO:colcon.colcon_core.shell:Creating environment descriptor '/home/kyrgios/Documents/bfmc_ws/install/bfmc_brain/share/bfmc_brain/hook/pythonpath.dsv'
[1.572s] INFO:colcon.colcon_core.shell:Creating environment hook '/home/kyrgios/Documents/bfmc_ws/install/bfmc_brain/share/bfmc_brain/hook/pythonpath.sh'
[1.573s] Level 1:colcon.colcon_core.environment:checking '/home/kyrgios/Documents/bfmc_ws/install/bfmc_brain/bin'
[1.573s] Level 1:colcon.colcon_core.environment:create_environment_scripts_only(bfmc_brain)
[1.573s] INFO:colcon.colcon_core.shell:Creating package script '/home/kyrgios/Documents/bfmc_ws/install/bfmc_brain/share/bfmc_brain/package.ps1'
[1.574s] INFO:colcon.colcon_core.shell:Creating package descriptor '/home/kyrgios/Documents/bfmc_ws/install/bfmc_brain/share/bfmc_brain/package.dsv'
[1.574s] INFO:colcon.colcon_core.shell:Creating package script '/home/kyrgios/Documents/bfmc_ws/install/bfmc_brain/share/bfmc_brain/package.sh'
[1.575s] INFO:colcon.colcon_core.shell:Creating package script '/home/kyrgios/Documents/bfmc_ws/install/bfmc_brain/share/bfmc_brain/package.bash'
[1.575s] INFO:colcon.colcon_core.shell:Creating package script '/home/kyrgios/Documents/bfmc_ws/install/bfmc_brain/share/bfmc_brain/package.zsh'
[1.576s] Level 1:colcon.colcon_core.environment:create_file_with_runtime_dependencies(/home/kyrgios/Documents/bfmc_ws/install/bfmc_brain/share/colcon-core/packages/bfmc_brain)
[2.229s] DEBUG:colcon.colcon_core.event_handler.log_command:Invoked command in '/home/kyrgios/Documents/bfmc_ws/build/bfmc_interfaces' returned '0': CMAKE_PREFIX_PATH=${CMAKE_PREFIX_PATH}:/home/kyrgios/Documents/bfmc_ws/install/bfmc_perception:/home/kyrgios/Documents/bfmc_ws/install/bfmc_launch:/home/kyrgios/Documents/bfmc_ws/install/bfmc_hardware:/home/kyrgios/Documents/bfmc_ws/install/bfmc_brain:/opt/ros/humble /usr/bin/cmake /home/kyrgios/Documents/bfmc_ws/src/bfmc_interfaces -DCMAKE_INSTALL_PREFIX=/home/kyrgios/Documents/bfmc_ws/install/bfmc_interfaces
[2.229s] DEBUG:colcon.colcon_core.event_handler.log_command:Invoking command in '/home/kyrgios/Documents/bfmc_ws/build/bfmc_interfaces': CMAKE_PREFIX_PATH=${CMAKE_PREFIX_PATH}:/home/kyrgios/Documents/bfmc_ws/install/bfmc_perception:/home/kyrgios/Documents/bfmc_ws/install/bfmc_launch:/home/kyrgios/Documents/bfmc_ws/install/bfmc_hardware:/home/kyrgios/Documents/bfmc_ws/install/bfmc_brain:/opt/ros/humble /usr/bin/cmake --build /home/kyrgios/Documents/bfmc_ws/build/bfmc_interfaces -- -j12 -l12
[4.501s] DEBUG:colcon.colcon_core.event_handler.log_command:Invoked command in '/home/kyrgios/Documents/bfmc_ws/build/bfmc_interfaces' returned '0': CMAKE_PREFIX_PATH=${CMAKE_PREFIX_PATH}:/home/kyrgios/Documents/bfmc_ws/install/bfmc_perception:/home/kyrgios/Documents/bfmc_ws/install/bfmc_launch:/home/kyrgios/Documents/bfmc_ws/install/bfmc_hardware:/home/kyrgios/Documents/bfmc_ws/install/bfmc_brain:/opt/ros/humble /usr/bin/cmake --build /home/kyrgios/Documents/bfmc_ws/build/bfmc_interfaces -- -j12 -l12
[4.511s] DEBUG:colcon.colcon_core.event_handler.log_command:Invoking command in '/home/kyrgios/Documents/bfmc_ws/build/bfmc_interfaces': CMAKE_PREFIX_PATH=${CMAKE_PREFIX_PATH}:/home/kyrgios/Documents/bfmc_ws/install/bfmc_perception:/home/kyrgios/Documents/bfmc_ws/install/bfmc_launch:/home/kyrgios/Documents/bfmc_ws/install/bfmc_hardware:/home/kyrgios/Documents/bfmc_ws/install/bfmc_brain:/opt/ros/humble /usr/bin/cmake --install /home/kyrgios/Documents/bfmc_ws/build/bfmc_interfaces
[4.574s] Level 1:colcon.colcon_core.environment:create_environment_scripts_only(bfmc_interfaces)
[4.574s] Level 1:colcon.colcon_core.environment:checking '/home/kyrgios/Documents/bfmc_ws/install/bfmc_interfaces' for CMake module files
[4.574s] DEBUG:colcon.colcon_core.event_handler.log_command:Invoked command in '/home/kyrgios/Documents/bfmc_ws/build/bfmc_interfaces' returned '0': CMAKE_PREFIX_PATH=${CMAKE_PREFIX_PATH}:/home/kyrgios/Documents/bfmc_ws/install/bfmc_perception:/home/kyrgios/Documents/bfmc_ws/install/bfmc_launch:/home/kyrgios/Documents/bfmc_ws/install/bfmc_hardware:/home/kyrgios/Documents/bfmc_ws/install/bfmc_brain:/opt/ros/humble /usr/bin/cmake --install /home/kyrgios/Documents/bfmc_ws/build/bfmc_interfaces
[4.575s] Level 1:colcon.colcon_core.environment:checking '/home/kyrgios/Documents/bfmc_ws/install/bfmc_interfaces' for CMake config files
[4.575s] Level 1:colcon.colcon_core.shell:create_environment_hook('bfmc_interfaces', 'cmake_prefix_path')
[4.575s] INFO:colcon.colcon_core.shell:Creating environment hook '/home/kyrgios/Documents/bfmc_ws/install/bfmc_interfaces/share/bfmc_interfaces/hook/cmake_prefix_path.ps1'
[4.576s] INFO:colcon.colcon_core.shell:Creating environment descriptor '/home/kyrgios/Documents/bfmc_ws/install/bfmc_interfaces/share/bfmc_interfaces/hook/cmake_prefix_path.dsv'
[4.576s] INFO:colcon.colcon_core.shell:Creating environment hook '/home/kyrgios/Documents/bfmc_ws/install/bfmc_interfaces/share/bfmc_interfaces/hook/cmake_prefix_path.sh'
[4.576s] Level 1:colcon.colcon_core.environment:checking '/home/kyrgios/Documents/bfmc_ws/install/bfmc_interfaces/lib'
[4.576s] Level 1:colcon.colcon_core.shell:create_environment_hook('bfmc_interfaces', 'ld_library_path_lib')
[4.577s] INFO:colcon.colcon_core.shell:Creating environment hook '/home/kyrgios/Documents/bfmc_ws/install/bfmc_interfaces/share/bfmc_interfaces/hook/ld_library_path_lib.ps1'
[4.577s] INFO:colcon.colcon_core.shell:Creating environment descriptor '/home/kyrgios/Documents/bfmc_ws/install/bfmc_interfaces/share/bfmc_interfaces/hook/ld_library_path_lib.dsv'
[4.577s] INFO:colcon.colcon_core.shell:Creating environment hook '/home/kyrgios/Documents/bfmc_ws/install/bfmc_interfaces/share/bfmc_interfaces/hook/ld_library_path_lib.sh'
[4.577s] Level 1:colcon.colcon_core.environment:checking '/home/kyrgios/Documents/bfmc_ws/install/bfmc_interfaces/bin'
[4.577s] Level 1:colcon.colcon_core.environment:checking '/home/kyrgios/Documents/bfmc_ws/install/bfmc_interfaces/lib/pkgconfig/bfmc_interfaces.pc'
[4.577s] Level 1:colcon.colcon_core.environment:checking '/home/kyrgios/Documents/bfmc_ws/install/bfmc_interfaces/lib/python3.10/site-packages'
[4.578s] Level 1:colcon.colcon_core.environment:checking '/home/kyrgios/Documents/bfmc_ws/install/bfmc_interfaces/bin'
[4.578s] INFO:colcon.colcon_core.shell:Creating package script '/home/kyrgios/Documents/bfmc_ws/install/bfmc_interfaces/share/bfmc_interfaces/package.ps1'
[4.578s] INFO:colcon.colcon_core.shell:Creating package descriptor '/home/kyrgios/Documents/bfmc_ws/install/bfmc_interfaces/share/bfmc_interfaces/package.dsv'
[4.579s] INFO:colcon.colcon_core.shell:Creating package script '/home/kyrgios/Documents/bfmc_ws/install/bfmc_interfaces/share/bfmc_interfaces/package.sh'
[4.579s] INFO:colcon.colcon_core.shell:Creating package script '/home/kyrgios/Documents/bfmc_ws/install/bfmc_interfaces/share/bfmc_interfaces/package.bash'
[4.579s] INFO:colcon.colcon_core.shell:Creating package script '/home/kyrgios/Documents/bfmc_ws/install/bfmc_interfaces/share/bfmc_interfaces/package.zsh'
[4.579s] Level 1:colcon.colcon_core.environment:create_file_with_runtime_dependencies(/home/kyrgios/Documents/bfmc_ws/install/bfmc_interfaces/share/colcon-core/packages/bfmc_interfaces)
[4.580s] Level 1:colcon.colcon_core.environment:create_environment_scripts_only(bfmc_interfaces)
[4.580s] Level 1:colcon.colcon_core.environment:checking '/home/kyrgios/Documents/bfmc_ws/install/bfmc_interfaces' for CMake module files
[4.580s] Level 1:colcon.colcon_core.environment:checking '/home/kyrgios/Documents/bfmc_ws/install/bfmc_interfaces' for CMake config files
[4.581s] Level 1:colcon.colcon_core.shell:create_environment_hook('bfmc_interfaces', 'cmake_prefix_path')
[4.581s] INFO:colcon.colcon_core.shell:Creating environment hook '/home/kyrgios/Documents/bfmc_ws/install/bfmc_interfaces/share/bfmc_interfaces/hook/cmake_prefix_path.ps1'
[4.581s] INFO:colcon.colcon_core.shell:Creating environment descriptor '/home/kyrgios/Documents/bfmc_ws/install/bfmc_interfaces/share/bfmc_interfaces/hook/cmake_prefix_path.dsv'
[4.581s] INFO:colcon.colcon_core.shell:Creating environment hook '/home/kyrgios/Documents/bfmc_ws/install/bfmc_interfaces/share/bfmc_interfaces/hook/cmake_prefix_path.sh'
[4.582s] Level 1:colcon.colcon_core.environment:checking '/home/kyrgios/Documents/bfmc_ws/install/bfmc_interfaces/lib'
[4.582s] Level 1:colcon.colcon_core.shell:create_environment_hook('bfmc_interfaces', 'ld_library_path_lib')
[4.582s] INFO:colcon.colcon_core.shell:Creating environment hook '/home/kyrgios/Documents/bfmc_ws/install/bfmc_interfaces/share/bfmc_interfaces/hook/ld_library_path_lib.ps1'
[4.582s] INFO:colcon.colcon_core.shell:Creating environment descriptor '/home/kyrgios/Documents/bfmc_ws/install/bfmc_interfaces/share/bfmc_interfaces/hook/ld_library_path_lib.dsv'
[4.582s] INFO:colcon.colcon_core.shell:Creating environment hook '/home/kyrgios/Documents/bfmc_ws/install/bfmc_interfaces/share/bfmc_interfaces/hook/ld_library_path_lib.sh'
[4.583s] Level 1:colcon.colcon_core.environment:checking '/home/kyrgios/Documents/bfmc_ws/install/bfmc_interfaces/bin'
[4.583s] Level 1:colcon.colcon_core.environment:checking '/home/kyrgios/Documents/bfmc_ws/install/bfmc_interfaces/lib/pkgconfig/bfmc_interfaces.pc'
[4.583s] Level 1:colcon.colcon_core.environment:checking '/home/kyrgios/Documents/bfmc_ws/install/bfmc_interfaces/lib/python3.10/site-packages'
[4.583s] Level 1:colcon.colcon_core.environment:checking '/home/kyrgios/Documents/bfmc_ws/install/bfmc_interfaces/bin'
[4.583s] INFO:colcon.colcon_core.shell:Creating package script '/home/kyrgios/Documents/bfmc_ws/install/bfmc_interfaces/share/bfmc_interfaces/package.ps1'
[4.584s] INFO:colcon.colcon_core.shell:Creating package descriptor '/home/kyrgios/Documents/bfmc_ws/install/bfmc_interfaces/share/bfmc_interfaces/package.dsv'
[4.584s] INFO:colcon.colcon_core.shell:Creating package script '/home/kyrgios/Documents/bfmc_ws/install/bfmc_interfaces/share/bfmc_interfaces/package.sh'
[4.584s] INFO:colcon.colcon_core.shell:Creating package script '/home/kyrgios/Documents/bfmc_ws/install/bfmc_interfaces/share/bfmc_interfaces/package.bash'
[4.585s] INFO:colcon.colcon_core.shell:Creating package script '/home/kyrgios/Documents/bfmc_ws/install/bfmc_interfaces/share/bfmc_interfaces/package.zsh'
[4.585s] Level 1:colcon.colcon_core.environment:create_file_with_runtime_dependencies(/home/kyrgios/Documents/bfmc_ws/install/bfmc_interfaces/share/colcon-core/packages/bfmc_interfaces)
[4.585s] INFO:colcon.colcon_ros.task.ament_python.build:Building ROS package in '/home/kyrgios/Documents/bfmc_ws/src/bfmc_perception' with build type 'ament_python'
[4.585s] Level 1:colcon.colcon_core.shell:create_environment_hook('bfmc_perception', 'ament_prefix_path')
[4.586s] INFO:colcon.colcon_core.shell:Creating environment hook '/home/kyrgios/Documents/bfmc_ws/install/bfmc_perception/share/bfmc_perception/hook/ament_prefix_path.ps1'
[4.586s] INFO:colcon.colcon_core.shell:Creating environment descriptor '/home/kyrgios/Documents/bfmc_ws/install/bfmc_perception/share/bfmc_perception/hook/ament_prefix_path.dsv'
[4.587s] INFO:colcon.colcon_core.shell:Creating environment hook '/home/kyrgios/Documents/bfmc_ws/install/bfmc_perception/share/bfmc_perception/hook/ament_prefix_path.sh'
[4.587s] INFO:colcon.colcon_core.shell:Skip shell extension 'powershell' for command environment: Not usable outside of PowerShell
[4.587s] DEBUG:colcon.colcon_core.shell:Skip shell extension 'dsv' for command environment
[4.787s] INFO:colcon.colcon_core.task.python.build:Building Python package in '/home/kyrgios/Documents/bfmc_ws/src/bfmc_perception'
[4.787s] INFO:colcon.colcon_core.shell:Skip shell extension 'powershell' for command environment: Not usable outside of PowerShell
[4.787s] DEBUG:colcon.colcon_core.shell:Skip shell extension 'dsv' for command environment
[5.050s] DEBUG:colcon.colcon_core.event_handler.log_command:Invoking command in '/home/kyrgios/Documents/bfmc_ws/src/bfmc_perception': PYTHONPATH=/home/kyrgios/Documents/bfmc_ws/build/bfmc_perception/prefix_override:/usr/lib/python3/dist-packages/colcon_core/task/python/colcon_distutils_commands:/home/kyrgios/Documents/bfmc_ws/install/bfmc_perception/lib/python3.10/site-packages:${PYTHONPATH} /usr/bin/python3 -W ignore:setup.py install is deprecated -W ignore:easy_install command is deprecated setup.py egg_info --egg-base ../../build/bfmc_perception build --build-base /home/kyrgios/Documents/bfmc_ws/build/bfmc_perception/build install --record /home/kyrgios/Documents/bfmc_ws/build/bfmc_perception/install.log --single-version-externally-managed install_data
[5.264s] Level 1:colcon.colcon_core.environment:checking '/home/kyrgios/Documents/bfmc_ws/install/bfmc_perception' for CMake module files
[5.264s] DEBUG:colcon.colcon_core.event_handler.log_command:Invoked command in '/home/kyrgios/Documents/bfmc_ws/src/bfmc_perception' returned '0': PYTHONPATH=/home/kyrgios/Documents/bfmc_ws/build/bfmc_perception/prefix_override:/usr/lib/python3/dist-packages/colcon_core/task/python/colcon_distutils_commands:/home/kyrgios/Documents/bfmc_ws/install/bfmc_perception/lib/python3.10/site-packages:${PYTHONPATH} /usr/bin/python3 -W ignore:setup.py install is deprecated -W ignore:easy_install command is deprecated setup.py egg_info --egg-base ../../build/bfmc_perception build --build-base /home/kyrgios/Documents/bfmc_ws/build/bfmc_perception/build install --record /home/kyrgios/Documents/bfmc_ws/build/bfmc_perception/install.log --single-version-externally-managed install_data
[5.265s] Level 1:colcon.colcon_core.environment:checking '/home/kyrgios/Documents/bfmc_ws/install/bfmc_perception' for CMake config files
[5.265s] Level 1:colcon.colcon_core.environment:checking '/home/kyrgios/Documents/bfmc_ws/install/bfmc_perception/lib'
[5.265s] Level 1:colcon.colcon_core.environment:checking '/home/kyrgios/Documents/bfmc_ws/install/bfmc_perception/bin'
[5.265s] Level 1:colcon.colcon_core.environment:checking '/home/kyrgios/Documents/bfmc_ws/install/bfmc_perception/lib/pkgconfig/bfmc_perception.pc'
[5.265s] Level 1:colcon.colcon_core.environment:checking '/home/kyrgios/Documents/bfmc_ws/install/bfmc_perception/lib/python3.10/site-packages'
[5.265s] Level 1:colcon.colcon_core.shell:create_environment_hook('bfmc_perception', 'pythonpath')
[5.266s] INFO:colcon.colcon_core.shell:Creating environment hook '/home/kyrgios/Documents/bfmc_ws/install/bfmc_perception/share/bfmc_perception/hook/pythonpath.ps1'
[5.266s] INFO:colcon.colcon_core.shell:Creating environment descriptor '/home/kyrgios/Documents/bfmc_ws/install/bfmc_perception/share/bfmc_perception/hook/pythonpath.dsv'
[5.266s] INFO:colcon.colcon_core.shell:Creating environment hook '/home/kyrgios/Documents/bfmc_ws/install/bfmc_perception/share/bfmc_perception/hook/pythonpath.sh'
[5.267s] Level 1:colcon.colcon_core.environment:checking '/home/kyrgios/Documents/bfmc_ws/install/bfmc_perception/bin'
[5.267s] Level 1:colcon.colcon_core.environment:create_environment_scripts_only(bfmc_perception)
[5.267s] INFO:colcon.colcon_core.shell:Creating package script '/home/kyrgios/Documents/bfmc_ws/install/bfmc_perception/share/bfmc_perception/package.ps1'
[5.267s] INFO:colcon.colcon_core.shell:Creating package descriptor '/home/kyrgios/Documents/bfmc_ws/install/bfmc_perception/share/bfmc_perception/package.dsv'
[5.267s] INFO:colcon.colcon_core.shell:Creating package script '/home/kyrgios/Documents/bfmc_ws/install/bfmc_perception/share/bfmc_perception/package.sh'
[5.268s] INFO:colcon.colcon_core.shell:Creating package script '/home/kyrgios/Documents/bfmc_ws/install/bfmc_perception/share/bfmc_perception/package.bash'
[5.268s] INFO:colcon.colcon_core.shell:Creating package script '/home/kyrgios/Documents/bfmc_ws/install/bfmc_perception/share/bfmc_perception/package.zsh'
[5.268s] Level 1:colcon.colcon_core.environment:create_file_with_runtime_dependencies(/home/kyrgios/Documents/bfmc_ws/install/bfmc_perception/share/colcon-core/packages/bfmc_perception)
[5.268s] DEBUG:colcon.colcon_parallel_executor.executor.parallel:closing loop
[5.269s] DEBUG:colcon.colcon_parallel_executor.executor.parallel:loop closed
[5.269s] DEBUG:colcon.colcon_parallel_executor.executor.parallel:run_until_complete finished with '0'
[5.269s] DEBUG:colcon.colcon_core.event_reactor:joining thread
[5.273s] INFO:colcon.colcon_core.plugin_system:Skipping extension 'colcon_notification.desktop_notification.terminal_notifier': Not used on non-Darwin systems
[5.273s] INFO:colcon.colcon_core.plugin_system:Skipping extension 'colcon_notification.desktop_notification.win32': Not used on non-Windows systems
[5.273s] INFO:colcon.colcon_notification.desktop_notification:Sending desktop notification using 'notify2'
[5.282s] DEBUG:colcon.colcon_core.event_reactor:joined thread
[5.282s] INFO:colcon.colcon_core.shell:Creating prefix script '/home/kyrgios/Documents/bfmc_ws/install/local_setup.ps1'
[5.283s] INFO:colcon.colcon_core.shell:Creating prefix util module '/home/kyrgios/Documents/bfmc_ws/install/_local_setup_util_ps1.py'
[5.284s] INFO:colcon.colcon_core.shell:Creating prefix chain script '/home/kyrgios/Documents/bfmc_ws/install/setup.ps1'
[5.285s] INFO:colcon.colcon_core.shell:Creating prefix script '/home/kyrgios/Documents/bfmc_ws/install/local_setup.sh'
[5.285s] INFO:colcon.colcon_core.shell:Creating prefix util module '/home/kyrgios/Documents/bfmc_ws/install/_local_setup_util_sh.py'
[5.285s] INFO:colcon.colcon_core.shell:Creating prefix chain script '/home/kyrgios/Documents/bfmc_ws/install/setup.sh'
[5.286s] INFO:colcon.colcon_core.shell:Creating prefix script '/home/kyrgios/Documents/bfmc_ws/install/local_setup.bash'
[5.286s] INFO:colcon.colcon_core.shell:Creating prefix chain script '/home/kyrgios/Documents/bfmc_ws/install/setup.bash'
[5.287s] INFO:colcon.colcon_core.shell:Creating prefix script '/home/kyrgios/Documents/bfmc_ws/install/local_setup.zsh'
[5.287s] INFO:colcon.colcon_core.shell:Creating prefix chain script '/home/kyrgios/Documents/bfmc_ws/install/setup.zsh'
