[0.020s] Invoking command in '/home/kyrgios/Documents/bfmc_ws/build/bfmc_interfaces': CMAKE_PREFIX_PATH=${CMAKE_PREFIX_PATH}:/home/kyrgios/Documents/bfmc_ws/install/bfmc_perception:/home/kyrgios/Documents/bfmc_ws/install/bfmc_launch:/home/kyrgios/Documents/bfmc_ws/install/bfmc_hardware:/home/kyrgios/Documents/bfmc_ws/install/bfmc_brain:/opt/ros/humble /usr/bin/cmake /home/kyrgios/Documents/bfmc_ws/src/bfmc_interfaces -DCMAKE_INSTALL_PREFIX=/home/kyrgios/Documents/bfmc_ws/install/bfmc_interfaces
[0.121s] -- The C compiler identification is GNU 11.4.0
[0.180s] -- The CXX compiler identification is GNU 11.4.0
[0.189s] -- Detecting C compiler ABI info
[0.255s] -- Detecting C compiler ABI info - done
[0.261s] -- Check for working C compiler: /usr/bin/cc - skipped
[0.261s] -- Detecting C compile features
[0.262s] -- Detecting C compile features - done
[0.265s] -- Detecting CXX compiler ABI info
[0.347s] -- Detecting CXX compiler ABI info - done
[0.353s] -- Check for working CXX compiler: /usr/bin/c++ - skipped
[0.353s] -- Detecting CXX compile features
[0.353s] -- Detecting CXX compile features - done
[0.355s] -- Found ament_cmake: 1.3.12 (/opt/ros/humble/share/ament_cmake/cmake)
[0.505s] -- Found Python3: /usr/bin/python3 (found version "3.10.12") found components: Interpreter 
[0.604s] -- Found rosidl_default_generators: 1.2.0 (/opt/ros/humble/share/rosidl_default_generators/cmake)
[0.608s] -- Using all available rosidl_typesupport_c: rosidl_typesupport_fastrtps_c;rosidl_typesupport_introspection_c
[0.615s] -- Found rosidl_adapter: 3.1.7 (/opt/ros/humble/share/rosidl_adapter/cmake)
[0.665s] -- Using all available rosidl_typesupport_cpp: rosidl_typesupport_fastrtps_cpp;rosidl_typesupport_introspection_cpp
[0.964s] -- Found ament_cmake_ros: 0.10.0 (/opt/ros/humble/share/ament_cmake_ros/cmake)
[1.150s] -- Using all available rosidl_typesupport_c: rosidl_typesupport_fastrtps_c;rosidl_typesupport_introspection_c
[1.371s] -- Using all available rosidl_typesupport_cpp: rosidl_typesupport_fastrtps_cpp;rosidl_typesupport_introspection_cpp
[1.389s] -- Found PythonInterp: /usr/bin/python3 (found suitable version "3.10.12", minimum required is "3.6") 
[1.391s] -- Found python_cmake_module: 0.10.0 (/opt/ros/humble/share/python_cmake_module/cmake)
[1.414s] -- Found PythonLibs: /usr/lib/x86_64-linux-gnu/libpython3.10.so (found suitable version "3.10.12", minimum required is "3.5") 
[1.414s] -- Using PYTHON_EXECUTABLE: /usr/bin/python3
[1.414s] -- Using PYTHON_INCLUDE_DIRS: /usr/include/python3.10
[1.414s] -- Using PYTHON_LIBRARIES: /usr/lib/x86_64-linux-gnu/libpython3.10.so
[1.430s] -- Found PythonExtra: .so  
[1.458s] -- Found ament_lint_auto: 0.12.14 (/opt/ros/humble/share/ament_lint_auto/cmake)
[1.477s] -- Added test 'lint_cmake' to check CMake code style
[1.479s] -- Added test 'xmllint' to check XML markup files
[1.481s] -- Configuring done
[1.506s] -- Generating done
[1.513s] -- Build files have been written to: /home/kyrgios/Documents/bfmc_ws/build/bfmc_interfaces
[1.521s] Invoked command in '/home/kyrgios/Documents/bfmc_ws/build/bfmc_interfaces' returned '0': CMAKE_PREFIX_PATH=${CMAKE_PREFIX_PATH}:/home/kyrgios/Documents/bfmc_ws/install/bfmc_perception:/home/kyrgios/Documents/bfmc_ws/install/bfmc_launch:/home/kyrgios/Documents/bfmc_ws/install/bfmc_hardware:/home/kyrgios/Documents/bfmc_ws/install/bfmc_brain:/opt/ros/humble /usr/bin/cmake /home/kyrgios/Documents/bfmc_ws/src/bfmc_interfaces -DCMAKE_INSTALL_PREFIX=/home/kyrgios/Documents/bfmc_ws/install/bfmc_interfaces
[1.521s] Invoking command in '/home/kyrgios/Documents/bfmc_ws/build/bfmc_interfaces': CMAKE_PREFIX_PATH=${CMAKE_PREFIX_PATH}:/home/kyrgios/Documents/bfmc_ws/install/bfmc_perception:/home/kyrgios/Documents/bfmc_ws/install/bfmc_launch:/home/kyrgios/Documents/bfmc_ws/install/bfmc_hardware:/home/kyrgios/Documents/bfmc_ws/install/bfmc_brain:/opt/ros/humble /usr/bin/cmake --build /home/kyrgios/Documents/bfmc_ws/build/bfmc_interfaces -- -j12 -l12
[1.555s] [  2%] [34m[1mGenerating C code for ROS interfaces[0m
[1.564s] [  4%] [34m[1mGenerating C++ code for ROS interfaces[0m
[1.572s] [  4%] Built target ament_cmake_python_copy_bfmc_interfaces
[1.782s] running egg_info
[1.783s] creating bfmc_interfaces.egg-info
[1.783s] writing bfmc_interfaces.egg-info/PKG-INFO
[1.783s] writing dependency_links to bfmc_interfaces.egg-info/dependency_links.txt
[1.783s] writing top-level names to bfmc_interfaces.egg-info/top_level.txt
[1.783s] writing manifest file 'bfmc_interfaces.egg-info/SOURCES.txt'
[1.785s] reading manifest file 'bfmc_interfaces.egg-info/SOURCES.txt'
[1.785s] writing manifest file 'bfmc_interfaces.egg-info/SOURCES.txt'
[1.819s] [  4%] Built target ament_cmake_python_build_bfmc_interfaces_egg
[1.870s] [  4%] Built target bfmc_interfaces__cpp
[1.879s] [ 12%] [32mBuilding C object CMakeFiles/bfmc_interfaces__rosidl_generator_c.dir/rosidl_generator_c/bfmc_interfaces/msg/detail/serial_status__functions.c.o[0m
[1.879s] [ 12%] [34m[1mGenerating C++ type support dispatch for ROS interfaces[0m
[1.879s] [ 12%] [32mBuilding C object CMakeFiles/bfmc_interfaces__rosidl_generator_c.dir/rosidl_generator_c/bfmc_interfaces/msg/detail/control__functions.c.o[0m
[1.879s] [ 12%] [32mBuilding C object CMakeFiles/bfmc_interfaces__rosidl_generator_c.dir/rosidl_generator_c/bfmc_interfaces/msg/detail/lane_info__functions.c.o[0m
[1.879s] [ 14%] [34m[1mGenerating C++ type support for eProsima Fast-RTPS[0m
[1.881s] [ 17%] [34m[1mGenerating C++ introspection for ROS interfaces[0m
[1.939s] [ 19%] [32m[1mLinking C shared library libbfmc_interfaces__rosidl_generator_c.so[0m
[1.978s] [ 19%] Built target bfmc_interfaces__rosidl_generator_c
[1.992s] [ 21%] [34m[1mGenerating C type support dispatch for ROS interfaces[0m
[1.992s] [ 25%] [34m[1mGenerating C type support for eProsima Fast-RTPS[0m
[1.992s] [ 25%] [34m[1mGenerating C introspection for ROS interfaces[0m
[2.150s] [ 31%] [32mBuilding CXX object CMakeFiles/bfmc_interfaces__rosidl_typesupport_cpp.dir/rosidl_typesupport_cpp/bfmc_interfaces/msg/control__type_support.cpp.o[0m
[2.150s] [ 31%] [32mBuilding CXX object CMakeFiles/bfmc_interfaces__rosidl_typesupport_cpp.dir/rosidl_typesupport_cpp/bfmc_interfaces/msg/serial_status__type_support.cpp.o[0m
[2.150s] [ 31%] [32mBuilding CXX object CMakeFiles/bfmc_interfaces__rosidl_typesupport_cpp.dir/rosidl_typesupport_cpp/bfmc_interfaces/msg/lane_info__type_support.cpp.o[0m
[2.210s] [ 38%] [32mBuilding CXX object CMakeFiles/bfmc_interfaces__rosidl_typesupport_introspection_cpp.dir/rosidl_typesupport_introspection_cpp/bfmc_interfaces/msg/detail/serial_status__type_support.cpp.o[0m
[2.210s] [ 38%] [32mBuilding CXX object CMakeFiles/bfmc_interfaces__rosidl_typesupport_introspection_cpp.dir/rosidl_typesupport_introspection_cpp/bfmc_interfaces/msg/detail/lane_info__type_support.cpp.o[0m
[2.210s] [ 38%] [32mBuilding CXX object CMakeFiles/bfmc_interfaces__rosidl_typesupport_introspection_cpp.dir/rosidl_typesupport_introspection_cpp/bfmc_interfaces/msg/detail/control__type_support.cpp.o[0m
[2.235s] [ 42%] [32mBuilding CXX object CMakeFiles/bfmc_interfaces__rosidl_typesupport_fastrtps_cpp.dir/rosidl_typesupport_fastrtps_cpp/bfmc_interfaces/msg/detail/dds_fastrtps/control__type_support.cpp.o[0m
[2.237s] [ 42%] [32mBuilding CXX object CMakeFiles/bfmc_interfaces__rosidl_typesupport_fastrtps_cpp.dir/rosidl_typesupport_fastrtps_cpp/bfmc_interfaces/msg/detail/dds_fastrtps/lane_info__type_support.cpp.o[0m
[2.241s] [ 44%] [32mBuilding CXX object CMakeFiles/bfmc_interfaces__rosidl_typesupport_fastrtps_cpp.dir/rosidl_typesupport_fastrtps_cpp/bfmc_interfaces/msg/detail/dds_fastrtps/serial_status__type_support.cpp.o[0m
[2.342s] [ 46%] [32mBuilding CXX object CMakeFiles/bfmc_interfaces__rosidl_typesupport_c.dir/rosidl_typesupport_c/bfmc_interfaces/msg/control__type_support.cpp.o[0m
[2.420s] [ 48%] [32mBuilding CXX object CMakeFiles/bfmc_interfaces__rosidl_typesupport_c.dir/rosidl_typesupport_c/bfmc_interfaces/msg/lane_info__type_support.cpp.o[0m
[2.470s] [ 51%] [32mBuilding C object CMakeFiles/bfmc_interfaces__rosidl_typesupport_introspection_c.dir/rosidl_typesupport_introspection_c/bfmc_interfaces/msg/detail/control__type_support.c.o[0m
[2.487s] [ 53%] [32mBuilding CXX object CMakeFiles/bfmc_interfaces__rosidl_typesupport_fastrtps_c.dir/rosidl_typesupport_fastrtps_c/bfmc_interfaces/msg/detail/control__type_support_c.cpp.o[0m
[2.492s] [ 55%] [32mBuilding CXX object CMakeFiles/bfmc_interfaces__rosidl_typesupport_c.dir/rosidl_typesupport_c/bfmc_interfaces/msg/serial_status__type_support.cpp.o[0m
[2.548s] [ 57%] [32m[1mLinking CXX shared library libbfmc_interfaces__rosidl_typesupport_c.so[0m
[2.548s] [ 59%] [32mBuilding C object CMakeFiles/bfmc_interfaces__rosidl_typesupport_introspection_c.dir/rosidl_typesupport_introspection_c/bfmc_interfaces/msg/detail/lane_info__type_support.c.o[0m
[2.589s] [ 61%] [32mBuilding CXX object CMakeFiles/bfmc_interfaces__rosidl_typesupport_fastrtps_c.dir/rosidl_typesupport_fastrtps_c/bfmc_interfaces/msg/detail/lane_info__type_support_c.cpp.o[0m
[2.601s] [ 63%] [32mBuilding C object CMakeFiles/bfmc_interfaces__rosidl_typesupport_introspection_c.dir/rosidl_typesupport_introspection_c/bfmc_interfaces/msg/detail/serial_status__type_support.c.o[0m
[2.607s] [ 65%] [32m[1mLinking CXX shared library libbfmc_interfaces__rosidl_typesupport_cpp.so[0m
[2.620s] [ 65%] Built target bfmc_interfaces__rosidl_typesupport_c
[2.629s] [ 68%] [32mBuilding CXX object CMakeFiles/bfmc_interfaces__rosidl_typesupport_fastrtps_c.dir/rosidl_typesupport_fastrtps_c/bfmc_interfaces/msg/detail/serial_status__type_support_c.cpp.o[0m
[2.665s] [ 70%] [32m[1mLinking C shared library libbfmc_interfaces__rosidl_typesupport_introspection_c.so[0m
[2.675s] [ 70%] Built target bfmc_interfaces__rosidl_typesupport_cpp
[2.720s] [ 70%] Built target bfmc_interfaces__rosidl_typesupport_introspection_c
[2.827s] [ 72%] [32m[1mLinking CXX shared library libbfmc_interfaces__rosidl_typesupport_introspection_cpp.so[0m
[2.879s] [ 74%] [32m[1mLinking CXX shared library libbfmc_interfaces__rosidl_typesupport_fastrtps_cpp.so[0m
[2.941s] [ 74%] Built target bfmc_interfaces__rosidl_typesupport_introspection_cpp
[2.984s] [ 74%] Built target bfmc_interfaces__rosidl_typesupport_fastrtps_cpp
[3.021s] [ 76%] [32m[1mLinking CXX shared library libbfmc_interfaces__rosidl_typesupport_fastrtps_c.so[0m
[3.106s] [ 76%] Built target bfmc_interfaces__rosidl_typesupport_fastrtps_c
[3.130s] [ 76%] Built target bfmc_interfaces
[3.154s] [ 78%] [34m[1mGenerating Python code for ROS interfaces[0m
[3.495s] [ 78%] Built target bfmc_interfaces__py
[3.515s] [ 82%] [32mBuilding C object CMakeFiles/bfmc_interfaces__rosidl_generator_py.dir/rosidl_generator_py/bfmc_interfaces/msg/_serial_status_s.c.o[0m
[3.515s] [ 82%] [32mBuilding C object CMakeFiles/bfmc_interfaces__rosidl_generator_py.dir/rosidl_generator_py/bfmc_interfaces/msg/_lane_info_s.c.o[0m
[3.515s] [ 85%] [32mBuilding C object CMakeFiles/bfmc_interfaces__rosidl_generator_py.dir/rosidl_generator_py/bfmc_interfaces/msg/_control_s.c.o[0m
[3.619s] [ 87%] [32m[1mLinking C shared library rosidl_generator_py/bfmc_interfaces/libbfmc_interfaces__rosidl_generator_py.so[0m
[3.655s] [ 87%] Built target bfmc_interfaces__rosidl_generator_py
[3.673s] [ 93%] [32mBuilding C object CMakeFiles/bfmc_interfaces__rosidl_typesupport_fastrtps_c__pyext.dir/rosidl_generator_py/bfmc_interfaces/_bfmc_interfaces_s.ep.rosidl_typesupport_fastrtps_c.c.o[0m
[3.674s] [ 93%] [32mBuilding C object CMakeFiles/bfmc_interfaces__rosidl_typesupport_c__pyext.dir/rosidl_generator_py/bfmc_interfaces/_bfmc_interfaces_s.ep.rosidl_typesupport_c.c.o[0m
[3.674s] [ 93%] [32mBuilding C object CMakeFiles/bfmc_interfaces__rosidl_typesupport_introspection_c__pyext.dir/rosidl_generator_py/bfmc_interfaces/_bfmc_interfaces_s.ep.rosidl_typesupport_introspection_c.c.o[0m
[3.747s] [ 95%] [32m[1mLinking C shared library rosidl_generator_py/bfmc_interfaces/bfmc_interfaces_s__rosidl_typesupport_c.cpython-310-x86_64-linux-gnu.so[0m
[3.747s] [ 97%] [32m[1mLinking C shared library rosidl_generator_py/bfmc_interfaces/bfmc_interfaces_s__rosidl_typesupport_introspection_c.cpython-310-x86_64-linux-gnu.so[0m
[3.752s] [100%] [32m[1mLinking C shared library rosidl_generator_py/bfmc_interfaces/bfmc_interfaces_s__rosidl_typesupport_fastrtps_c.cpython-310-x86_64-linux-gnu.so[0m
[3.776s] [100%] Built target bfmc_interfaces__rosidl_typesupport_introspection_c__pyext
[3.777s] [100%] Built target bfmc_interfaces__rosidl_typesupport_c__pyext
[3.783s] [100%] Built target bfmc_interfaces__rosidl_typesupport_fastrtps_c__pyext
[3.794s] Invoked command in '/home/kyrgios/Documents/bfmc_ws/build/bfmc_interfaces' returned '0': CMAKE_PREFIX_PATH=${CMAKE_PREFIX_PATH}:/home/kyrgios/Documents/bfmc_ws/install/bfmc_perception:/home/kyrgios/Documents/bfmc_ws/install/bfmc_launch:/home/kyrgios/Documents/bfmc_ws/install/bfmc_hardware:/home/kyrgios/Documents/bfmc_ws/install/bfmc_brain:/opt/ros/humble /usr/bin/cmake --build /home/kyrgios/Documents/bfmc_ws/build/bfmc_interfaces -- -j12 -l12
[3.803s] Invoking command in '/home/kyrgios/Documents/bfmc_ws/build/bfmc_interfaces': CMAKE_PREFIX_PATH=${CMAKE_PREFIX_PATH}:/home/kyrgios/Documents/bfmc_ws/install/bfmc_perception:/home/kyrgios/Documents/bfmc_ws/install/bfmc_launch:/home/kyrgios/Documents/bfmc_ws/install/bfmc_hardware:/home/kyrgios/Documents/bfmc_ws/install/bfmc_brain:/opt/ros/humble /usr/bin/cmake --install /home/kyrgios/Documents/bfmc_ws/build/bfmc_interfaces
[3.809s] -- Install configuration: ""
[3.810s] -- Installing: /home/kyrgios/Documents/bfmc_ws/install/bfmc_interfaces/share/ament_index/resource_index/rosidl_interfaces/bfmc_interfaces
[3.810s] -- Installing: /home/kyrgios/Documents/bfmc_ws/install/bfmc_interfaces/include/bfmc_interfaces/bfmc_interfaces
[3.810s] -- Installing: /home/kyrgios/Documents/bfmc_ws/install/bfmc_interfaces/include/bfmc_interfaces/bfmc_interfaces/msg
[3.810s] -- Installing: /home/kyrgios/Documents/bfmc_ws/install/bfmc_interfaces/include/bfmc_interfaces/bfmc_interfaces/msg/serial_status.h
[3.810s] -- Installing: /home/kyrgios/Documents/bfmc_ws/install/bfmc_interfaces/include/bfmc_interfaces/bfmc_interfaces/msg/control.h
[3.810s] -- Installing: /home/kyrgios/Documents/bfmc_ws/install/bfmc_interfaces/include/bfmc_interfaces/bfmc_interfaces/msg/lane_info.h
[3.810s] -- Installing: /home/kyrgios/Documents/bfmc_ws/install/bfmc_interfaces/include/bfmc_interfaces/bfmc_interfaces/msg/rosidl_generator_c__visibility_control.h
[3.810s] -- Installing: /home/kyrgios/Documents/bfmc_ws/install/bfmc_interfaces/include/bfmc_interfaces/bfmc_interfaces/msg/detail
[3.810s] -- Installing: /home/kyrgios/Documents/bfmc_ws/install/bfmc_interfaces/include/bfmc_interfaces/bfmc_interfaces/msg/detail/control__type_support.h
[3.811s] -- Installing: /home/kyrgios/Documents/bfmc_ws/install/bfmc_interfaces/include/bfmc_interfaces/bfmc_interfaces/msg/detail/control__struct.h
[3.811s] -- Installing: /home/kyrgios/Documents/bfmc_ws/install/bfmc_interfaces/include/bfmc_interfaces/bfmc_interfaces/msg/detail/serial_status__functions.h
[3.811s] -- Installing: /home/kyrgios/Documents/bfmc_ws/install/bfmc_interfaces/include/bfmc_interfaces/bfmc_interfaces/msg/detail/serial_status__functions.c
[3.811s] -- Installing: /home/kyrgios/Documents/bfmc_ws/install/bfmc_interfaces/include/bfmc_interfaces/bfmc_interfaces/msg/detail/control__functions.c
[3.811s] -- Installing: /home/kyrgios/Documents/bfmc_ws/install/bfmc_interfaces/include/bfmc_interfaces/bfmc_interfaces/msg/detail/lane_info__functions.h
[3.811s] -- Installing: /home/kyrgios/Documents/bfmc_ws/install/bfmc_interfaces/include/bfmc_interfaces/bfmc_interfaces/msg/detail/lane_info__functions.c
[3.811s] -- Installing: /home/kyrgios/Documents/bfmc_ws/install/bfmc_interfaces/include/bfmc_interfaces/bfmc_interfaces/msg/detail/control__functions.h
[3.811s] -- Installing: /home/kyrgios/Documents/bfmc_ws/install/bfmc_interfaces/include/bfmc_interfaces/bfmc_interfaces/msg/detail/serial_status__type_support.h
[3.811s] -- Installing: /home/kyrgios/Documents/bfmc_ws/install/bfmc_interfaces/include/bfmc_interfaces/bfmc_interfaces/msg/detail/lane_info__struct.h
[3.811s] -- Installing: /home/kyrgios/Documents/bfmc_ws/install/bfmc_interfaces/include/bfmc_interfaces/bfmc_interfaces/msg/detail/lane_info__type_support.h
[3.811s] -- Installing: /home/kyrgios/Documents/bfmc_ws/install/bfmc_interfaces/include/bfmc_interfaces/bfmc_interfaces/msg/detail/serial_status__struct.h
[3.812s] -- Installing: /home/kyrgios/Documents/bfmc_ws/install/bfmc_interfaces/share/bfmc_interfaces/environment/library_path.sh
[3.812s] -- Installing: /home/kyrgios/Documents/bfmc_ws/install/bfmc_interfaces/share/bfmc_interfaces/environment/library_path.dsv
[3.812s] -- Installing: /home/kyrgios/Documents/bfmc_ws/install/bfmc_interfaces/lib/libbfmc_interfaces__rosidl_generator_c.so
[3.812s] -- Set runtime path of "/home/kyrgios/Documents/bfmc_ws/install/bfmc_interfaces/lib/libbfmc_interfaces__rosidl_generator_c.so" to ""
[3.812s] -- Up-to-date: /home/kyrgios/Documents/bfmc_ws/install/bfmc_interfaces/include/bfmc_interfaces/bfmc_interfaces
[3.812s] -- Up-to-date: /home/kyrgios/Documents/bfmc_ws/install/bfmc_interfaces/include/bfmc_interfaces/bfmc_interfaces/msg
[3.812s] -- Installing: /home/kyrgios/Documents/bfmc_ws/install/bfmc_interfaces/include/bfmc_interfaces/bfmc_interfaces/msg/rosidl_typesupport_fastrtps_c__visibility_control.h
[3.812s] -- Up-to-date: /home/kyrgios/Documents/bfmc_ws/install/bfmc_interfaces/include/bfmc_interfaces/bfmc_interfaces/msg/detail
[3.813s] -- Installing: /home/kyrgios/Documents/bfmc_ws/install/bfmc_interfaces/include/bfmc_interfaces/bfmc_interfaces/msg/detail/control__rosidl_typesupport_fastrtps_c.h
[3.813s] -- Installing: /home/kyrgios/Documents/bfmc_ws/install/bfmc_interfaces/include/bfmc_interfaces/bfmc_interfaces/msg/detail/serial_status__rosidl_typesupport_fastrtps_c.h
[3.813s] -- Installing: /home/kyrgios/Documents/bfmc_ws/install/bfmc_interfaces/include/bfmc_interfaces/bfmc_interfaces/msg/detail/lane_info__rosidl_typesupport_fastrtps_c.h
[3.813s] -- Installing: /home/kyrgios/Documents/bfmc_ws/install/bfmc_interfaces/lib/libbfmc_interfaces__rosidl_typesupport_fastrtps_c.so
[3.813s] -- Set runtime path of "/home/kyrgios/Documents/bfmc_ws/install/bfmc_interfaces/lib/libbfmc_interfaces__rosidl_typesupport_fastrtps_c.so" to ""
[3.813s] -- Up-to-date: /home/kyrgios/Documents/bfmc_ws/install/bfmc_interfaces/include/bfmc_interfaces/bfmc_interfaces
[3.813s] -- Up-to-date: /home/kyrgios/Documents/bfmc_ws/install/bfmc_interfaces/include/bfmc_interfaces/bfmc_interfaces/msg
[3.814s] -- Installing: /home/kyrgios/Documents/bfmc_ws/install/bfmc_interfaces/include/bfmc_interfaces/bfmc_interfaces/msg/rosidl_typesupport_introspection_c__visibility_control.h
[3.814s] -- Up-to-date: /home/kyrgios/Documents/bfmc_ws/install/bfmc_interfaces/include/bfmc_interfaces/bfmc_interfaces/msg/detail
[3.814s] -- Installing: /home/kyrgios/Documents/bfmc_ws/install/bfmc_interfaces/include/bfmc_interfaces/bfmc_interfaces/msg/detail/lane_info__type_support.c
[3.814s] -- Installing: /home/kyrgios/Documents/bfmc_ws/install/bfmc_interfaces/include/bfmc_interfaces/bfmc_interfaces/msg/detail/control__rosidl_typesupport_introspection_c.h
[3.814s] -- Installing: /home/kyrgios/Documents/bfmc_ws/install/bfmc_interfaces/include/bfmc_interfaces/bfmc_interfaces/msg/detail/serial_status__type_support.c
[3.814s] -- Installing: /home/kyrgios/Documents/bfmc_ws/install/bfmc_interfaces/include/bfmc_interfaces/bfmc_interfaces/msg/detail/lane_info__rosidl_typesupport_introspection_c.h
[3.814s] -- Installing: /home/kyrgios/Documents/bfmc_ws/install/bfmc_interfaces/include/bfmc_interfaces/bfmc_interfaces/msg/detail/serial_status__rosidl_typesupport_introspection_c.h
[3.814s] -- Installing: /home/kyrgios/Documents/bfmc_ws/install/bfmc_interfaces/include/bfmc_interfaces/bfmc_interfaces/msg/detail/control__type_support.c
[3.814s] -- Installing: /home/kyrgios/Documents/bfmc_ws/install/bfmc_interfaces/lib/libbfmc_interfaces__rosidl_typesupport_introspection_c.so
[3.814s] -- Set runtime path of "/home/kyrgios/Documents/bfmc_ws/install/bfmc_interfaces/lib/libbfmc_interfaces__rosidl_typesupport_introspection_c.so" to ""
[3.814s] -- Installing: /home/kyrgios/Documents/bfmc_ws/install/bfmc_interfaces/lib/libbfmc_interfaces__rosidl_typesupport_c.so
[3.815s] -- Set runtime path of "/home/kyrgios/Documents/bfmc_ws/install/bfmc_interfaces/lib/libbfmc_interfaces__rosidl_typesupport_c.so" to ""
[3.815s] -- Up-to-date: /home/kyrgios/Documents/bfmc_ws/install/bfmc_interfaces/include/bfmc_interfaces/bfmc_interfaces
[3.815s] -- Up-to-date: /home/kyrgios/Documents/bfmc_ws/install/bfmc_interfaces/include/bfmc_interfaces/bfmc_interfaces/msg
[3.815s] -- Installing: /home/kyrgios/Documents/bfmc_ws/install/bfmc_interfaces/include/bfmc_interfaces/bfmc_interfaces/msg/serial_status.hpp
[3.815s] -- Installing: /home/kyrgios/Documents/bfmc_ws/install/bfmc_interfaces/include/bfmc_interfaces/bfmc_interfaces/msg/lane_info.hpp
[3.815s] -- Installing: /home/kyrgios/Documents/bfmc_ws/install/bfmc_interfaces/include/bfmc_interfaces/bfmc_interfaces/msg/control.hpp
[3.815s] -- Up-to-date: /home/kyrgios/Documents/bfmc_ws/install/bfmc_interfaces/include/bfmc_interfaces/bfmc_interfaces/msg/detail
[3.815s] -- Installing: /home/kyrgios/Documents/bfmc_ws/install/bfmc_interfaces/include/bfmc_interfaces/bfmc_interfaces/msg/detail/control__type_support.hpp
[3.815s] -- Installing: /home/kyrgios/Documents/bfmc_ws/install/bfmc_interfaces/include/bfmc_interfaces/bfmc_interfaces/msg/detail/serial_status__traits.hpp
[3.815s] -- Installing: /home/kyrgios/Documents/bfmc_ws/install/bfmc_interfaces/include/bfmc_interfaces/bfmc_interfaces/msg/detail/serial_status__type_support.hpp
[3.816s] -- Installing: /home/kyrgios/Documents/bfmc_ws/install/bfmc_interfaces/include/bfmc_interfaces/bfmc_interfaces/msg/detail/serial_status__builder.hpp
[3.816s] -- Installing: /home/kyrgios/Documents/bfmc_ws/install/bfmc_interfaces/include/bfmc_interfaces/bfmc_interfaces/msg/detail/lane_info__type_support.hpp
[3.816s] -- Installing: /home/kyrgios/Documents/bfmc_ws/install/bfmc_interfaces/include/bfmc_interfaces/bfmc_interfaces/msg/detail/control__builder.hpp
[3.816s] -- Installing: /home/kyrgios/Documents/bfmc_ws/install/bfmc_interfaces/include/bfmc_interfaces/bfmc_interfaces/msg/detail/serial_status__struct.hpp
[3.816s] -- Installing: /home/kyrgios/Documents/bfmc_ws/install/bfmc_interfaces/include/bfmc_interfaces/bfmc_interfaces/msg/detail/control__struct.hpp
[3.816s] -- Installing: /home/kyrgios/Documents/bfmc_ws/install/bfmc_interfaces/include/bfmc_interfaces/bfmc_interfaces/msg/detail/control__traits.hpp
[3.816s] -- Installing: /home/kyrgios/Documents/bfmc_ws/install/bfmc_interfaces/include/bfmc_interfaces/bfmc_interfaces/msg/detail/lane_info__struct.hpp
[3.816s] -- Installing: /home/kyrgios/Documents/bfmc_ws/install/bfmc_interfaces/include/bfmc_interfaces/bfmc_interfaces/msg/detail/lane_info__builder.hpp
[3.816s] -- Installing: /home/kyrgios/Documents/bfmc_ws/install/bfmc_interfaces/include/bfmc_interfaces/bfmc_interfaces/msg/detail/lane_info__traits.hpp
[3.816s] -- Installing: /home/kyrgios/Documents/bfmc_ws/install/bfmc_interfaces/include/bfmc_interfaces/bfmc_interfaces/msg/rosidl_generator_cpp__visibility_control.hpp
[3.817s] -- Up-to-date: /home/kyrgios/Documents/bfmc_ws/install/bfmc_interfaces/include/bfmc_interfaces/bfmc_interfaces
[3.817s] -- Up-to-date: /home/kyrgios/Documents/bfmc_ws/install/bfmc_interfaces/include/bfmc_interfaces/bfmc_interfaces/msg
[3.817s] -- Installing: /home/kyrgios/Documents/bfmc_ws/install/bfmc_interfaces/include/bfmc_interfaces/bfmc_interfaces/msg/rosidl_typesupport_fastrtps_cpp__visibility_control.h
[3.817s] -- Up-to-date: /home/kyrgios/Documents/bfmc_ws/install/bfmc_interfaces/include/bfmc_interfaces/bfmc_interfaces/msg/detail
[3.817s] -- Installing: /home/kyrgios/Documents/bfmc_ws/install/bfmc_interfaces/include/bfmc_interfaces/bfmc_interfaces/msg/detail/serial_status__rosidl_typesupport_fastrtps_cpp.hpp
[3.817s] -- Installing: /home/kyrgios/Documents/bfmc_ws/install/bfmc_interfaces/include/bfmc_interfaces/bfmc_interfaces/msg/detail/lane_info__rosidl_typesupport_fastrtps_cpp.hpp
[3.817s] -- Installing: /home/kyrgios/Documents/bfmc_ws/install/bfmc_interfaces/include/bfmc_interfaces/bfmc_interfaces/msg/detail/control__rosidl_typesupport_fastrtps_cpp.hpp
[3.817s] -- Installing: /home/kyrgios/Documents/bfmc_ws/install/bfmc_interfaces/include/bfmc_interfaces/bfmc_interfaces/msg/detail/dds_fastrtps
[3.817s] -- Installing: /home/kyrgios/Documents/bfmc_ws/install/bfmc_interfaces/lib/libbfmc_interfaces__rosidl_typesupport_fastrtps_cpp.so
[3.818s] -- Set runtime path of "/home/kyrgios/Documents/bfmc_ws/install/bfmc_interfaces/lib/libbfmc_interfaces__rosidl_typesupport_fastrtps_cpp.so" to ""
[3.818s] -- Up-to-date: /home/kyrgios/Documents/bfmc_ws/install/bfmc_interfaces/include/bfmc_interfaces/bfmc_interfaces
[3.818s] -- Up-to-date: /home/kyrgios/Documents/bfmc_ws/install/bfmc_interfaces/include/bfmc_interfaces/bfmc_interfaces/msg
[3.818s] -- Up-to-date: /home/kyrgios/Documents/bfmc_ws/install/bfmc_interfaces/include/bfmc_interfaces/bfmc_interfaces/msg/detail
[3.818s] -- Installing: /home/kyrgios/Documents/bfmc_ws/install/bfmc_interfaces/include/bfmc_interfaces/bfmc_interfaces/msg/detail/serial_status__type_support.cpp
[3.818s] -- Installing: /home/kyrgios/Documents/bfmc_ws/install/bfmc_interfaces/include/bfmc_interfaces/bfmc_interfaces/msg/detail/control__type_support.cpp
[3.818s] -- Installing: /home/kyrgios/Documents/bfmc_ws/install/bfmc_interfaces/include/bfmc_interfaces/bfmc_interfaces/msg/detail/serial_status__rosidl_typesupport_introspection_cpp.hpp
[3.818s] -- Installing: /home/kyrgios/Documents/bfmc_ws/install/bfmc_interfaces/include/bfmc_interfaces/bfmc_interfaces/msg/detail/control__rosidl_typesupport_introspection_cpp.hpp
[3.818s] -- Installing: /home/kyrgios/Documents/bfmc_ws/install/bfmc_interfaces/include/bfmc_interfaces/bfmc_interfaces/msg/detail/lane_info__type_support.cpp
[3.818s] -- Installing: /home/kyrgios/Documents/bfmc_ws/install/bfmc_interfaces/include/bfmc_interfaces/bfmc_interfaces/msg/detail/lane_info__rosidl_typesupport_introspection_cpp.hpp
[3.818s] -- Installing: /home/kyrgios/Documents/bfmc_ws/install/bfmc_interfaces/lib/libbfmc_interfaces__rosidl_typesupport_introspection_cpp.so
[3.819s] -- Set runtime path of "/home/kyrgios/Documents/bfmc_ws/install/bfmc_interfaces/lib/libbfmc_interfaces__rosidl_typesupport_introspection_cpp.so" to ""
[3.819s] -- Installing: /home/kyrgios/Documents/bfmc_ws/install/bfmc_interfaces/lib/libbfmc_interfaces__rosidl_typesupport_cpp.so
[3.819s] -- Set runtime path of "/home/kyrgios/Documents/bfmc_ws/install/bfmc_interfaces/lib/libbfmc_interfaces__rosidl_typesupport_cpp.so" to ""
[3.819s] -- Installing: /home/kyrgios/Documents/bfmc_ws/install/bfmc_interfaces/share/bfmc_interfaces/environment/pythonpath.sh
[3.819s] -- Installing: /home/kyrgios/Documents/bfmc_ws/install/bfmc_interfaces/share/bfmc_interfaces/environment/pythonpath.dsv
[3.819s] -- Installing: /home/kyrgios/Documents/bfmc_ws/install/bfmc_interfaces/local/lib/python3.10/dist-packages/bfmc_interfaces-0.0.0-py3.10.egg-info
[3.820s] -- Installing: /home/kyrgios/Documents/bfmc_ws/install/bfmc_interfaces/local/lib/python3.10/dist-packages/bfmc_interfaces-0.0.0-py3.10.egg-info/top_level.txt
[3.820s] -- Installing: /home/kyrgios/Documents/bfmc_ws/install/bfmc_interfaces/local/lib/python3.10/dist-packages/bfmc_interfaces-0.0.0-py3.10.egg-info/SOURCES.txt
[3.820s] -- Installing: /home/kyrgios/Documents/bfmc_ws/install/bfmc_interfaces/local/lib/python3.10/dist-packages/bfmc_interfaces-0.0.0-py3.10.egg-info/PKG-INFO
[3.820s] -- Installing: /home/kyrgios/Documents/bfmc_ws/install/bfmc_interfaces/local/lib/python3.10/dist-packages/bfmc_interfaces-0.0.0-py3.10.egg-info/dependency_links.txt
[3.820s] -- Installing: /home/kyrgios/Documents/bfmc_ws/install/bfmc_interfaces/local/lib/python3.10/dist-packages/bfmc_interfaces
[3.820s] -- Installing: /home/kyrgios/Documents/bfmc_ws/install/bfmc_interfaces/local/lib/python3.10/dist-packages/bfmc_interfaces/_bfmc_interfaces_s.ep.rosidl_typesupport_c.c
[3.821s] -- Installing: /home/kyrgios/Documents/bfmc_ws/install/bfmc_interfaces/local/lib/python3.10/dist-packages/bfmc_interfaces/msg
[3.821s] -- Installing: /home/kyrgios/Documents/bfmc_ws/install/bfmc_interfaces/local/lib/python3.10/dist-packages/bfmc_interfaces/msg/_control.py
[3.821s] -- Installing: /home/kyrgios/Documents/bfmc_ws/install/bfmc_interfaces/local/lib/python3.10/dist-packages/bfmc_interfaces/msg/_control_s.c
[3.821s] -- Installing: /home/kyrgios/Documents/bfmc_ws/install/bfmc_interfaces/local/lib/python3.10/dist-packages/bfmc_interfaces/msg/_serial_status_s.c
[3.821s] -- Installing: /home/kyrgios/Documents/bfmc_ws/install/bfmc_interfaces/local/lib/python3.10/dist-packages/bfmc_interfaces/msg/_serial_status.py
[3.821s] -- Installing: /home/kyrgios/Documents/bfmc_ws/install/bfmc_interfaces/local/lib/python3.10/dist-packages/bfmc_interfaces/msg/_lane_info_s.c
[3.821s] -- Installing: /home/kyrgios/Documents/bfmc_ws/install/bfmc_interfaces/local/lib/python3.10/dist-packages/bfmc_interfaces/msg/__init__.py
[3.821s] -- Installing: /home/kyrgios/Documents/bfmc_ws/install/bfmc_interfaces/local/lib/python3.10/dist-packages/bfmc_interfaces/msg/_lane_info.py
[3.822s] -- Installing: /home/kyrgios/Documents/bfmc_ws/install/bfmc_interfaces/local/lib/python3.10/dist-packages/bfmc_interfaces/bfmc_interfaces_s__rosidl_typesupport_introspection_c.cpython-310-x86_64-linux-gnu.so
[3.822s] -- Installing: /home/kyrgios/Documents/bfmc_ws/install/bfmc_interfaces/local/lib/python3.10/dist-packages/bfmc_interfaces/bfmc_interfaces_s__rosidl_typesupport_c.cpython-310-x86_64-linux-gnu.so
[3.822s] -- Installing: /home/kyrgios/Documents/bfmc_ws/install/bfmc_interfaces/local/lib/python3.10/dist-packages/bfmc_interfaces/bfmc_interfaces_s__rosidl_typesupport_fastrtps_c.cpython-310-x86_64-linux-gnu.so
[3.822s] -- Installing: /home/kyrgios/Documents/bfmc_ws/install/bfmc_interfaces/local/lib/python3.10/dist-packages/bfmc_interfaces/__init__.py
[3.822s] -- Installing: /home/kyrgios/Documents/bfmc_ws/install/bfmc_interfaces/local/lib/python3.10/dist-packages/bfmc_interfaces/_bfmc_interfaces_s.ep.rosidl_typesupport_introspection_c.c
[3.822s] -- Installing: /home/kyrgios/Documents/bfmc_ws/install/bfmc_interfaces/local/lib/python3.10/dist-packages/bfmc_interfaces/_bfmc_interfaces_s.ep.rosidl_typesupport_fastrtps_c.c
[3.822s] -- Installing: /home/kyrgios/Documents/bfmc_ws/install/bfmc_interfaces/local/lib/python3.10/dist-packages/bfmc_interfaces/libbfmc_interfaces__rosidl_generator_py.so
[3.851s] Listing '/home/kyrgios/Documents/bfmc_ws/install/bfmc_interfaces/local/lib/python3.10/dist-packages/bfmc_interfaces'...
[3.852s] Compiling '/home/kyrgios/Documents/bfmc_ws/install/bfmc_interfaces/local/lib/python3.10/dist-packages/bfmc_interfaces/__init__.py'...
[3.852s] Listing '/home/kyrgios/Documents/bfmc_ws/install/bfmc_interfaces/local/lib/python3.10/dist-packages/bfmc_interfaces/msg'...
[3.852s] Compiling '/home/kyrgios/Documents/bfmc_ws/install/bfmc_interfaces/local/lib/python3.10/dist-packages/bfmc_interfaces/msg/__init__.py'...
[3.852s] Compiling '/home/kyrgios/Documents/bfmc_ws/install/bfmc_interfaces/local/lib/python3.10/dist-packages/bfmc_interfaces/msg/_control.py'...
[3.852s] Compiling '/home/kyrgios/Documents/bfmc_ws/install/bfmc_interfaces/local/lib/python3.10/dist-packages/bfmc_interfaces/msg/_lane_info.py'...
[3.852s] Compiling '/home/kyrgios/Documents/bfmc_ws/install/bfmc_interfaces/local/lib/python3.10/dist-packages/bfmc_interfaces/msg/_serial_status.py'...
[3.855s] -- Installing: /home/kyrgios/Documents/bfmc_ws/install/bfmc_interfaces/local/lib/python3.10/dist-packages/bfmc_interfaces/bfmc_interfaces_s__rosidl_typesupport_fastrtps_c.cpython-310-x86_64-linux-gnu.so
[3.856s] -- Set runtime path of "/home/kyrgios/Documents/bfmc_ws/install/bfmc_interfaces/local/lib/python3.10/dist-packages/bfmc_interfaces/bfmc_interfaces_s__rosidl_typesupport_fastrtps_c.cpython-310-x86_64-linux-gnu.so" to ""
[3.856s] -- Installing: /home/kyrgios/Documents/bfmc_ws/install/bfmc_interfaces/local/lib/python3.10/dist-packages/bfmc_interfaces/bfmc_interfaces_s__rosidl_typesupport_introspection_c.cpython-310-x86_64-linux-gnu.so
[3.856s] -- Set runtime path of "/home/kyrgios/Documents/bfmc_ws/install/bfmc_interfaces/local/lib/python3.10/dist-packages/bfmc_interfaces/bfmc_interfaces_s__rosidl_typesupport_introspection_c.cpython-310-x86_64-linux-gnu.so" to ""
[3.857s] -- Installing: /home/kyrgios/Documents/bfmc_ws/install/bfmc_interfaces/local/lib/python3.10/dist-packages/bfmc_interfaces/bfmc_interfaces_s__rosidl_typesupport_c.cpython-310-x86_64-linux-gnu.so
[3.857s] -- Set runtime path of "/home/kyrgios/Documents/bfmc_ws/install/bfmc_interfaces/local/lib/python3.10/dist-packages/bfmc_interfaces/bfmc_interfaces_s__rosidl_typesupport_c.cpython-310-x86_64-linux-gnu.so" to ""
[3.857s] -- Installing: /home/kyrgios/Documents/bfmc_ws/install/bfmc_interfaces/lib/libbfmc_interfaces__rosidl_generator_py.so
[3.857s] -- Set runtime path of "/home/kyrgios/Documents/bfmc_ws/install/bfmc_interfaces/lib/libbfmc_interfaces__rosidl_generator_py.so" to ""
[3.857s] -- Installing: /home/kyrgios/Documents/bfmc_ws/install/bfmc_interfaces/share/bfmc_interfaces/msg/Control.idl
[3.858s] -- Installing: /home/kyrgios/Documents/bfmc_ws/install/bfmc_interfaces/share/bfmc_interfaces/msg/LaneInfo.idl
[3.858s] -- Installing: /home/kyrgios/Documents/bfmc_ws/install/bfmc_interfaces/share/bfmc_interfaces/msg/SerialStatus.idl
[3.858s] -- Installing: /home/kyrgios/Documents/bfmc_ws/install/bfmc_interfaces/share/bfmc_interfaces/msg/Control.msg
[3.858s] -- Installing: /home/kyrgios/Documents/bfmc_ws/install/bfmc_interfaces/share/bfmc_interfaces/msg/LaneInfo.msg
[3.858s] -- Installing: /home/kyrgios/Documents/bfmc_ws/install/bfmc_interfaces/share/bfmc_interfaces/msg/SerialStatus.msg
[3.858s] -- Installing: /home/kyrgios/Documents/bfmc_ws/install/bfmc_interfaces/share/ament_index/resource_index/package_run_dependencies/bfmc_interfaces
[3.859s] -- Installing: /home/kyrgios/Documents/bfmc_ws/install/bfmc_interfaces/share/ament_index/resource_index/parent_prefix_path/bfmc_interfaces
[3.859s] -- Installing: /home/kyrgios/Documents/bfmc_ws/install/bfmc_interfaces/share/bfmc_interfaces/environment/ament_prefix_path.sh
[3.859s] -- Installing: /home/kyrgios/Documents/bfmc_ws/install/bfmc_interfaces/share/bfmc_interfaces/environment/ament_prefix_path.dsv
[3.859s] -- Installing: /home/kyrgios/Documents/bfmc_ws/install/bfmc_interfaces/share/bfmc_interfaces/environment/path.sh
[3.859s] -- Installing: /home/kyrgios/Documents/bfmc_ws/install/bfmc_interfaces/share/bfmc_interfaces/environment/path.dsv
[3.859s] -- Installing: /home/kyrgios/Documents/bfmc_ws/install/bfmc_interfaces/share/bfmc_interfaces/local_setup.bash
[3.859s] -- Installing: /home/kyrgios/Documents/bfmc_ws/install/bfmc_interfaces/share/bfmc_interfaces/local_setup.sh
[3.860s] -- Installing: /home/kyrgios/Documents/bfmc_ws/install/bfmc_interfaces/share/bfmc_interfaces/local_setup.zsh
[3.860s] -- Installing: /home/kyrgios/Documents/bfmc_ws/install/bfmc_interfaces/share/bfmc_interfaces/local_setup.dsv
[3.860s] -- Installing: /home/kyrgios/Documents/bfmc_ws/install/bfmc_interfaces/share/bfmc_interfaces/package.dsv
[3.860s] -- Installing: /home/kyrgios/Documents/bfmc_ws/install/bfmc_interfaces/share/ament_index/resource_index/packages/bfmc_interfaces
[3.860s] -- Installing: /home/kyrgios/Documents/bfmc_ws/install/bfmc_interfaces/share/bfmc_interfaces/cmake/export_bfmc_interfaces__rosidl_generator_cExport.cmake
[3.860s] -- Installing: /home/kyrgios/Documents/bfmc_ws/install/bfmc_interfaces/share/bfmc_interfaces/cmake/export_bfmc_interfaces__rosidl_generator_cExport-noconfig.cmake
[3.861s] -- Installing: /home/kyrgios/Documents/bfmc_ws/install/bfmc_interfaces/share/bfmc_interfaces/cmake/export_bfmc_interfaces__rosidl_typesupport_fastrtps_cExport.cmake
[3.861s] -- Installing: /home/kyrgios/Documents/bfmc_ws/install/bfmc_interfaces/share/bfmc_interfaces/cmake/export_bfmc_interfaces__rosidl_typesupport_fastrtps_cExport-noconfig.cmake
[3.861s] -- Installing: /home/kyrgios/Documents/bfmc_ws/install/bfmc_interfaces/share/bfmc_interfaces/cmake/bfmc_interfaces__rosidl_typesupport_introspection_cExport.cmake
[3.861s] -- Installing: /home/kyrgios/Documents/bfmc_ws/install/bfmc_interfaces/share/bfmc_interfaces/cmake/bfmc_interfaces__rosidl_typesupport_introspection_cExport-noconfig.cmake
[3.861s] -- Installing: /home/kyrgios/Documents/bfmc_ws/install/bfmc_interfaces/share/bfmc_interfaces/cmake/bfmc_interfaces__rosidl_typesupport_cExport.cmake
[3.861s] -- Installing: /home/kyrgios/Documents/bfmc_ws/install/bfmc_interfaces/share/bfmc_interfaces/cmake/bfmc_interfaces__rosidl_typesupport_cExport-noconfig.cmake
[3.861s] -- Installing: /home/kyrgios/Documents/bfmc_ws/install/bfmc_interfaces/share/bfmc_interfaces/cmake/export_bfmc_interfaces__rosidl_generator_cppExport.cmake
[3.862s] -- Installing: /home/kyrgios/Documents/bfmc_ws/install/bfmc_interfaces/share/bfmc_interfaces/cmake/export_bfmc_interfaces__rosidl_typesupport_fastrtps_cppExport.cmake
[3.862s] -- Installing: /home/kyrgios/Documents/bfmc_ws/install/bfmc_interfaces/share/bfmc_interfaces/cmake/export_bfmc_interfaces__rosidl_typesupport_fastrtps_cppExport-noconfig.cmake
[3.862s] -- Installing: /home/kyrgios/Documents/bfmc_ws/install/bfmc_interfaces/share/bfmc_interfaces/cmake/bfmc_interfaces__rosidl_typesupport_introspection_cppExport.cmake
[3.862s] -- Installing: /home/kyrgios/Documents/bfmc_ws/install/bfmc_interfaces/share/bfmc_interfaces/cmake/bfmc_interfaces__rosidl_typesupport_introspection_cppExport-noconfig.cmake
[3.862s] -- Installing: /home/kyrgios/Documents/bfmc_ws/install/bfmc_interfaces/share/bfmc_interfaces/cmake/bfmc_interfaces__rosidl_typesupport_cppExport.cmake
[3.862s] -- Installing: /home/kyrgios/Documents/bfmc_ws/install/bfmc_interfaces/share/bfmc_interfaces/cmake/bfmc_interfaces__rosidl_typesupport_cppExport-noconfig.cmake
[3.863s] -- Installing: /home/kyrgios/Documents/bfmc_ws/install/bfmc_interfaces/share/bfmc_interfaces/cmake/export_bfmc_interfaces__rosidl_generator_pyExport.cmake
[3.863s] -- Installing: /home/kyrgios/Documents/bfmc_ws/install/bfmc_interfaces/share/bfmc_interfaces/cmake/export_bfmc_interfaces__rosidl_generator_pyExport-noconfig.cmake
[3.863s] -- Installing: /home/kyrgios/Documents/bfmc_ws/install/bfmc_interfaces/share/bfmc_interfaces/cmake/rosidl_cmake-extras.cmake
[3.863s] -- Installing: /home/kyrgios/Documents/bfmc_ws/install/bfmc_interfaces/share/bfmc_interfaces/cmake/ament_cmake_export_include_directories-extras.cmake
[3.863s] -- Installing: /home/kyrgios/Documents/bfmc_ws/install/bfmc_interfaces/share/bfmc_interfaces/cmake/ament_cmake_export_libraries-extras.cmake
[3.863s] -- Installing: /home/kyrgios/Documents/bfmc_ws/install/bfmc_interfaces/share/bfmc_interfaces/cmake/ament_cmake_export_targets-extras.cmake
[3.863s] -- Installing: /home/kyrgios/Documents/bfmc_ws/install/bfmc_interfaces/share/bfmc_interfaces/cmake/rosidl_cmake_export_typesupport_targets-extras.cmake
[3.863s] -- Installing: /home/kyrgios/Documents/bfmc_ws/install/bfmc_interfaces/share/bfmc_interfaces/cmake/ament_cmake_export_dependencies-extras.cmake
[3.864s] -- Installing: /home/kyrgios/Documents/bfmc_ws/install/bfmc_interfaces/share/bfmc_interfaces/cmake/rosidl_cmake_export_typesupport_libraries-extras.cmake
[3.864s] -- Installing: /home/kyrgios/Documents/bfmc_ws/install/bfmc_interfaces/share/bfmc_interfaces/cmake/bfmc_interfacesConfig.cmake
[3.864s] -- Installing: /home/kyrgios/Documents/bfmc_ws/install/bfmc_interfaces/share/bfmc_interfaces/cmake/bfmc_interfacesConfig-version.cmake
[3.864s] -- Installing: /home/kyrgios/Documents/bfmc_ws/install/bfmc_interfaces/share/bfmc_interfaces/package.xml
[3.867s] Invoked command in '/home/kyrgios/Documents/bfmc_ws/build/bfmc_interfaces' returned '0': CMAKE_PREFIX_PATH=${CMAKE_PREFIX_PATH}:/home/kyrgios/Documents/bfmc_ws/install/bfmc_perception:/home/kyrgios/Documents/bfmc_ws/install/bfmc_launch:/home/kyrgios/Documents/bfmc_ws/install/bfmc_hardware:/home/kyrgios/Documents/bfmc_ws/install/bfmc_brain:/opt/ros/humble /usr/bin/cmake --install /home/kyrgios/Documents/bfmc_ws/build/bfmc_interfaces
