[0.718s] Invoking command in '/home/kyrgios/Documents/bfmc_ws/src/bfmc_perception': PYTHONPATH=/home/kyrgios/Documents/bfmc_ws/build/bfmc_perception/prefix_override:/usr/lib/python3/dist-packages/colcon_core/task/python/colcon_distutils_commands:/home/kyrgios/Documents/bfmc_ws/install/bfmc_perception/lib/python3.10/site-packages:${PYTHONPATH} /usr/bin/python3 -W ignore:setup.py install is deprecated -W ignore:easy_install command is deprecated setup.py egg_info --egg-base ../../build/bfmc_perception build --build-base /home/kyrgios/Documents/bfmc_ws/build/bfmc_perception/build install --record /home/kyrgios/Documents/bfmc_ws/build/bfmc_perception/install.log --single-version-externally-managed install_data
[0.895s] running egg_info
[0.896s] writing ../../build/bfmc_perception/bfmc_perception.egg-info/PKG-INFO
[0.896s] writing dependency_links to ../../build/bfmc_perception/bfmc_perception.egg-info/dependency_links.txt
[0.896s] writing entry points to ../../build/bfmc_perception/bfmc_perception.egg-info/entry_points.txt
[0.896s] writing requirements to ../../build/bfmc_perception/bfmc_perception.egg-info/requires.txt
[0.896s] writing top-level names to ../../build/bfmc_perception/bfmc_perception.egg-info/top_level.txt
[0.897s] reading manifest file '../../build/bfmc_perception/bfmc_perception.egg-info/SOURCES.txt'
[0.898s] writing manifest file '../../build/bfmc_perception/bfmc_perception.egg-info/SOURCES.txt'
[0.898s] running build
[0.898s] running build_py
[0.898s] running install
[0.899s] running install_lib
[0.900s] running install_data
[0.901s] running install_egg_info
[0.902s] removing '/home/kyrgios/Documents/bfmc_ws/install/bfmc_perception/lib/python3.10/site-packages/bfmc_perception-0.0.0-py3.10.egg-info' (and everything under it)
[0.902s] Copying ../../build/bfmc_perception/bfmc_perception.egg-info to /home/kyrgios/Documents/bfmc_ws/install/bfmc_perception/lib/python3.10/site-packages/bfmc_perception-0.0.0-py3.10.egg-info
[0.903s] running install_scripts
[0.918s] Installing lane_detector script to /home/kyrgios/Documents/bfmc_ws/install/bfmc_perception/lib/bfmc_perception
[0.918s] writing list of installed files to '/home/kyrgios/Documents/bfmc_ws/build/bfmc_perception/install.log'
[0.942s] Invoked command in '/home/kyrgios/Documents/bfmc_ws/src/bfmc_perception' returned '0': PYTHONPATH=/home/kyrgios/Documents/bfmc_ws/build/bfmc_perception/prefix_override:/usr/lib/python3/dist-packages/colcon_core/task/python/colcon_distutils_commands:/home/kyrgios/Documents/bfmc_ws/install/bfmc_perception/lib/python3.10/site-packages:${PYTHONPATH} /usr/bin/python3 -W ignore:setup.py install is deprecated -W ignore:easy_install command is deprecated setup.py egg_info --egg-base ../../build/bfmc_perception build --build-base /home/kyrgios/Documents/bfmc_ws/build/bfmc_perception/build install --record /home/kyrgios/Documents/bfmc_ws/build/bfmc_perception/install.log --single-version-externally-managed install_data
