[0.464s] Invoking command in '/home/kyrgios/Documents/bfmc_ws/src/bfmc_perception': PYTHONPATH=/home/kyrgios/Documents/bfmc_ws/build/bfmc_perception/prefix_override:/usr/lib/python3/dist-packages/colcon_core/task/python/colcon_distutils_commands:/home/kyrgios/Documents/bfmc_ws/install/bfmc_perception/lib/python3.10/site-packages:${PYTHONPATH} /usr/bin/python3 -W ignore:setup.py install is deprecated -W ignore:easy_install command is deprecated setup.py egg_info --egg-base ../../build/bfmc_perception build --build-base /home/kyrgios/Documents/bfmc_ws/build/bfmc_perception/build install --record /home/kyrgios/Documents/bfmc_ws/build/bfmc_perception/install.log --single-version-externally-managed install_data
[0.632s] running egg_info
[0.633s] creating ../../build/bfmc_perception/bfmc_perception.egg-info
[0.633s] writing ../../build/bfmc_perception/bfmc_perception.egg-info/PKG-INFO
[0.633s] writing dependency_links to ../../build/bfmc_perception/bfmc_perception.egg-info/dependency_links.txt
[0.633s] writing entry points to ../../build/bfmc_perception/bfmc_perception.egg-info/entry_points.txt
[0.633s] writing requirements to ../../build/bfmc_perception/bfmc_perception.egg-info/requires.txt
[0.633s] writing top-level names to ../../build/bfmc_perception/bfmc_perception.egg-info/top_level.txt
[0.634s] writing manifest file '../../build/bfmc_perception/bfmc_perception.egg-info/SOURCES.txt'
[0.634s] reading manifest file '../../build/bfmc_perception/bfmc_perception.egg-info/SOURCES.txt'
[0.636s] writing manifest file '../../build/bfmc_perception/bfmc_perception.egg-info/SOURCES.txt'
[0.636s] running build
[0.636s] running build_py
[0.636s] creating /home/kyrgios/Documents/bfmc_ws/build/bfmc_perception/build
[0.636s] creating /home/kyrgios/Documents/bfmc_ws/build/bfmc_perception/build/lib
[0.636s] creating /home/kyrgios/Documents/bfmc_ws/build/bfmc_perception/build/lib/bfmc_perception
[0.636s] copying bfmc_perception/__init__.py -> /home/kyrgios/Documents/bfmc_ws/build/bfmc_perception/build/lib/bfmc_perception
[0.636s] copying bfmc_perception/lane_detect.py -> /home/kyrgios/Documents/bfmc_ws/build/bfmc_perception/build/lib/bfmc_perception
[0.636s] copying bfmc_perception/lane_detector_node.py -> /home/kyrgios/Documents/bfmc_ws/build/bfmc_perception/build/lib/bfmc_perception
[0.636s] running install
[0.637s] running install_lib
[0.637s] creating /home/kyrgios/Documents/bfmc_ws/install/bfmc_perception/lib/python3.10/site-packages/bfmc_perception
[0.637s] copying /home/kyrgios/Documents/bfmc_ws/build/bfmc_perception/build/lib/bfmc_perception/__init__.py -> /home/kyrgios/Documents/bfmc_ws/install/bfmc_perception/lib/python3.10/site-packages/bfmc_perception
[0.637s] copying /home/kyrgios/Documents/bfmc_ws/build/bfmc_perception/build/lib/bfmc_perception/lane_detect.py -> /home/kyrgios/Documents/bfmc_ws/install/bfmc_perception/lib/python3.10/site-packages/bfmc_perception
[0.638s] copying /home/kyrgios/Documents/bfmc_ws/build/bfmc_perception/build/lib/bfmc_perception/lane_detector_node.py -> /home/kyrgios/Documents/bfmc_ws/install/bfmc_perception/lib/python3.10/site-packages/bfmc_perception
[0.638s] byte-compiling /home/kyrgios/Documents/bfmc_ws/install/bfmc_perception/lib/python3.10/site-packages/bfmc_perception/__init__.py to __init__.cpython-310.pyc
[0.638s] byte-compiling /home/kyrgios/Documents/bfmc_ws/install/bfmc_perception/lib/python3.10/site-packages/bfmc_perception/lane_detect.py to lane_detect.cpython-310.pyc
[0.640s] byte-compiling /home/kyrgios/Documents/bfmc_ws/install/bfmc_perception/lib/python3.10/site-packages/bfmc_perception/lane_detector_node.py to lane_detector_node.cpython-310.pyc
[0.640s] running install_data
[0.640s] creating /home/kyrgios/Documents/bfmc_ws/install/bfmc_perception/share/ament_index
[0.640s] creating /home/kyrgios/Documents/bfmc_ws/install/bfmc_perception/share/ament_index/resource_index
[0.641s] creating /home/kyrgios/Documents/bfmc_ws/install/bfmc_perception/share/ament_index/resource_index/packages
[0.641s] copying resource/bfmc_perception -> /home/kyrgios/Documents/bfmc_ws/install/bfmc_perception/share/ament_index/resource_index/packages
[0.641s] copying package.xml -> /home/kyrgios/Documents/bfmc_ws/install/bfmc_perception/share/bfmc_perception
[0.641s] running install_egg_info
[0.642s] Copying ../../build/bfmc_perception/bfmc_perception.egg-info to /home/kyrgios/Documents/bfmc_ws/install/bfmc_perception/lib/python3.10/site-packages/bfmc_perception-0.0.0-py3.10.egg-info
[0.643s] running install_scripts
[0.658s] Installing lane_detector script to /home/kyrgios/Documents/bfmc_ws/install/bfmc_perception/lib/bfmc_perception
[0.658s] writing list of installed files to '/home/kyrgios/Documents/bfmc_ws/build/bfmc_perception/install.log'
[0.678s] Invoked command in '/home/kyrgios/Documents/bfmc_ws/src/bfmc_perception' returned '0': PYTHONPATH=/home/kyrgios/Documents/bfmc_ws/build/bfmc_perception/prefix_override:/usr/lib/python3/dist-packages/colcon_core/task/python/colcon_distutils_commands:/home/kyrgios/Documents/bfmc_ws/install/bfmc_perception/lib/python3.10/site-packages:${PYTHONPATH} /usr/bin/python3 -W ignore:setup.py install is deprecated -W ignore:easy_install command is deprecated setup.py egg_info --egg-base ../../build/bfmc_perception build --build-base /home/kyrgios/Documents/bfmc_ws/build/bfmc_perception/build install --record /home/kyrgios/Documents/bfmc_ws/build/bfmc_perception/install.log --single-version-externally-managed install_data
